[0.007s] Invoking command in '/home/adithya/gz_ws/build/teleop_collision': CMAKE_PREFIX_PATH=/opt/ros/humble /usr/bin/cmake --build /home/adithya/gz_ws/build/teleop_collision -- -j16 -l16
[0.052s] [35m[1mConsolidate compiler generated dependencies of target teleop_collision[0m
[0.072s] [ 50%] [32mBuilding CXX object CMakeFiles/teleop_collision.dir/src/teleop_collision.cpp.o[0m
[4.196s] [01m[K/home/adithya/gz_ws/src/teleop_collision/src/teleop_collision.cpp:237:27:[m[K [01;31m[Kerror: [m[K‘[01m[Kcontrol_msgs[m[K’ was not declared in this scope
[4.197s]   237 |     rclcpp_action::Client<[01;31m[Kcontrol_msgs[m[K::action::GripperCommand>::SharedPtr gripper_client_;
[4.197s]       |                           [01;31m[K^~~~~~~~~~~~[m[K
[4.197s] [01m[K/home/adithya/gz_ws/src/teleop_collision/src/teleop_collision.cpp:237:63:[m[K [01;31m[Kerror: [m[Ktemplate argument 1 is invalid
[4.197s]   237 |   rclcpp_action::Client<control_msgs::action::GripperCommand[01;31m[K>[m[K::SharedPtr gripper_client_;
[4.197s]       |                                                             [01;31m[K^[m[K
[4.197s] 
[4.197s] [01m[K/home/adithya/gz_ws/src/teleop_collision/src/teleop_collision.cpp:237:66:[m[K [01;31m[Kerror: [m[Kexpected ‘[01m[K;[m[K’ at end of member declaration
[4.197s]   237 | clcpp_action::Client<control_msgs::action::GripperCommand>::[01;31m[KSharedPtr[m[K gripper_client_;
[4.197s]       |                                                             [01;31m[K^~~~~~~~~[m[K
[4.197s]       |                                                                      [32m[K;[m[K
[4.201s] [01m[K/home/adithya/gz_ws/src/teleop_collision/src/teleop_collision.cpp:237:76:[m[K [01;31m[Kerror: [m[K‘[01m[Kgripper_client_[m[K’ does not name a type
[4.201s]   237 | on::Client<control_msgs::action::GripperCommand>::SharedPtr [01;31m[Kgripper_client_[m[K;
[4.201s]       |                                                             [01;31m[K^~~~~~~~~~~~~~~[m[K
[4.201s] 
[4.235s] [01m[K/home/adithya/gz_ws/src/teleop_collision/src/teleop_collision.cpp:[m[K In constructor ‘[01m[KTeleopWithCollision::TeleopWithCollision()[m[K’:
[4.236s] [01m[K/home/adithya/gz_ws/src/teleop_collision/src/teleop_collision.cpp:53:7:[m[K [01;31m[Kerror: [m[K‘[01m[Kgripper_client_[m[K’ was not declared in this scope
[4.236s]    53 |       [01;31m[Kgripper_client_[m[K =
[4.236s]       |       [01;31m[K^~~~~~~~~~~~~~~[m[K
[4.244s] [01m[K/home/adithya/gz_ws/src/teleop_collision/src/teleop_collision.cpp:54:50:[m[K [01;31m[Kerror: [m[K‘[01m[Kcontrol_msgs[m[K’ was not declared in this scope
[4.244s]    54 |                     rclcpp_action::create_client<[01;31m[Kcontrol_msgs[m[K::action::GripperCommand>(
[4.245s]       |                                                  [01;31m[K^~~~~~~~~~~~[m[K
[4.245s] [01m[K/home/adithya/gz_ws/src/teleop_collision/src/teleop_collision.cpp:54:36:[m[K [01;31m[Kerror: [m[Kparse error in template argument list
[4.245s]    54 |                     rclcpp_action::[01;31m[Kcreate_client<control_msgs::action::GripperCommand>[m[K(
[4.245s]       |                                    [01;31m[K^~~~~~~~~~~~~~~~~~~~~~~~~~~~~~~~~~~~~~~~~~~~~~~~~~~[m[K
[4.245s] [01m[K/home/adithya/gz_ws/src/teleop_collision/src/teleop_collision.cpp:54:87:[m[K [01;31m[Kerror: [m[Kno matching function for call to ‘[01m[Kcreate_client<<expression error> >(TeleopWithCollision*, const char [29])[m[K’
[4.245s]    54 |     [01;31m[Krclcpp_action::create_client<control_msgs::action::GripperCommand>([m[K
[4.245s]       |     [01;31m[K~~~~~~~~~~~~~~~~~~~~~~~~~~~~~~~~~~~~~~~~~~~~~~~~~~~~~~~~~~~~~~~~~~^[m[K
[4.245s] 
[4.245s]    55 | [01;31m[K      this,[m[K
[4.245s]       |       [01;31m[K~~~~~[m[K                                                            
[4.245s] 
[4.245s]    56 | [01;31m[K      "/hand_controller/gripper_cmd"[m[K
[4.245s]       |       [01;31m[K~~~~~~~~~~~~~~~~~~~~~~~~~~~~~~[m[K                                   
[4.245s] 
[4.245s]    57 | 
[4.245s]       |                                                                        
[4.245s] 
[4.245s] In file included from [01m[K/opt/ros/humble/include/rclcpp_action/rclcpp_action/rclcpp_action.hpp:38[m[K,
[4.245s]                  from [01m[K/home/adithya/gz_ws/src/teleop_collision/src/teleop_collision.cpp:7[m[K:
[4.246s] [01m[K/opt/ros/humble/include/rclcpp_action/rclcpp_action/create_client.hpp:44:1:[m[K [01;36m[Knote: [m[Kcandidate: ‘[01m[Ktemplate<class ActionT> typename rclcpp_action::Client<ActionT>::SharedPtr rclcpp_action::create_client(rclcpp::node_interfaces::NodeBaseInterface::SharedPtr, rclcpp::node_interfaces::NodeGraphInterface::SharedPtr, rclcpp::node_interfaces::NodeLoggingInterface::SharedPtr, rclcpp::node_interfaces::NodeWaitablesInterface::SharedPtr, const string&, rclcpp::CallbackGroup::SharedPtr, const rcl_action_client_options_t&)[m[K’
[4.246s]    44 | [01;36m[Kcreate_client[m[K(
[4.246s]       | [01;36m[K^~~~~~~~~~~~~[m[K
[4.246s] [01m[K/opt/ros/humble/include/rclcpp_action/rclcpp_action/create_client.hpp:44:1:[m[K [01;36m[Knote: [m[K  template argument deduction/substitution failed:
[4.246s] [01m[K/home/adithya/gz_ws/src/teleop_collision/src/teleop_collision.cpp:54:87:[m[K [01;31m[Kerror: [m[Ktemplate argument 1 is invalid
[4.246s]    54 |     [01;31m[Krclcpp_action::create_client<control_msgs::action::GripperCommand>([m[K
[4.246s]       |     [01;31m[K~~~~~~~~~~~~~~~~~~~~~~~~~~~~~~~~~~~~~~~~~~~~~~~~~~~~~~~~~~~~~~~~~~^[m[K
[4.246s] 
[4.246s]    55 | [01;31m[K      this,[m[K
[4.246s]       |       [01;31m[K~~~~~[m[K                                                            
[4.246s] 
[4.246s]    56 | [01;31m[K      "/hand_controller/gripper_cmd"[m[K
[4.246s]       |       [01;31m[K~~~~~~~~~~~~~~~~~~~~~~~~~~~~~~[m[K                                   
[4.246s] 
[4.246s]    57 | 
[4.246s]       |                                                                        
[4.246s] 
[4.246s] In file included from [01m[K/opt/ros/humble/include/rclcpp_action/rclcpp_action/rclcpp_action.hpp:38[m[K,
[4.246s]                  from [01m[K/home/adithya/gz_ws/src/teleop_collision/src/teleop_collision.cpp:7[m[K:
[4.246s] [01m[K/opt/ros/humble/include/rclcpp_action/rclcpp_action/create_client.hpp:105:1:[m[K [01;36m[Knote: [m[Kcandidate: ‘[01m[Ktemplate<class ActionT, class NodeT> typename rclcpp_action::Client<ActionT>::SharedPtr rclcpp_action::create_client(NodeT, const string&, rclcpp::CallbackGroup::SharedPtr, const rcl_action_client_options_t&)[m[K’
[4.246s]   105 | [01;36m[Kcreate_client[m[K(
[4.246s]       | [01;36m[K^~~~~~~~~~~~~[m[K
[4.246s] [01m[K/opt/ros/humble/include/rclcpp_action/rclcpp_action/create_client.hpp:105:1:[m[K [01;36m[Knote: [m[K  template argument deduction/substitution failed:
[4.246s] [01m[K/home/adithya/gz_ws/src/teleop_collision/src/teleop_collision.cpp:54:87:[m[K [01;31m[Kerror: [m[Ktemplate argument 1 is invalid
[4.246s]    54 |     [01;31m[Krclcpp_action::create_client<control_msgs::action::GripperCommand>([m[K
[4.246s]       |     [01;31m[K~~~~~~~~~~~~~~~~~~~~~~~~~~~~~~~~~~~~~~~~~~~~~~~~~~~~~~~~~~~~~~~~~~^[m[K
[4.246s] 
[4.246s]    55 | [01;31m[K      this,[m[K
[4.246s]       |       [01;31m[K~~~~~[m[K                                                            
[4.246s] 
[4.246s]    56 | [01;31m[K      "/hand_controller/gripper_cmd"[m[K
[4.246s]       |       [01;31m[K~~~~~~~~~~~~~~~~~~~~~~~~~~~~~~[m[K                                   
[4.246s] 
[4.247s]    57 | 
[4.247s]       |                                                                        
[4.247s] 
[4.683s] [01m[K/home/adithya/gz_ws/src/teleop_collision/src/teleop_collision.cpp:[m[K In member function ‘[01m[Kvoid TeleopWithCollision::closeGripper()[m[K’:
[4.684s] [01m[K/home/adithya/gz_ws/src/teleop_collision/src/teleop_collision.cpp:176:30:[m[K [01;31m[Kerror: [m[K‘[01m[Kgripper_client_[m[K’ was not declared in this scope
[4.684s]   176 |                         if (![01;31m[Kgripper_client_[m[K->wait_for_action_server(std::chrono::seconds(1))) {
[4.684s]       |                              [01;31m[K^~~~~~~~~~~~~~~[m[K
[4.684s] [01m[K/home/adithya/gz_ws/src/teleop_collision/src/teleop_collision.cpp:181:25:[m[K [01;31m[Kerror: [m[K‘[01m[Kcontrol_msgs[m[K’ has not been declared
[4.684s]   181 |                         [01;31m[Kcontrol_msgs[m[K::action::GripperCommand::Goal goal;
[4.684s]       |                         [01;31m[K^~~~~~~~~~~~[m[K
[4.689s] [01m[K/home/adithya/gz_ws/src/teleop_collision/src/teleop_collision.cpp:184:25:[m[K [01;31m[Kerror: [m[K‘[01m[Kgoal[m[K’ was not declared in this scope
[4.689s]   184 |                         [01;31m[Kgoal[m[K.command.position=rad;
[4.689s]       |                         [01;31m[K^~~~[m[K
[4.699s] [01m[K/home/adithya/gz_ws/src/teleop_collision/src/teleop_collision.cpp:188:25:[m[K [01;31m[Kerror: [m[K‘[01m[Kgripper_client_[m[K’ was not declared in this scope
[4.699s]   188 |                         [01;31m[Kgripper_client_[m[K->async_send_goal(goal);
[4.699s]       |                         [01;31m[K^~~~~~~~~~~~~~~[m[K
[4.710s] [01m[K/home/adithya/gz_ws/src/teleop_collision/src/teleop_collision.cpp:[m[K In member function ‘[01m[Kvoid TeleopWithCollision::openGripper()[m[K’:
[4.710s] [01m[K/home/adithya/gz_ws/src/teleop_collision/src/teleop_collision.cpp:208:29:[m[K [01;31m[Kerror: [m[K‘[01m[Kgripper_client_[m[K’ was not declared in this scope
[4.710s]   208 |                         if(![01;31m[Kgripper_client_[m[K->wait_for_action_server(std::chrono::seconds(1))){
[4.711s]       |                             [01;31m[K^~~~~~~~~~~~~~~[m[K
[4.711s] [01m[K/home/adithya/gz_ws/src/teleop_collision/src/teleop_collision.cpp:212:25:[m[K [01;31m[Kerror: [m[K‘[01m[Kcontrol_msgs[m[K’ has not been declared
[4.711s]   212 |                         [01;31m[Kcontrol_msgs[m[K::action::GripperCommand::Goal goal;
[4.711s]       |                         [01;31m[K^~~~~~~~~~~~[m[K
[4.716s] [01m[K/home/adithya/gz_ws/src/teleop_collision/src/teleop_collision.cpp:215:25:[m[K [01;31m[Kerror: [m[K‘[01m[Kgoal[m[K’ was not declared in this scope
[4.716s]   215 |                         [01;31m[Kgoal[m[K.command.position=rad;
[4.716s]       |                         [01;31m[K^~~~[m[K
[4.726s] [01m[K/home/adithya/gz_ws/src/teleop_collision/src/teleop_collision.cpp:219:25:[m[K [01;31m[Kerror: [m[K‘[01m[Kgripper_client_[m[K’ was not declared in this scope
[4.726s]   219 |                         [01;31m[Kgripper_client_[m[K->async_send_goal(goal);
[4.726s]       |                         [01;31m[K^~~~~~~~~~~~~~~[m[K
[8.122s] gmake[2]: *** [CMakeFiles/teleop_collision.dir/build.make:76: CMakeFiles/teleop_collision.dir/src/teleop_collision.cpp.o] Error 1
[8.122s] gmake[1]: *** [CMakeFiles/Makefile2:137: CMakeFiles/teleop_collision.dir/all] Error 2
[8.122s] gmake: *** [Makefile:146: all] Error 2
[8.124s] Invoked command in '/home/adithya/gz_ws/build/teleop_collision' returned '2': CMAKE_PREFIX_PATH=/opt/ros/humble /usr/bin/cmake --build /home/adithya/gz_ws/build/teleop_collision -- -j16 -l16
