[0.006s] Invoking command in '/home/adithya/gz_ws/build/leg_assembly_moveit_config': AMENT_PREFIX_PATH=/home/adithya/gz_ws/install/leg_assembly:${AMENT_PREFIX_PATH} CMAKE_PREFIX_PATH=/home/adithya/gz_ws/install/leg_assembly:/opt/ros/humble /usr/bin/cmake --build /home/adithya/gz_ws/build/leg_assembly_moveit_config -- -j16 -l16
[0.036s] Invoked command in '/home/adithya/gz_ws/build/leg_assembly_moveit_config' returned '0': AMENT_PREFIX_PATH=/home/adithya/gz_ws/install/leg_assembly:${AMENT_PREFIX_PATH} CMAKE_PREFIX_PATH=/home/adithya/gz_ws/install/leg_assembly:/opt/ros/humble /usr/bin/cmake --build /home/adithya/gz_ws/build/leg_assembly_moveit_config -- -j16 -l16
[0.038s] Invoking command in '/home/adithya/gz_ws/build/leg_assembly_moveit_config': AMENT_PREFIX_PATH=/home/adithya/gz_ws/install/leg_assembly:${AMENT_PREFIX_PATH} CMAKE_PREFIX_PATH=/home/adithya/gz_ws/install/leg_assembly:/opt/ros/humble /usr/bin/cmake --install /home/adithya/gz_ws/build/leg_assembly_moveit_config
[0.042s] -- Install configuration: ""
[0.042s] -- Up-to-date: /home/adithya/gz_ws/install/leg_assembly_moveit_config/share/ament_index/resource_index/package_run_dependencies/leg_assembly_moveit_config
[0.042s] -- Up-to-date: /home/adithya/gz_ws/install/leg_assembly_moveit_config/share/ament_index/resource_index/parent_prefix_path/leg_assembly_moveit_config
[0.042s] -- Up-to-date: /home/adithya/gz_ws/install/leg_assembly_moveit_config/share/leg_assembly_moveit_config/environment/ament_prefix_path.sh
[0.042s] -- Up-to-date: /home/adithya/gz_ws/install/leg_assembly_moveit_config/share/leg_assembly_moveit_config/environment/ament_prefix_path.dsv
[0.042s] -- Up-to-date: /home/adithya/gz_ws/install/leg_assembly_moveit_config/share/leg_assembly_moveit_config/environment/path.sh
[0.042s] -- Up-to-date: /home/adithya/gz_ws/install/leg_assembly_moveit_config/share/leg_assembly_moveit_config/environment/path.dsv
[0.042s] -- Up-to-date: /home/adithya/gz_ws/install/leg_assembly_moveit_config/share/leg_assembly_moveit_config/local_setup.bash
[0.042s] -- Up-to-date: /home/adithya/gz_ws/install/leg_assembly_moveit_config/share/leg_assembly_moveit_config/local_setup.sh
[0.043s] -- Up-to-date: /home/adithya/gz_ws/install/leg_assembly_moveit_config/share/leg_assembly_moveit_config/local_setup.zsh
[0.043s] -- Up-to-date: /home/adithya/gz_ws/install/leg_assembly_moveit_config/share/leg_assembly_moveit_config/local_setup.dsv
[0.043s] -- Installing: /home/adithya/gz_ws/install/leg_assembly_moveit_config/share/leg_assembly_moveit_config/package.dsv
[0.043s] -- Up-to-date: /home/adithya/gz_ws/install/leg_assembly_moveit_config/share/ament_index/resource_index/packages/leg_assembly_moveit_config
[0.043s] -- Up-to-date: /home/adithya/gz_ws/install/leg_assembly_moveit_config/share/leg_assembly_moveit_config/cmake/leg_assembly_moveit_configConfig.cmake
[0.043s] -- Up-to-date: /home/adithya/gz_ws/install/leg_assembly_moveit_config/share/leg_assembly_moveit_config/cmake/leg_assembly_moveit_configConfig-version.cmake
[0.043s] -- Up-to-date: /home/adithya/gz_ws/install/leg_assembly_moveit_config/share/leg_assembly_moveit_config/package.xml
[0.043s] -- Up-to-date: /home/adithya/gz_ws/install/leg_assembly_moveit_config/share/leg_assembly_moveit_config/launch
[0.043s] -- Up-to-date: /home/adithya/gz_ws/install/leg_assembly_moveit_config/share/leg_assembly_moveit_config/launch/demo.launch.py
[0.043s] -- Up-to-date: /home/adithya/gz_ws/install/leg_assembly_moveit_config/share/leg_assembly_moveit_config/launch/warehouse_db.launch.py
[0.043s] -- Up-to-date: /home/adithya/gz_ws/install/leg_assembly_moveit_config/share/leg_assembly_moveit_config/launch/move_group.launch.py
[0.043s] -- Up-to-date: /home/adithya/gz_ws/install/leg_assembly_moveit_config/share/leg_assembly_moveit_config/launch/rsp.launch.py
[0.043s] -- Up-to-date: /home/adithya/gz_ws/install/leg_assembly_moveit_config/share/leg_assembly_moveit_config/launch/setup_assistant.launch.py
[0.043s] -- Up-to-date: /home/adithya/gz_ws/install/leg_assembly_moveit_config/share/leg_assembly_moveit_config/launch/spawn_controllers.launch.py
[0.043s] -- Up-to-date: /home/adithya/gz_ws/install/leg_assembly_moveit_config/share/leg_assembly_moveit_config/launch/static_virtual_joint_tfs.launch.py
[0.043s] -- Up-to-date: /home/adithya/gz_ws/install/leg_assembly_moveit_config/share/leg_assembly_moveit_config/launch/moveit_rviz.launch.py
[0.044s] -- Up-to-date: /home/adithya/gz_ws/install/leg_assembly_moveit_config/share/leg_assembly_moveit_config/config
[0.044s] -- Up-to-date: /home/adithya/gz_ws/install/leg_assembly_moveit_config/share/leg_assembly_moveit_config/config/leg_assembly_gazebo.urdf.xacro
[0.044s] -- Up-to-date: /home/adithya/gz_ws/install/leg_assembly_moveit_config/share/leg_assembly_moveit_config/config/joint_limits.yaml
[0.044s] -- Up-to-date: /home/adithya/gz_ws/install/leg_assembly_moveit_config/share/leg_assembly_moveit_config/config/config_used.rviz
[0.044s] -- Up-to-date: /home/adithya/gz_ws/install/leg_assembly_moveit_config/share/leg_assembly_moveit_config/config/gazebo.xacro
[0.044s] -- Up-to-date: /home/adithya/gz_ws/install/leg_assembly_moveit_config/share/leg_assembly_moveit_config/config/leg_assembly.urdf.xacro
[0.044s] -- Up-to-date: /home/adithya/gz_ws/install/leg_assembly_moveit_config/share/leg_assembly_moveit_config/config/initial_positions.yaml
[0.044s] -- Up-to-date: /home/adithya/gz_ws/install/leg_assembly_moveit_config/share/leg_assembly_moveit_config/config/kinematics.yaml
[0.044s] -- Up-to-date: /home/adithya/gz_ws/install/leg_assembly_moveit_config/share/leg_assembly_moveit_config/config/moveit.rviz
[0.045s] -- Up-to-date: /home/adithya/gz_ws/install/leg_assembly_moveit_config/share/leg_assembly_moveit_config/config/pilz_cartesian_limits.yaml
[0.045s] -- Up-to-date: /home/adithya/gz_ws/install/leg_assembly_moveit_config/share/leg_assembly_moveit_config/config/gz_ros2_controllers.yaml
[0.045s] -- Up-to-date: /home/adithya/gz_ws/install/leg_assembly_moveit_config/share/leg_assembly_moveit_config/config/leg_assembly.srdf
[0.045s] -- Up-to-date: /home/adithya/gz_ws/install/leg_assembly_moveit_config/share/leg_assembly_moveit_config/config/moveit_controllers.yaml
[0.045s] -- Up-to-date: /home/adithya/gz_ws/install/leg_assembly_moveit_config/share/leg_assembly_moveit_config/config/ros2_controllers.yaml
[0.045s] -- Up-to-date: /home/adithya/gz_ws/install/leg_assembly_moveit_config/share/leg_assembly_moveit_config/config/leg_assembly.ros2_control.xacro
[0.045s] -- Up-to-date: /home/adithya/gz_ws/install/leg_assembly_moveit_config/share/leg_assembly_moveit_config/config/gazebo_ros2_control.xacro
[0.045s] -- Up-to-date: /home/adithya/gz_ws/install/leg_assembly_moveit_config/share/leg_assembly_moveit_config/config/robot_gazebo.xacro
[0.045s] -- Up-to-date: /home/adithya/gz_ws/install/leg_assembly_moveit_config/share/leg_assembly_moveit_config/.setup_assistant
[0.046s] Invoked command in '/home/adithya/gz_ws/build/leg_assembly_moveit_config' returned '0': AMENT_PREFIX_PATH=/home/adithya/gz_ws/install/leg_assembly:${AMENT_PREFIX_PATH} CMAKE_PREFIX_PATH=/home/adithya/gz_ws/install/leg_assembly:/opt/ros/humble /usr/bin/cmake --install /home/adithya/gz_ws/build/leg_assembly_moveit_config
