[0.082s] DEBUG:colcon:Command line arguments: ['/usr/bin/colcon', 'build']
[0.082s] DEBUG:colcon:Parsed command line arguments: Namespace(log_base=None, log_level=None, verb_name='build', build_base='build', install_base='install', merge_install=False, symlink_install=False, test_result_base=None, continue_on_error=False, executor='parallel', parallel_workers=16, event_handlers=None, ignore_user_meta=False, metas=['./colcon.meta'], base_paths=['.'], packages_ignore=None, packages_ignore_regex=None, paths=None, packages_up_to=None, packages_up_to_regex=None, packages_above=None, packages_above_and_dependencies=None, packages_above_depth=None, packages_select_by_dep=None, packages_skip_by_dep=None, packages_skip_up_to=None, packages_select_build_failed=False, packages_skip_build_finished=False, packages_select_test_failures=False, packages_skip_test_passed=False, packages_select=None, packages_skip=None, packages_select_regex=None, packages_skip_regex=None, packages_start=None, packages_end=None, allow_overriding=[], cmake_args=None, cmake_target=None, cmake_target_skip_unavailable=False, cmake_clean_cache=False, cmake_clean_first=False, cmake_force_configure=False, ament_cmake_args=None, catkin_cmake_args=None, catkin_skip_building_tests=False, mixin_files=None, mixin=None, verb_parser=<colcon_mixin.mixin.mixin_argument.MixinArgumentDecorator object at 0x76f94ea77610>, verb_extension=<colcon_core.verb.build.BuildVerb object at 0x76f94ea769b0>, main=<bound method BuildVerb.main of <colcon_core.verb.build.BuildVerb object at 0x76f94ea769b0>>, mixin_verb=('build',))
[0.118s] Level 1:colcon.colcon_core.package_discovery:discover_packages(colcon_meta) check parameters
[0.118s] Level 1:colcon.colcon_core.package_discovery:discover_packages(recursive) check parameters
[0.118s] Level 1:colcon.colcon_core.package_discovery:discover_packages(ignore) check parameters
[0.118s] Level 1:colcon.colcon_core.package_discovery:discover_packages(path) check parameters
[0.118s] Level 1:colcon.colcon_core.package_discovery:discover_packages(colcon_meta) discover
[0.118s] Level 1:colcon.colcon_core.package_discovery:discover_packages(recursive) discover
[0.118s] INFO:colcon.colcon_core.package_discovery:Crawling recursively for packages in '/home/adithya/gz_ws'
[0.118s] Level 1:colcon.colcon_core.package_identification:_identify(.) by extensions ['ignore', 'ignore_ament_install']
[0.118s] Level 1:colcon.colcon_core.package_identification:_identify(.) by extension 'ignore'
[0.118s] Level 1:colcon.colcon_core.package_identification:_identify(.) by extension 'ignore_ament_install'
[0.118s] Level 1:colcon.colcon_core.package_identification:_identify(.) by extensions ['colcon_pkg']
[0.118s] Level 1:colcon.colcon_core.package_identification:_identify(.) by extension 'colcon_pkg'
[0.118s] Level 1:colcon.colcon_core.package_identification:_identify(.) by extensions ['colcon_meta']
[0.118s] Level 1:colcon.colcon_core.package_identification:_identify(.) by extension 'colcon_meta'
[0.118s] Level 1:colcon.colcon_core.package_identification:_identify(.) by extensions ['ros']
[0.118s] Level 1:colcon.colcon_core.package_identification:_identify(.) by extension 'ros'
[0.120s] Level 1:colcon.colcon_core.package_identification:_identify(.) by extensions ['cmake', 'python']
[0.120s] Level 1:colcon.colcon_core.package_identification:_identify(.) by extension 'cmake'
[0.120s] Level 1:colcon.colcon_core.package_identification:_identify(.) by extension 'python'
[0.120s] Level 1:colcon.colcon_core.package_identification:_identify(.) by extensions ['python_setup_py']
[0.120s] Level 1:colcon.colcon_core.package_identification:_identify(.) by extension 'python_setup_py'
[0.121s] Level 1:colcon.colcon_core.package_identification:_identify(build) by extensions ['ignore', 'ignore_ament_install']
[0.121s] Level 1:colcon.colcon_core.package_identification:_identify(build) by extension 'ignore'
[0.121s] Level 1:colcon.colcon_core.package_identification:_identify(build) ignored
[0.121s] Level 1:colcon.colcon_core.package_identification:_identify(install) by extensions ['ignore', 'ignore_ament_install']
[0.121s] Level 1:colcon.colcon_core.package_identification:_identify(install) by extension 'ignore'
[0.121s] Level 1:colcon.colcon_core.package_identification:_identify(install) ignored
[0.121s] Level 1:colcon.colcon_core.package_identification:_identify(log) by extensions ['ignore', 'ignore_ament_install']
[0.121s] Level 1:colcon.colcon_core.package_identification:_identify(log) by extension 'ignore'
[0.121s] Level 1:colcon.colcon_core.package_identification:_identify(log) ignored
[0.121s] Level 1:colcon.colcon_core.package_identification:_identify(src) by extensions ['ignore', 'ignore_ament_install']
[0.121s] Level 1:colcon.colcon_core.package_identification:_identify(src) by extension 'ignore'
[0.121s] Level 1:colcon.colcon_core.package_identification:_identify(src) by extension 'ignore_ament_install'
[0.121s] Level 1:colcon.colcon_core.package_identification:_identify(src) by extensions ['colcon_pkg']
[0.121s] Level 1:colcon.colcon_core.package_identification:_identify(src) by extension 'colcon_pkg'
[0.121s] Level 1:colcon.colcon_core.package_identification:_identify(src) by extensions ['colcon_meta']
[0.121s] Level 1:colcon.colcon_core.package_identification:_identify(src) by extension 'colcon_meta'
[0.121s] Level 1:colcon.colcon_core.package_identification:_identify(src) by extensions ['ros']
[0.121s] Level 1:colcon.colcon_core.package_identification:_identify(src) by extension 'ros'
[0.121s] Level 1:colcon.colcon_core.package_identification:_identify(src) by extensions ['cmake', 'python']
[0.121s] Level 1:colcon.colcon_core.package_identification:_identify(src) by extension 'cmake'
[0.121s] Level 1:colcon.colcon_core.package_identification:_identify(src) by extension 'python'
[0.121s] Level 1:colcon.colcon_core.package_identification:_identify(src) by extensions ['python_setup_py']
[0.121s] Level 1:colcon.colcon_core.package_identification:_identify(src) by extension 'python_setup_py'
[0.121s] Level 1:colcon.colcon_core.package_identification:_identify(src/level01_ros_assignment) by extensions ['ignore', 'ignore_ament_install']
[0.121s] Level 1:colcon.colcon_core.package_identification:_identify(src/level01_ros_assignment) by extension 'ignore'
[0.121s] Level 1:colcon.colcon_core.package_identification:_identify(src/level01_ros_assignment) by extension 'ignore_ament_install'
[0.121s] Level 1:colcon.colcon_core.package_identification:_identify(src/level01_ros_assignment) by extensions ['colcon_pkg']
[0.121s] Level 1:colcon.colcon_core.package_identification:_identify(src/level01_ros_assignment) by extension 'colcon_pkg'
[0.121s] Level 1:colcon.colcon_core.package_identification:_identify(src/level01_ros_assignment) by extensions ['colcon_meta']
[0.121s] Level 1:colcon.colcon_core.package_identification:_identify(src/level01_ros_assignment) by extension 'colcon_meta'
[0.122s] Level 1:colcon.colcon_core.package_identification:_identify(src/level01_ros_assignment) by extensions ['ros']
[0.122s] Level 1:colcon.colcon_core.package_identification:_identify(src/level01_ros_assignment) by extension 'ros'
[0.122s] Level 1:colcon.colcon_core.package_identification:_identify(src/level01_ros_assignment) by extensions ['cmake', 'python']
[0.122s] Level 1:colcon.colcon_core.package_identification:_identify(src/level01_ros_assignment) by extension 'cmake'
[0.122s] Level 1:colcon.colcon_core.package_identification:_identify(src/level01_ros_assignment) by extension 'python'
[0.122s] Level 1:colcon.colcon_core.package_identification:_identify(src/level01_ros_assignment) by extensions ['python_setup_py']
[0.122s] Level 1:colcon.colcon_core.package_identification:_identify(src/level01_ros_assignment) by extension 'python_setup_py'
[0.122s] Level 1:colcon.colcon_core.package_identification:_identify(src/level01_ros_assignment/testbed_bringup) by extensions ['ignore', 'ignore_ament_install']
[0.122s] Level 1:colcon.colcon_core.package_identification:_identify(src/level01_ros_assignment/testbed_bringup) by extension 'ignore'
[0.122s] Level 1:colcon.colcon_core.package_identification:_identify(src/level01_ros_assignment/testbed_bringup) by extension 'ignore_ament_install'
[0.122s] Level 1:colcon.colcon_core.package_identification:_identify(src/level01_ros_assignment/testbed_bringup) by extensions ['colcon_pkg']
[0.122s] Level 1:colcon.colcon_core.package_identification:_identify(src/level01_ros_assignment/testbed_bringup) by extension 'colcon_pkg'
[0.122s] Level 1:colcon.colcon_core.package_identification:_identify(src/level01_ros_assignment/testbed_bringup) by extensions ['colcon_meta']
[0.122s] Level 1:colcon.colcon_core.package_identification:_identify(src/level01_ros_assignment/testbed_bringup) by extension 'colcon_meta'
[0.122s] Level 1:colcon.colcon_core.package_identification:_identify(src/level01_ros_assignment/testbed_bringup) by extensions ['ros']
[0.122s] Level 1:colcon.colcon_core.package_identification:_identify(src/level01_ros_assignment/testbed_bringup) by extension 'ros'
[0.123s] DEBUG:colcon.colcon_core.package_identification:Package 'src/level01_ros_assignment/testbed_bringup' with type 'ros.ament_cmake' and name 'testbed_bringup'
[0.124s] Level 1:colcon.colcon_core.package_identification:_identify(src/level01_ros_assignment/testbed_description) by extensions ['ignore', 'ignore_ament_install']
[0.124s] Level 1:colcon.colcon_core.package_identification:_identify(src/level01_ros_assignment/testbed_description) by extension 'ignore'
[0.124s] Level 1:colcon.colcon_core.package_identification:_identify(src/level01_ros_assignment/testbed_description) by extension 'ignore_ament_install'
[0.124s] Level 1:colcon.colcon_core.package_identification:_identify(src/level01_ros_assignment/testbed_description) by extensions ['colcon_pkg']
[0.124s] Level 1:colcon.colcon_core.package_identification:_identify(src/level01_ros_assignment/testbed_description) by extension 'colcon_pkg'
[0.124s] Level 1:colcon.colcon_core.package_identification:_identify(src/level01_ros_assignment/testbed_description) by extensions ['colcon_meta']
[0.124s] Level 1:colcon.colcon_core.package_identification:_identify(src/level01_ros_assignment/testbed_description) by extension 'colcon_meta'
[0.124s] Level 1:colcon.colcon_core.package_identification:_identify(src/level01_ros_assignment/testbed_description) by extensions ['ros']
[0.124s] Level 1:colcon.colcon_core.package_identification:_identify(src/level01_ros_assignment/testbed_description) by extension 'ros'
[0.124s] DEBUG:colcon.colcon_core.package_identification:Package 'src/level01_ros_assignment/testbed_description' with type 'ros.ament_cmake' and name 'testbed_description'
[0.124s] Level 1:colcon.colcon_core.package_identification:_identify(src/level01_ros_assignment/testbed_gazebo) by extensions ['ignore', 'ignore_ament_install']
[0.124s] Level 1:colcon.colcon_core.package_identification:_identify(src/level01_ros_assignment/testbed_gazebo) by extension 'ignore'
[0.124s] Level 1:colcon.colcon_core.package_identification:_identify(src/level01_ros_assignment/testbed_gazebo) by extension 'ignore_ament_install'
[0.124s] Level 1:colcon.colcon_core.package_identification:_identify(src/level01_ros_assignment/testbed_gazebo) by extensions ['colcon_pkg']
[0.124s] Level 1:colcon.colcon_core.package_identification:_identify(src/level01_ros_assignment/testbed_gazebo) by extension 'colcon_pkg'
[0.124s] Level 1:colcon.colcon_core.package_identification:_identify(src/level01_ros_assignment/testbed_gazebo) by extensions ['colcon_meta']
[0.124s] Level 1:colcon.colcon_core.package_identification:_identify(src/level01_ros_assignment/testbed_gazebo) by extension 'colcon_meta'
[0.124s] Level 1:colcon.colcon_core.package_identification:_identify(src/level01_ros_assignment/testbed_gazebo) by extensions ['ros']
[0.124s] Level 1:colcon.colcon_core.package_identification:_identify(src/level01_ros_assignment/testbed_gazebo) by extension 'ros'
[0.125s] DEBUG:colcon.colcon_core.package_identification:Package 'src/level01_ros_assignment/testbed_gazebo' with type 'ros.ament_cmake' and name 'testbed_gazebo'
[0.125s] Level 1:colcon.colcon_core.package_identification:_identify(src/pointcloud_to_laserscan) by extensions ['ignore', 'ignore_ament_install']
[0.125s] Level 1:colcon.colcon_core.package_identification:_identify(src/pointcloud_to_laserscan) by extension 'ignore'
[0.125s] Level 1:colcon.colcon_core.package_identification:_identify(src/pointcloud_to_laserscan) by extension 'ignore_ament_install'
[0.125s] Level 1:colcon.colcon_core.package_identification:_identify(src/pointcloud_to_laserscan) by extensions ['colcon_pkg']
[0.125s] Level 1:colcon.colcon_core.package_identification:_identify(src/pointcloud_to_laserscan) by extension 'colcon_pkg'
[0.125s] Level 1:colcon.colcon_core.package_identification:_identify(src/pointcloud_to_laserscan) by extensions ['colcon_meta']
[0.125s] Level 1:colcon.colcon_core.package_identification:_identify(src/pointcloud_to_laserscan) by extension 'colcon_meta'
[0.125s] Level 1:colcon.colcon_core.package_identification:_identify(src/pointcloud_to_laserscan) by extensions ['ros']
[0.125s] Level 1:colcon.colcon_core.package_identification:_identify(src/pointcloud_to_laserscan) by extension 'ros'
[0.126s] DEBUG:colcon.colcon_core.package_identification:Package 'src/pointcloud_to_laserscan' with type 'ros.ament_cmake' and name 'pointcloud_to_laserscan'
[0.126s] Level 1:colcon.colcon_core.package_identification:_identify(src/testbed_navigation) by extensions ['ignore', 'ignore_ament_install']
[0.126s] Level 1:colcon.colcon_core.package_identification:_identify(src/testbed_navigation) by extension 'ignore'
[0.126s] Level 1:colcon.colcon_core.package_identification:_identify(src/testbed_navigation) by extension 'ignore_ament_install'
[0.126s] Level 1:colcon.colcon_core.package_identification:_identify(src/testbed_navigation) by extensions ['colcon_pkg']
[0.126s] Level 1:colcon.colcon_core.package_identification:_identify(src/testbed_navigation) by extension 'colcon_pkg'
[0.126s] Level 1:colcon.colcon_core.package_identification:_identify(src/testbed_navigation) by extensions ['colcon_meta']
[0.126s] Level 1:colcon.colcon_core.package_identification:_identify(src/testbed_navigation) by extension 'colcon_meta'
[0.126s] Level 1:colcon.colcon_core.package_identification:_identify(src/testbed_navigation) by extensions ['ros']
[0.126s] Level 1:colcon.colcon_core.package_identification:_identify(src/testbed_navigation) by extension 'ros'
[0.127s] DEBUG:colcon.colcon_core.package_identification:Package 'src/testbed_navigation' with type 'ros.ament_cmake' and name 'testbed_navigation'
[0.127s] Level 1:colcon.colcon_core.package_discovery:discover_packages(recursive) using defaults
[0.127s] Level 1:colcon.colcon_core.package_discovery:discover_packages(ignore) discover
[0.127s] Level 1:colcon.colcon_core.package_discovery:discover_packages(ignore) using defaults
[0.127s] Level 1:colcon.colcon_core.package_discovery:discover_packages(path) discover
[0.127s] Level 1:colcon.colcon_core.package_discovery:discover_packages(path) using defaults
[0.141s] Level 1:colcon.colcon_core.package_discovery:discover_packages(prefix_path) check parameters
[0.142s] Level 1:colcon.colcon_core.package_discovery:discover_packages(prefix_path) discover
[0.143s] DEBUG:colcon.colcon_installed_package_information.package_discovery:Found 8 installed packages in /home/adithya/gz_ws/install
[0.144s] DEBUG:colcon.colcon_installed_package_information.package_discovery:Found 492 installed packages in /opt/ros/humble
[0.145s] Level 1:colcon.colcon_core.package_discovery:discover_packages(prefix_path) using defaults
[0.186s] Level 5:colcon.colcon_core.verb:set package 'pointcloud_to_laserscan' build argument 'cmake_args' from command line to 'None'
[0.186s] Level 5:colcon.colcon_core.verb:set package 'pointcloud_to_laserscan' build argument 'cmake_target' from command line to 'None'
[0.187s] Level 5:colcon.colcon_core.verb:set package 'pointcloud_to_laserscan' build argument 'cmake_target_skip_unavailable' from command line to 'False'
[0.187s] Level 5:colcon.colcon_core.verb:set package 'pointcloud_to_laserscan' build argument 'cmake_clean_cache' from command line to 'False'
[0.187s] Level 5:colcon.colcon_core.verb:set package 'pointcloud_to_laserscan' build argument 'cmake_clean_first' from command line to 'False'
[0.187s] Level 5:colcon.colcon_core.verb:set package 'pointcloud_to_laserscan' build argument 'cmake_force_configure' from command line to 'False'
[0.187s] Level 5:colcon.colcon_core.verb:set package 'pointcloud_to_laserscan' build argument 'ament_cmake_args' from command line to 'None'
[0.187s] Level 5:colcon.colcon_core.verb:set package 'pointcloud_to_laserscan' build argument 'catkin_cmake_args' from command line to 'None'
[0.187s] Level 5:colcon.colcon_core.verb:set package 'pointcloud_to_laserscan' build argument 'catkin_skip_building_tests' from command line to 'False'
[0.187s] DEBUG:colcon.colcon_core.verb:Building package 'pointcloud_to_laserscan' with the following arguments: {'ament_cmake_args': None, 'build_base': '/home/adithya/gz_ws/build/pointcloud_to_laserscan', 'catkin_cmake_args': None, 'catkin_skip_building_tests': False, 'cmake_args': None, 'cmake_clean_cache': False, 'cmake_clean_first': False, 'cmake_force_configure': False, 'cmake_target': None, 'cmake_target_skip_unavailable': False, 'install_base': '/home/adithya/gz_ws/install/pointcloud_to_laserscan', 'merge_install': False, 'path': '/home/adithya/gz_ws/src/pointcloud_to_laserscan', 'symlink_install': False, 'test_result_base': None}
[0.187s] Level 5:colcon.colcon_core.verb:set package 'testbed_bringup' build argument 'cmake_args' from command line to 'None'
[0.187s] Level 5:colcon.colcon_core.verb:set package 'testbed_bringup' build argument 'cmake_target' from command line to 'None'
[0.187s] Level 5:colcon.colcon_core.verb:set package 'testbed_bringup' build argument 'cmake_target_skip_unavailable' from command line to 'False'
[0.187s] Level 5:colcon.colcon_core.verb:set package 'testbed_bringup' build argument 'cmake_clean_cache' from command line to 'False'
[0.187s] Level 5:colcon.colcon_core.verb:set package 'testbed_bringup' build argument 'cmake_clean_first' from command line to 'False'
[0.187s] Level 5:colcon.colcon_core.verb:set package 'testbed_bringup' build argument 'cmake_force_configure' from command line to 'False'
[0.187s] Level 5:colcon.colcon_core.verb:set package 'testbed_bringup' build argument 'ament_cmake_args' from command line to 'None'
[0.187s] Level 5:colcon.colcon_core.verb:set package 'testbed_bringup' build argument 'catkin_cmake_args' from command line to 'None'
[0.187s] Level 5:colcon.colcon_core.verb:set package 'testbed_bringup' build argument 'catkin_skip_building_tests' from command line to 'False'
[0.187s] DEBUG:colcon.colcon_core.verb:Building package 'testbed_bringup' with the following arguments: {'ament_cmake_args': None, 'build_base': '/home/adithya/gz_ws/build/testbed_bringup', 'catkin_cmake_args': None, 'catkin_skip_building_tests': False, 'cmake_args': None, 'cmake_clean_cache': False, 'cmake_clean_first': False, 'cmake_force_configure': False, 'cmake_target': None, 'cmake_target_skip_unavailable': False, 'install_base': '/home/adithya/gz_ws/install/testbed_bringup', 'merge_install': False, 'path': '/home/adithya/gz_ws/src/level01_ros_assignment/testbed_bringup', 'symlink_install': False, 'test_result_base': None}
[0.187s] Level 5:colcon.colcon_core.verb:set package 'testbed_description' build argument 'cmake_args' from command line to 'None'
[0.187s] Level 5:colcon.colcon_core.verb:set package 'testbed_description' build argument 'cmake_target' from command line to 'None'
[0.187s] Level 5:colcon.colcon_core.verb:set package 'testbed_description' build argument 'cmake_target_skip_unavailable' from command line to 'False'
[0.187s] Level 5:colcon.colcon_core.verb:set package 'testbed_description' build argument 'cmake_clean_cache' from command line to 'False'
[0.187s] Level 5:colcon.colcon_core.verb:set package 'testbed_description' build argument 'cmake_clean_first' from command line to 'False'
[0.187s] Level 5:colcon.colcon_core.verb:set package 'testbed_description' build argument 'cmake_force_configure' from command line to 'False'
[0.187s] Level 5:colcon.colcon_core.verb:set package 'testbed_description' build argument 'ament_cmake_args' from command line to 'None'
[0.187s] Level 5:colcon.colcon_core.verb:set package 'testbed_description' build argument 'catkin_cmake_args' from command line to 'None'
[0.187s] Level 5:colcon.colcon_core.verb:set package 'testbed_description' build argument 'catkin_skip_building_tests' from command line to 'False'
[0.187s] DEBUG:colcon.colcon_core.verb:Building package 'testbed_description' with the following arguments: {'ament_cmake_args': None, 'build_base': '/home/adithya/gz_ws/build/testbed_description', 'catkin_cmake_args': None, 'catkin_skip_building_tests': False, 'cmake_args': None, 'cmake_clean_cache': False, 'cmake_clean_first': False, 'cmake_force_configure': False, 'cmake_target': None, 'cmake_target_skip_unavailable': False, 'install_base': '/home/adithya/gz_ws/install/testbed_description', 'merge_install': False, 'path': '/home/adithya/gz_ws/src/level01_ros_assignment/testbed_description', 'symlink_install': False, 'test_result_base': None}
[0.188s] Level 5:colcon.colcon_core.verb:set package 'testbed_navigation' build argument 'cmake_args' from command line to 'None'
[0.188s] Level 5:colcon.colcon_core.verb:set package 'testbed_navigation' build argument 'cmake_target' from command line to 'None'
[0.188s] Level 5:colcon.colcon_core.verb:set package 'testbed_navigation' build argument 'cmake_target_skip_unavailable' from command line to 'False'
[0.188s] Level 5:colcon.colcon_core.verb:set package 'testbed_navigation' build argument 'cmake_clean_cache' from command line to 'False'
[0.188s] Level 5:colcon.colcon_core.verb:set package 'testbed_navigation' build argument 'cmake_clean_first' from command line to 'False'
[0.188s] Level 5:colcon.colcon_core.verb:set package 'testbed_navigation' build argument 'cmake_force_configure' from command line to 'False'
[0.188s] Level 5:colcon.colcon_core.verb:set package 'testbed_navigation' build argument 'ament_cmake_args' from command line to 'None'
[0.188s] Level 5:colcon.colcon_core.verb:set package 'testbed_navigation' build argument 'catkin_cmake_args' from command line to 'None'
[0.188s] Level 5:colcon.colcon_core.verb:set package 'testbed_navigation' build argument 'catkin_skip_building_tests' from command line to 'False'
[0.188s] DEBUG:colcon.colcon_core.verb:Building package 'testbed_navigation' with the following arguments: {'ament_cmake_args': None, 'build_base': '/home/adithya/gz_ws/build/testbed_navigation', 'catkin_cmake_args': None, 'catkin_skip_building_tests': False, 'cmake_args': None, 'cmake_clean_cache': False, 'cmake_clean_first': False, 'cmake_force_configure': False, 'cmake_target': None, 'cmake_target_skip_unavailable': False, 'install_base': '/home/adithya/gz_ws/install/testbed_navigation', 'merge_install': False, 'path': '/home/adithya/gz_ws/src/testbed_navigation', 'symlink_install': False, 'test_result_base': None}
[0.188s] Level 5:colcon.colcon_core.verb:set package 'testbed_gazebo' build argument 'cmake_args' from command line to 'None'
[0.188s] Level 5:colcon.colcon_core.verb:set package 'testbed_gazebo' build argument 'cmake_target' from command line to 'None'
[0.188s] Level 5:colcon.colcon_core.verb:set package 'testbed_gazebo' build argument 'cmake_target_skip_unavailable' from command line to 'False'
[0.188s] Level 5:colcon.colcon_core.verb:set package 'testbed_gazebo' build argument 'cmake_clean_cache' from command line to 'False'
[0.188s] Level 5:colcon.colcon_core.verb:set package 'testbed_gazebo' build argument 'cmake_clean_first' from command line to 'False'
[0.188s] Level 5:colcon.colcon_core.verb:set package 'testbed_gazebo' build argument 'cmake_force_configure' from command line to 'False'
[0.188s] Level 5:colcon.colcon_core.verb:set package 'testbed_gazebo' build argument 'ament_cmake_args' from command line to 'None'
[0.188s] Level 5:colcon.colcon_core.verb:set package 'testbed_gazebo' build argument 'catkin_cmake_args' from command line to 'None'
[0.188s] Level 5:colcon.colcon_core.verb:set package 'testbed_gazebo' build argument 'catkin_skip_building_tests' from command line to 'False'
[0.188s] DEBUG:colcon.colcon_core.verb:Building package 'testbed_gazebo' with the following arguments: {'ament_cmake_args': None, 'build_base': '/home/adithya/gz_ws/build/testbed_gazebo', 'catkin_cmake_args': None, 'catkin_skip_building_tests': False, 'cmake_args': None, 'cmake_clean_cache': False, 'cmake_clean_first': False, 'cmake_force_configure': False, 'cmake_target': None, 'cmake_target_skip_unavailable': False, 'install_base': '/home/adithya/gz_ws/install/testbed_gazebo', 'merge_install': False, 'path': '/home/adithya/gz_ws/src/level01_ros_assignment/testbed_gazebo', 'symlink_install': False, 'test_result_base': None}
[0.188s] INFO:colcon.colcon_core.executor:Executing jobs using 'parallel' executor
[0.189s] DEBUG:colcon.colcon_parallel_executor.executor.parallel:run_until_complete
[0.189s] INFO:colcon.colcon_ros.task.ament_cmake.build:Building ROS package in '/home/adithya/gz_ws/src/level01_ros_assignment/testbed_description' with build type 'ament_cmake'
[0.189s] INFO:colcon.colcon_cmake.task.cmake.build:Building CMake package in '/home/adithya/gz_ws/src/level01_ros_assignment/testbed_description'
[0.190s] INFO:colcon.colcon_core.plugin_system:Skipping extension 'colcon_core.shell.bat': Not used on non-Windows systems
[0.191s] INFO:colcon.colcon_core.shell:Skip shell extension 'powershell' for command environment: Not usable outside of PowerShell
[0.191s] DEBUG:colcon.colcon_core.shell:Skip shell extension 'dsv' for command environment
[0.193s] INFO:colcon.colcon_ros.task.ament_cmake.build:Building ROS package in '/home/adithya/gz_ws/src/pointcloud_to_laserscan' with build type 'ament_cmake'
[0.194s] INFO:colcon.colcon_cmake.task.cmake.build:Building CMake package in '/home/adithya/gz_ws/src/pointcloud_to_laserscan'
[0.194s] INFO:colcon.colcon_core.shell:Skip shell extension 'powershell' for command environment: Not usable outside of PowerShell
[0.194s] DEBUG:colcon.colcon_core.shell:Skip shell extension 'dsv' for command environment
[0.196s] INFO:colcon.colcon_ros.task.ament_cmake.build:Building ROS package in '/home/adithya/gz_ws/src/level01_ros_assignment/testbed_bringup' with build type 'ament_cmake'
[0.196s] INFO:colcon.colcon_cmake.task.cmake.build:Building CMake package in '/home/adithya/gz_ws/src/level01_ros_assignment/testbed_bringup'
[0.197s] INFO:colcon.colcon_core.shell:Skip shell extension 'powershell' for command environment: Not usable outside of PowerShell
[0.197s] DEBUG:colcon.colcon_core.shell:Skip shell extension 'dsv' for command environment
[0.199s] INFO:colcon.colcon_ros.task.ament_cmake.build:Building ROS package in '/home/adithya/gz_ws/src/testbed_navigation' with build type 'ament_cmake'
[0.199s] INFO:colcon.colcon_cmake.task.cmake.build:Building CMake package in '/home/adithya/gz_ws/src/testbed_navigation'
[0.199s] INFO:colcon.colcon_core.shell:Skip shell extension 'powershell' for command environment: Not usable outside of PowerShell
[0.199s] DEBUG:colcon.colcon_core.shell:Skip shell extension 'dsv' for command environment
[0.204s] DEBUG:colcon.colcon_core.event_handler.log_command:Invoking command in '/home/adithya/gz_ws/build/testbed_description': CMAKE_PREFIX_PATH=${CMAKE_PREFIX_PATH}:/opt/ros/humble /usr/bin/cmake --build /home/adithya/gz_ws/build/testbed_description -- -j16 -l16
[0.206s] DEBUG:colcon.colcon_core.event_handler.log_command:Invoking command in '/home/adithya/gz_ws/build/pointcloud_to_laserscan': CMAKE_PREFIX_PATH=${CMAKE_PREFIX_PATH}:/opt/ros/humble /usr/bin/cmake --build /home/adithya/gz_ws/build/pointcloud_to_laserscan -- -j16 -l16
[0.208s] DEBUG:colcon.colcon_core.event_handler.log_command:Invoking command in '/home/adithya/gz_ws/build/testbed_bringup': CMAKE_PREFIX_PATH=${CMAKE_PREFIX_PATH}:/opt/ros/humble /usr/bin/cmake --build /home/adithya/gz_ws/build/testbed_bringup -- -j16 -l16
[0.212s] DEBUG:colcon.colcon_core.event_handler.log_command:Invoking command in '/home/adithya/gz_ws/build/testbed_navigation': CMAKE_PREFIX_PATH=${CMAKE_PREFIX_PATH}:/opt/ros/humble /usr/bin/cmake --build /home/adithya/gz_ws/build/testbed_navigation -- -j16 -l16
[0.247s] DEBUG:colcon.colcon_core.event_handler.log_command:Invoked command in '/home/adithya/gz_ws/build/testbed_bringup' returned '0': CMAKE_PREFIX_PATH=${CMAKE_PREFIX_PATH}:/opt/ros/humble /usr/bin/cmake --build /home/adithya/gz_ws/build/testbed_bringup -- -j16 -l16
[0.259s] DEBUG:colcon.colcon_core.event_handler.log_command:Invoking command in '/home/adithya/gz_ws/build/testbed_bringup': CMAKE_PREFIX_PATH=${CMAKE_PREFIX_PATH}:/opt/ros/humble /usr/bin/cmake --install /home/adithya/gz_ws/build/testbed_bringup
[0.260s] DEBUG:colcon.colcon_core.event_handler.log_command:Invoked command in '/home/adithya/gz_ws/build/testbed_description' returned '0': CMAKE_PREFIX_PATH=${CMAKE_PREFIX_PATH}:/opt/ros/humble /usr/bin/cmake --build /home/adithya/gz_ws/build/testbed_description -- -j16 -l16
[0.263s] DEBUG:colcon.colcon_core.event_handler.log_command:Invoking command in '/home/adithya/gz_ws/build/testbed_description': CMAKE_PREFIX_PATH=${CMAKE_PREFIX_PATH}:/opt/ros/humble /usr/bin/cmake --install /home/adithya/gz_ws/build/testbed_description
[0.266s] DEBUG:colcon.colcon_core.event_handler.log_command:Invoked command in '/home/adithya/gz_ws/build/testbed_navigation' returned '0': CMAKE_PREFIX_PATH=${CMAKE_PREFIX_PATH}:/opt/ros/humble /usr/bin/cmake --build /home/adithya/gz_ws/build/testbed_navigation -- -j16 -l16
[0.268s] DEBUG:colcon.colcon_core.event_handler.log_command:Invoking command in '/home/adithya/gz_ws/build/testbed_navigation': CMAKE_PREFIX_PATH=${CMAKE_PREFIX_PATH}:/opt/ros/humble /usr/bin/cmake --install /home/adithya/gz_ws/build/testbed_navigation
[0.270s] Level 1:colcon.colcon_core.environment:create_environment_scripts_only(testbed_bringup)
[0.271s] DEBUG:colcon.colcon_core.event_handler.log_command:Invoked command in '/home/adithya/gz_ws/build/testbed_bringup' returned '0': CMAKE_PREFIX_PATH=${CMAKE_PREFIX_PATH}:/opt/ros/humble /usr/bin/cmake --install /home/adithya/gz_ws/build/testbed_bringup
[0.276s] Level 1:colcon.colcon_core.environment:checking '/home/adithya/gz_ws/install/testbed_bringup' for CMake module files
[0.277s] Level 1:colcon.colcon_core.environment:checking '/home/adithya/gz_ws/install/testbed_bringup' for CMake config files
[0.277s] Level 1:colcon.colcon_core.shell:create_environment_hook('testbed_bringup', 'cmake_prefix_path')
[0.277s] INFO:colcon.colcon_core.shell:Creating environment hook '/home/adithya/gz_ws/install/testbed_bringup/share/testbed_bringup/hook/cmake_prefix_path.ps1'
[0.278s] INFO:colcon.colcon_core.shell:Creating environment descriptor '/home/adithya/gz_ws/install/testbed_bringup/share/testbed_bringup/hook/cmake_prefix_path.dsv'
[0.279s] INFO:colcon.colcon_core.shell:Creating environment hook '/home/adithya/gz_ws/install/testbed_bringup/share/testbed_bringup/hook/cmake_prefix_path.sh'
[0.280s] Level 1:colcon.colcon_core.environment:checking '/home/adithya/gz_ws/install/testbed_bringup/bin'
[0.280s] Level 1:colcon.colcon_core.environment:checking '/home/adithya/gz_ws/install/testbed_bringup/lib/pkgconfig/testbed_bringup.pc'
[0.280s] Level 1:colcon.colcon_core.environment:checking '/home/adithya/gz_ws/install/testbed_bringup/lib/python3.10/site-packages'
[0.280s] Level 1:colcon.colcon_core.environment:checking '/home/adithya/gz_ws/install/testbed_bringup/bin'
[0.281s] INFO:colcon.colcon_core.shell:Creating package script '/home/adithya/gz_ws/install/testbed_bringup/share/testbed_bringup/package.ps1'
[0.282s] INFO:colcon.colcon_core.shell:Creating package descriptor '/home/adithya/gz_ws/install/testbed_bringup/share/testbed_bringup/package.dsv'
[0.283s] INFO:colcon.colcon_core.shell:Creating package script '/home/adithya/gz_ws/install/testbed_bringup/share/testbed_bringup/package.sh'
[0.284s] INFO:colcon.colcon_core.shell:Creating package script '/home/adithya/gz_ws/install/testbed_bringup/share/testbed_bringup/package.bash'
[0.284s] INFO:colcon.colcon_core.shell:Creating package script '/home/adithya/gz_ws/install/testbed_bringup/share/testbed_bringup/package.zsh'
[0.285s] Level 1:colcon.colcon_core.environment:create_file_with_runtime_dependencies(/home/adithya/gz_ws/install/testbed_bringup/share/colcon-core/packages/testbed_bringup)
[0.285s] Level 1:colcon.colcon_core.environment:create_environment_scripts_only(testbed_bringup)
[0.285s] Level 1:colcon.colcon_core.environment:checking '/home/adithya/gz_ws/install/testbed_bringup' for CMake module files
[0.285s] Level 1:colcon.colcon_core.environment:checking '/home/adithya/gz_ws/install/testbed_bringup' for CMake config files
[0.285s] Level 1:colcon.colcon_core.shell:create_environment_hook('testbed_bringup', 'cmake_prefix_path')
[0.285s] INFO:colcon.colcon_core.shell:Creating environment hook '/home/adithya/gz_ws/install/testbed_bringup/share/testbed_bringup/hook/cmake_prefix_path.ps1'
[0.286s] INFO:colcon.colcon_core.shell:Creating environment descriptor '/home/adithya/gz_ws/install/testbed_bringup/share/testbed_bringup/hook/cmake_prefix_path.dsv'
[0.286s] INFO:colcon.colcon_core.shell:Creating environment hook '/home/adithya/gz_ws/install/testbed_bringup/share/testbed_bringup/hook/cmake_prefix_path.sh'
[0.286s] Level 1:colcon.colcon_core.environment:checking '/home/adithya/gz_ws/install/testbed_bringup/bin'
[0.286s] Level 1:colcon.colcon_core.environment:checking '/home/adithya/gz_ws/install/testbed_bringup/lib/pkgconfig/testbed_bringup.pc'
[0.286s] Level 1:colcon.colcon_core.environment:checking '/home/adithya/gz_ws/install/testbed_bringup/lib/python3.10/site-packages'
[0.287s] Level 1:colcon.colcon_core.environment:checking '/home/adithya/gz_ws/install/testbed_bringup/bin'
[0.287s] INFO:colcon.colcon_core.shell:Creating package script '/home/adithya/gz_ws/install/testbed_bringup/share/testbed_bringup/package.ps1'
[0.287s] INFO:colcon.colcon_core.shell:Creating package descriptor '/home/adithya/gz_ws/install/testbed_bringup/share/testbed_bringup/package.dsv'
[0.287s] INFO:colcon.colcon_core.shell:Creating package script '/home/adithya/gz_ws/install/testbed_bringup/share/testbed_bringup/package.sh'
[0.288s] INFO:colcon.colcon_core.shell:Creating package script '/home/adithya/gz_ws/install/testbed_bringup/share/testbed_bringup/package.bash'
[0.288s] INFO:colcon.colcon_core.shell:Creating package script '/home/adithya/gz_ws/install/testbed_bringup/share/testbed_bringup/package.zsh'
[0.288s] Level 1:colcon.colcon_core.environment:create_file_with_runtime_dependencies(/home/adithya/gz_ws/install/testbed_bringup/share/colcon-core/packages/testbed_bringup)
[0.289s] Level 1:colcon.colcon_core.environment:create_environment_scripts_only(testbed_description)
[0.289s] Level 1:colcon.colcon_core.environment:checking '/home/adithya/gz_ws/install/testbed_description' for CMake module files
[0.290s] DEBUG:colcon.colcon_core.event_handler.log_command:Invoked command in '/home/adithya/gz_ws/build/testbed_description' returned '0': CMAKE_PREFIX_PATH=${CMAKE_PREFIX_PATH}:/opt/ros/humble /usr/bin/cmake --install /home/adithya/gz_ws/build/testbed_description
[0.290s] Level 1:colcon.colcon_core.environment:checking '/home/adithya/gz_ws/install/testbed_description' for CMake config files
[0.291s] Level 1:colcon.colcon_core.shell:create_environment_hook('testbed_description', 'cmake_prefix_path')
[0.291s] INFO:colcon.colcon_core.shell:Creating environment hook '/home/adithya/gz_ws/install/testbed_description/share/testbed_description/hook/cmake_prefix_path.ps1'
[0.291s] INFO:colcon.colcon_core.shell:Creating environment descriptor '/home/adithya/gz_ws/install/testbed_description/share/testbed_description/hook/cmake_prefix_path.dsv'
[0.291s] INFO:colcon.colcon_core.shell:Creating environment hook '/home/adithya/gz_ws/install/testbed_description/share/testbed_description/hook/cmake_prefix_path.sh'
[0.292s] Level 1:colcon.colcon_core.environment:checking '/home/adithya/gz_ws/install/testbed_description/bin'
[0.292s] Level 1:colcon.colcon_core.environment:checking '/home/adithya/gz_ws/install/testbed_description/lib/pkgconfig/testbed_description.pc'
[0.292s] Level 1:colcon.colcon_core.environment:checking '/home/adithya/gz_ws/install/testbed_description/lib/python3.10/site-packages'
[0.292s] Level 1:colcon.colcon_core.environment:checking '/home/adithya/gz_ws/install/testbed_description/bin'
[0.292s] INFO:colcon.colcon_core.shell:Creating package script '/home/adithya/gz_ws/install/testbed_description/share/testbed_description/package.ps1'
[0.293s] INFO:colcon.colcon_core.shell:Creating package descriptor '/home/adithya/gz_ws/install/testbed_description/share/testbed_description/package.dsv'
[0.293s] INFO:colcon.colcon_core.shell:Creating package script '/home/adithya/gz_ws/install/testbed_description/share/testbed_description/package.sh'
[0.293s] INFO:colcon.colcon_core.shell:Creating package script '/home/adithya/gz_ws/install/testbed_description/share/testbed_description/package.bash'
[0.294s] INFO:colcon.colcon_core.shell:Creating package script '/home/adithya/gz_ws/install/testbed_description/share/testbed_description/package.zsh'
[0.294s] Level 1:colcon.colcon_core.environment:create_file_with_runtime_dependencies(/home/adithya/gz_ws/install/testbed_description/share/colcon-core/packages/testbed_description)
[0.294s] Level 1:colcon.colcon_core.environment:create_environment_scripts_only(testbed_description)
[0.294s] Level 1:colcon.colcon_core.environment:checking '/home/adithya/gz_ws/install/testbed_description' for CMake module files
[0.294s] Level 1:colcon.colcon_core.environment:checking '/home/adithya/gz_ws/install/testbed_description' for CMake config files
[0.295s] Level 1:colcon.colcon_core.shell:create_environment_hook('testbed_description', 'cmake_prefix_path')
[0.295s] INFO:colcon.colcon_core.shell:Creating environment hook '/home/adithya/gz_ws/install/testbed_description/share/testbed_description/hook/cmake_prefix_path.ps1'
[0.295s] INFO:colcon.colcon_core.shell:Creating environment descriptor '/home/adithya/gz_ws/install/testbed_description/share/testbed_description/hook/cmake_prefix_path.dsv'
[0.295s] INFO:colcon.colcon_core.shell:Creating environment hook '/home/adithya/gz_ws/install/testbed_description/share/testbed_description/hook/cmake_prefix_path.sh'
[0.295s] Level 1:colcon.colcon_core.environment:checking '/home/adithya/gz_ws/install/testbed_description/bin'
[0.295s] Level 1:colcon.colcon_core.environment:checking '/home/adithya/gz_ws/install/testbed_description/lib/pkgconfig/testbed_description.pc'
[0.296s] Level 1:colcon.colcon_core.environment:checking '/home/adithya/gz_ws/install/testbed_description/lib/python3.10/site-packages'
[0.296s] Level 1:colcon.colcon_core.environment:checking '/home/adithya/gz_ws/install/testbed_description/bin'
[0.296s] INFO:colcon.colcon_core.shell:Creating package script '/home/adithya/gz_ws/install/testbed_description/share/testbed_description/package.ps1'
[0.296s] INFO:colcon.colcon_core.shell:Creating package descriptor '/home/adithya/gz_ws/install/testbed_description/share/testbed_description/package.dsv'
[0.297s] INFO:colcon.colcon_core.shell:Creating package script '/home/adithya/gz_ws/install/testbed_description/share/testbed_description/package.sh'
[0.297s] INFO:colcon.colcon_core.shell:Creating package script '/home/adithya/gz_ws/install/testbed_description/share/testbed_description/package.bash'
[0.297s] INFO:colcon.colcon_core.shell:Creating package script '/home/adithya/gz_ws/install/testbed_description/share/testbed_description/package.zsh'
[0.297s] Level 1:colcon.colcon_core.environment:create_file_with_runtime_dependencies(/home/adithya/gz_ws/install/testbed_description/share/colcon-core/packages/testbed_description)
[0.298s] INFO:colcon.colcon_ros.task.ament_cmake.build:Building ROS package in '/home/adithya/gz_ws/src/level01_ros_assignment/testbed_gazebo' with build type 'ament_cmake'
[0.298s] INFO:colcon.colcon_cmake.task.cmake.build:Building CMake package in '/home/adithya/gz_ws/src/level01_ros_assignment/testbed_gazebo'
[0.298s] INFO:colcon.colcon_core.shell:Skip shell extension 'powershell' for command environment: Not usable outside of PowerShell
[0.298s] DEBUG:colcon.colcon_core.shell:Skip shell extension 'dsv' for command environment
[0.301s] Level 1:colcon.colcon_core.environment:create_environment_scripts_only(testbed_navigation)
[0.301s] Level 1:colcon.colcon_core.environment:checking '/home/adithya/gz_ws/install/testbed_navigation' for CMake module files
[0.301s] DEBUG:colcon.colcon_core.event_handler.log_command:Invoked command in '/home/adithya/gz_ws/build/testbed_navigation' returned '0': CMAKE_PREFIX_PATH=${CMAKE_PREFIX_PATH}:/opt/ros/humble /usr/bin/cmake --install /home/adithya/gz_ws/build/testbed_navigation
[0.302s] Level 1:colcon.colcon_core.environment:checking '/home/adithya/gz_ws/install/testbed_navigation' for CMake config files
[0.302s] Level 1:colcon.colcon_core.shell:create_environment_hook('testbed_navigation', 'cmake_prefix_path')
[0.303s] INFO:colcon.colcon_core.shell:Creating environment hook '/home/adithya/gz_ws/install/testbed_navigation/share/testbed_navigation/hook/cmake_prefix_path.ps1'
[0.303s] INFO:colcon.colcon_core.shell:Creating environment descriptor '/home/adithya/gz_ws/install/testbed_navigation/share/testbed_navigation/hook/cmake_prefix_path.dsv'
[0.303s] INFO:colcon.colcon_core.shell:Creating environment hook '/home/adithya/gz_ws/install/testbed_navigation/share/testbed_navigation/hook/cmake_prefix_path.sh'
[0.304s] Level 1:colcon.colcon_core.environment:checking '/home/adithya/gz_ws/install/testbed_navigation/bin'
[0.304s] Level 1:colcon.colcon_core.environment:checking '/home/adithya/gz_ws/install/testbed_navigation/lib/pkgconfig/testbed_navigation.pc'
[0.304s] Level 1:colcon.colcon_core.environment:checking '/home/adithya/gz_ws/install/testbed_navigation/lib/python3.10/site-packages'
[0.304s] Level 1:colcon.colcon_core.environment:checking '/home/adithya/gz_ws/install/testbed_navigation/bin'
[0.304s] INFO:colcon.colcon_core.shell:Creating package script '/home/adithya/gz_ws/install/testbed_navigation/share/testbed_navigation/package.ps1'
[0.305s] INFO:colcon.colcon_core.shell:Creating package descriptor '/home/adithya/gz_ws/install/testbed_navigation/share/testbed_navigation/package.dsv'
[0.305s] INFO:colcon.colcon_core.shell:Creating package script '/home/adithya/gz_ws/install/testbed_navigation/share/testbed_navigation/package.sh'
[0.305s] INFO:colcon.colcon_core.shell:Creating package script '/home/adithya/gz_ws/install/testbed_navigation/share/testbed_navigation/package.bash'
[0.305s] INFO:colcon.colcon_core.shell:Creating package script '/home/adithya/gz_ws/install/testbed_navigation/share/testbed_navigation/package.zsh'
[0.305s] Level 1:colcon.colcon_core.environment:create_file_with_runtime_dependencies(/home/adithya/gz_ws/install/testbed_navigation/share/colcon-core/packages/testbed_navigation)
[0.306s] Level 1:colcon.colcon_core.environment:create_environment_scripts_only(testbed_navigation)
[0.306s] Level 1:colcon.colcon_core.environment:checking '/home/adithya/gz_ws/install/testbed_navigation' for CMake module files
[0.306s] Level 1:colcon.colcon_core.environment:checking '/home/adithya/gz_ws/install/testbed_navigation' for CMake config files
[0.306s] Level 1:colcon.colcon_core.shell:create_environment_hook('testbed_navigation', 'cmake_prefix_path')
[0.306s] INFO:colcon.colcon_core.shell:Creating environment hook '/home/adithya/gz_ws/install/testbed_navigation/share/testbed_navigation/hook/cmake_prefix_path.ps1'
[0.307s] INFO:colcon.colcon_core.shell:Creating environment descriptor '/home/adithya/gz_ws/install/testbed_navigation/share/testbed_navigation/hook/cmake_prefix_path.dsv'
[0.307s] INFO:colcon.colcon_core.shell:Creating environment hook '/home/adithya/gz_ws/install/testbed_navigation/share/testbed_navigation/hook/cmake_prefix_path.sh'
[0.307s] Level 1:colcon.colcon_core.environment:checking '/home/adithya/gz_ws/install/testbed_navigation/bin'
[0.307s] Level 1:colcon.colcon_core.environment:checking '/home/adithya/gz_ws/install/testbed_navigation/lib/pkgconfig/testbed_navigation.pc'
[0.308s] Level 1:colcon.colcon_core.environment:checking '/home/adithya/gz_ws/install/testbed_navigation/lib/python3.10/site-packages'
[0.308s] Level 1:colcon.colcon_core.environment:checking '/home/adithya/gz_ws/install/testbed_navigation/bin'
[0.308s] INFO:colcon.colcon_core.shell:Creating package script '/home/adithya/gz_ws/install/testbed_navigation/share/testbed_navigation/package.ps1'
[0.308s] INFO:colcon.colcon_core.shell:Creating package descriptor '/home/adithya/gz_ws/install/testbed_navigation/share/testbed_navigation/package.dsv'
[0.309s] INFO:colcon.colcon_core.shell:Creating package script '/home/adithya/gz_ws/install/testbed_navigation/share/testbed_navigation/package.sh'
[0.309s] INFO:colcon.colcon_core.shell:Creating package script '/home/adithya/gz_ws/install/testbed_navigation/share/testbed_navigation/package.bash'
[0.309s] INFO:colcon.colcon_core.shell:Creating package script '/home/adithya/gz_ws/install/testbed_navigation/share/testbed_navigation/package.zsh'
[0.309s] Level 1:colcon.colcon_core.environment:create_file_with_runtime_dependencies(/home/adithya/gz_ws/install/testbed_navigation/share/colcon-core/packages/testbed_navigation)
[0.312s] DEBUG:colcon.colcon_core.event_handler.log_command:Invoking command in '/home/adithya/gz_ws/build/testbed_gazebo': CMAKE_PREFIX_PATH=/home/adithya/gz_ws/install/testbed_description:/home/adithya/gz_ws/install/testbed_navigation:/home/adithya/gz_ws/install/testbed_gazebo:/home/adithya/gz_ws/install/testbed_bringup:/home/adithya/gz_ws/install/teleop_collision:/home/adithya/gz_ws/install/pointcloud_to_laserscan:/home/adithya/gz_ws/install/leg_assembly_moveit_config:/home/adithya/gz_ws/install/leg_assembly:/opt/openrobots:/opt/ros/humble /usr/bin/cmake --build /home/adithya/gz_ws/build/testbed_gazebo -- -j16 -l16
[0.339s] DEBUG:colcon.colcon_core.event_handler.log_command:Invoked command in '/home/adithya/gz_ws/build/pointcloud_to_laserscan' returned '0': CMAKE_PREFIX_PATH=${CMAKE_PREFIX_PATH}:/opt/ros/humble /usr/bin/cmake --build /home/adithya/gz_ws/build/pointcloud_to_laserscan -- -j16 -l16
[0.341s] DEBUG:colcon.colcon_core.event_handler.log_command:Invoking command in '/home/adithya/gz_ws/build/pointcloud_to_laserscan': CMAKE_PREFIX_PATH=${CMAKE_PREFIX_PATH}:/opt/ros/humble /usr/bin/cmake --install /home/adithya/gz_ws/build/pointcloud_to_laserscan
[0.348s] DEBUG:colcon.colcon_core.event_handler.log_command:Invoked command in '/home/adithya/gz_ws/build/testbed_gazebo' returned '0': CMAKE_PREFIX_PATH=/home/adithya/gz_ws/install/testbed_description:/home/adithya/gz_ws/install/testbed_navigation:/home/adithya/gz_ws/install/testbed_gazebo:/home/adithya/gz_ws/install/testbed_bringup:/home/adithya/gz_ws/install/teleop_collision:/home/adithya/gz_ws/install/pointcloud_to_laserscan:/home/adithya/gz_ws/install/leg_assembly_moveit_config:/home/adithya/gz_ws/install/leg_assembly:/opt/openrobots:/opt/ros/humble /usr/bin/cmake --build /home/adithya/gz_ws/build/testbed_gazebo -- -j16 -l16
[0.352s] DEBUG:colcon.colcon_core.event_handler.log_command:Invoking command in '/home/adithya/gz_ws/build/testbed_gazebo': CMAKE_PREFIX_PATH=/home/adithya/gz_ws/install/testbed_description:/home/adithya/gz_ws/install/testbed_navigation:/home/adithya/gz_ws/install/testbed_gazebo:/home/adithya/gz_ws/install/testbed_bringup:/home/adithya/gz_ws/install/teleop_collision:/home/adithya/gz_ws/install/pointcloud_to_laserscan:/home/adithya/gz_ws/install/leg_assembly_moveit_config:/home/adithya/gz_ws/install/leg_assembly:/opt/openrobots:/opt/ros/humble /usr/bin/cmake --install /home/adithya/gz_ws/build/testbed_gazebo
[0.353s] Level 1:colcon.colcon_core.environment:create_environment_scripts_only(pointcloud_to_laserscan)
[0.353s] DEBUG:colcon.colcon_core.event_handler.log_command:Invoked command in '/home/adithya/gz_ws/build/pointcloud_to_laserscan' returned '0': CMAKE_PREFIX_PATH=${CMAKE_PREFIX_PATH}:/opt/ros/humble /usr/bin/cmake --install /home/adithya/gz_ws/build/pointcloud_to_laserscan
[0.353s] Level 1:colcon.colcon_core.environment:checking '/home/adithya/gz_ws/install/pointcloud_to_laserscan' for CMake module files
[0.354s] Level 1:colcon.colcon_core.environment:checking '/home/adithya/gz_ws/install/pointcloud_to_laserscan' for CMake config files
[0.354s] Level 1:colcon.colcon_core.shell:create_environment_hook('pointcloud_to_laserscan', 'cmake_prefix_path')
[0.354s] INFO:colcon.colcon_core.shell:Creating environment hook '/home/adithya/gz_ws/install/pointcloud_to_laserscan/share/pointcloud_to_laserscan/hook/cmake_prefix_path.ps1'
[0.354s] INFO:colcon.colcon_core.shell:Creating environment descriptor '/home/adithya/gz_ws/install/pointcloud_to_laserscan/share/pointcloud_to_laserscan/hook/cmake_prefix_path.dsv'
[0.355s] INFO:colcon.colcon_core.shell:Creating environment hook '/home/adithya/gz_ws/install/pointcloud_to_laserscan/share/pointcloud_to_laserscan/hook/cmake_prefix_path.sh'
[0.355s] Level 1:colcon.colcon_core.environment:checking '/home/adithya/gz_ws/install/pointcloud_to_laserscan/lib'
[0.355s] Level 1:colcon.colcon_core.shell:create_environment_hook('pointcloud_to_laserscan', 'ld_library_path_lib')
[0.355s] INFO:colcon.colcon_core.shell:Creating environment hook '/home/adithya/gz_ws/install/pointcloud_to_laserscan/share/pointcloud_to_laserscan/hook/ld_library_path_lib.ps1'
[0.356s] INFO:colcon.colcon_core.shell:Creating environment descriptor '/home/adithya/gz_ws/install/pointcloud_to_laserscan/share/pointcloud_to_laserscan/hook/ld_library_path_lib.dsv'
[0.356s] INFO:colcon.colcon_core.shell:Creating environment hook '/home/adithya/gz_ws/install/pointcloud_to_laserscan/share/pointcloud_to_laserscan/hook/ld_library_path_lib.sh'
[0.356s] Level 1:colcon.colcon_core.environment:checking '/home/adithya/gz_ws/install/pointcloud_to_laserscan/bin'
[0.356s] Level 1:colcon.colcon_core.environment:checking '/home/adithya/gz_ws/install/pointcloud_to_laserscan/lib/pkgconfig/pointcloud_to_laserscan.pc'
[0.357s] Level 1:colcon.colcon_core.environment:checking '/home/adithya/gz_ws/install/pointcloud_to_laserscan/lib/python3.10/site-packages'
[0.357s] Level 1:colcon.colcon_core.environment:checking '/home/adithya/gz_ws/install/pointcloud_to_laserscan/bin'
[0.357s] INFO:colcon.colcon_core.shell:Creating package script '/home/adithya/gz_ws/install/pointcloud_to_laserscan/share/pointcloud_to_laserscan/package.ps1'
[0.358s] INFO:colcon.colcon_core.shell:Creating package descriptor '/home/adithya/gz_ws/install/pointcloud_to_laserscan/share/pointcloud_to_laserscan/package.dsv'
[0.358s] INFO:colcon.colcon_core.shell:Creating package script '/home/adithya/gz_ws/install/pointcloud_to_laserscan/share/pointcloud_to_laserscan/package.sh'
[0.359s] INFO:colcon.colcon_core.shell:Creating package script '/home/adithya/gz_ws/install/pointcloud_to_laserscan/share/pointcloud_to_laserscan/package.bash'
[0.359s] INFO:colcon.colcon_core.shell:Creating package script '/home/adithya/gz_ws/install/pointcloud_to_laserscan/share/pointcloud_to_laserscan/package.zsh'
[0.360s] Level 1:colcon.colcon_core.environment:create_file_with_runtime_dependencies(/home/adithya/gz_ws/install/pointcloud_to_laserscan/share/colcon-core/packages/pointcloud_to_laserscan)
[0.360s] Level 1:colcon.colcon_core.environment:create_environment_scripts_only(pointcloud_to_laserscan)
[0.361s] Level 1:colcon.colcon_core.environment:checking '/home/adithya/gz_ws/install/pointcloud_to_laserscan' for CMake module files
[0.361s] Level 1:colcon.colcon_core.environment:checking '/home/adithya/gz_ws/install/pointcloud_to_laserscan' for CMake config files
[0.361s] Level 1:colcon.colcon_core.shell:create_environment_hook('pointcloud_to_laserscan', 'cmake_prefix_path')
[0.362s] INFO:colcon.colcon_core.shell:Creating environment hook '/home/adithya/gz_ws/install/pointcloud_to_laserscan/share/pointcloud_to_laserscan/hook/cmake_prefix_path.ps1'
[0.362s] INFO:colcon.colcon_core.shell:Creating environment descriptor '/home/adithya/gz_ws/install/pointcloud_to_laserscan/share/pointcloud_to_laserscan/hook/cmake_prefix_path.dsv'
[0.363s] INFO:colcon.colcon_core.shell:Creating environment hook '/home/adithya/gz_ws/install/pointcloud_to_laserscan/share/pointcloud_to_laserscan/hook/cmake_prefix_path.sh'
[0.363s] Level 1:colcon.colcon_core.environment:checking '/home/adithya/gz_ws/install/pointcloud_to_laserscan/lib'
[0.363s] Level 1:colcon.colcon_core.shell:create_environment_hook('pointcloud_to_laserscan', 'ld_library_path_lib')
[0.364s] INFO:colcon.colcon_core.shell:Creating environment hook '/home/adithya/gz_ws/install/pointcloud_to_laserscan/share/pointcloud_to_laserscan/hook/ld_library_path_lib.ps1'
[0.364s] INFO:colcon.colcon_core.shell:Creating environment descriptor '/home/adithya/gz_ws/install/pointcloud_to_laserscan/share/pointcloud_to_laserscan/hook/ld_library_path_lib.dsv'
[0.365s] INFO:colcon.colcon_core.shell:Creating environment hook '/home/adithya/gz_ws/install/pointcloud_to_laserscan/share/pointcloud_to_laserscan/hook/ld_library_path_lib.sh'
[0.365s] Level 1:colcon.colcon_core.environment:checking '/home/adithya/gz_ws/install/pointcloud_to_laserscan/bin'
[0.365s] Level 1:colcon.colcon_core.environment:checking '/home/adithya/gz_ws/install/pointcloud_to_laserscan/lib/pkgconfig/pointcloud_to_laserscan.pc'
[0.365s] Level 1:colcon.colcon_core.environment:checking '/home/adithya/gz_ws/install/pointcloud_to_laserscan/lib/python3.10/site-packages'
[0.366s] Level 1:colcon.colcon_core.environment:checking '/home/adithya/gz_ws/install/pointcloud_to_laserscan/bin'
[0.366s] INFO:colcon.colcon_core.shell:Creating package script '/home/adithya/gz_ws/install/pointcloud_to_laserscan/share/pointcloud_to_laserscan/package.ps1'
[0.367s] INFO:colcon.colcon_core.shell:Creating package descriptor '/home/adithya/gz_ws/install/pointcloud_to_laserscan/share/pointcloud_to_laserscan/package.dsv'
[0.367s] INFO:colcon.colcon_core.shell:Creating package script '/home/adithya/gz_ws/install/pointcloud_to_laserscan/share/pointcloud_to_laserscan/package.sh'
[0.367s] INFO:colcon.colcon_core.shell:Creating package script '/home/adithya/gz_ws/install/pointcloud_to_laserscan/share/pointcloud_to_laserscan/package.bash'
[0.368s] INFO:colcon.colcon_core.shell:Creating package script '/home/adithya/gz_ws/install/pointcloud_to_laserscan/share/pointcloud_to_laserscan/package.zsh'
[0.368s] Level 1:colcon.colcon_core.environment:create_file_with_runtime_dependencies(/home/adithya/gz_ws/install/pointcloud_to_laserscan/share/colcon-core/packages/pointcloud_to_laserscan)
[0.369s] Level 1:colcon.colcon_core.environment:create_environment_scripts_only(testbed_gazebo)
[0.369s] Level 1:colcon.colcon_core.environment:checking '/home/adithya/gz_ws/install/testbed_gazebo' for CMake module files
[0.370s] DEBUG:colcon.colcon_core.event_handler.log_command:Invoked command in '/home/adithya/gz_ws/build/testbed_gazebo' returned '0': CMAKE_PREFIX_PATH=/home/adithya/gz_ws/install/testbed_description:/home/adithya/gz_ws/install/testbed_navigation:/home/adithya/gz_ws/install/testbed_gazebo:/home/adithya/gz_ws/install/testbed_bringup:/home/adithya/gz_ws/install/teleop_collision:/home/adithya/gz_ws/install/pointcloud_to_laserscan:/home/adithya/gz_ws/install/leg_assembly_moveit_config:/home/adithya/gz_ws/install/leg_assembly:/opt/openrobots:/opt/ros/humble /usr/bin/cmake --install /home/adithya/gz_ws/build/testbed_gazebo
[0.370s] Level 1:colcon.colcon_core.environment:checking '/home/adithya/gz_ws/install/testbed_gazebo' for CMake config files
[0.370s] Level 1:colcon.colcon_core.shell:create_environment_hook('testbed_gazebo', 'cmake_prefix_path')
[0.370s] INFO:colcon.colcon_core.shell:Creating environment hook '/home/adithya/gz_ws/install/testbed_gazebo/share/testbed_gazebo/hook/cmake_prefix_path.ps1'
[0.370s] INFO:colcon.colcon_core.shell:Creating environment descriptor '/home/adithya/gz_ws/install/testbed_gazebo/share/testbed_gazebo/hook/cmake_prefix_path.dsv'
[0.371s] INFO:colcon.colcon_core.shell:Creating environment hook '/home/adithya/gz_ws/install/testbed_gazebo/share/testbed_gazebo/hook/cmake_prefix_path.sh'
[0.371s] Level 1:colcon.colcon_core.environment:checking '/home/adithya/gz_ws/install/testbed_gazebo/bin'
[0.371s] Level 1:colcon.colcon_core.environment:checking '/home/adithya/gz_ws/install/testbed_gazebo/lib/pkgconfig/testbed_gazebo.pc'
[0.371s] Level 1:colcon.colcon_core.environment:checking '/home/adithya/gz_ws/install/testbed_gazebo/lib/python3.10/site-packages'
[0.372s] Level 1:colcon.colcon_core.environment:checking '/home/adithya/gz_ws/install/testbed_gazebo/bin'
[0.372s] INFO:colcon.colcon_core.shell:Creating package script '/home/adithya/gz_ws/install/testbed_gazebo/share/testbed_gazebo/package.ps1'
[0.372s] INFO:colcon.colcon_core.shell:Creating package descriptor '/home/adithya/gz_ws/install/testbed_gazebo/share/testbed_gazebo/package.dsv'
[0.372s] INFO:colcon.colcon_core.shell:Creating package script '/home/adithya/gz_ws/install/testbed_gazebo/share/testbed_gazebo/package.sh'
[0.373s] INFO:colcon.colcon_core.shell:Creating package script '/home/adithya/gz_ws/install/testbed_gazebo/share/testbed_gazebo/package.bash'
[0.373s] INFO:colcon.colcon_core.shell:Creating package script '/home/adithya/gz_ws/install/testbed_gazebo/share/testbed_gazebo/package.zsh'
[0.373s] Level 1:colcon.colcon_core.environment:create_file_with_runtime_dependencies(/home/adithya/gz_ws/install/testbed_gazebo/share/colcon-core/packages/testbed_gazebo)
[0.373s] Level 1:colcon.colcon_core.environment:create_environment_scripts_only(testbed_gazebo)
[0.373s] Level 1:colcon.colcon_core.environment:checking '/home/adithya/gz_ws/install/testbed_gazebo' for CMake module files
[0.374s] Level 1:colcon.colcon_core.environment:checking '/home/adithya/gz_ws/install/testbed_gazebo' for CMake config files
[0.374s] Level 1:colcon.colcon_core.shell:create_environment_hook('testbed_gazebo', 'cmake_prefix_path')
[0.374s] INFO:colcon.colcon_core.shell:Creating environment hook '/home/adithya/gz_ws/install/testbed_gazebo/share/testbed_gazebo/hook/cmake_prefix_path.ps1'
[0.374s] INFO:colcon.colcon_core.shell:Creating environment descriptor '/home/adithya/gz_ws/install/testbed_gazebo/share/testbed_gazebo/hook/cmake_prefix_path.dsv'
[0.374s] INFO:colcon.colcon_core.shell:Creating environment hook '/home/adithya/gz_ws/install/testbed_gazebo/share/testbed_gazebo/hook/cmake_prefix_path.sh'
[0.375s] Level 1:colcon.colcon_core.environment:checking '/home/adithya/gz_ws/install/testbed_gazebo/bin'
[0.375s] Level 1:colcon.colcon_core.environment:checking '/home/adithya/gz_ws/install/testbed_gazebo/lib/pkgconfig/testbed_gazebo.pc'
[0.375s] Level 1:colcon.colcon_core.environment:checking '/home/adithya/gz_ws/install/testbed_gazebo/lib/python3.10/site-packages'
[0.375s] Level 1:colcon.colcon_core.environment:checking '/home/adithya/gz_ws/install/testbed_gazebo/bin'
[0.375s] INFO:colcon.colcon_core.shell:Creating package script '/home/adithya/gz_ws/install/testbed_gazebo/share/testbed_gazebo/package.ps1'
[0.376s] INFO:colcon.colcon_core.shell:Creating package descriptor '/home/adithya/gz_ws/install/testbed_gazebo/share/testbed_gazebo/package.dsv'
[0.376s] INFO:colcon.colcon_core.shell:Creating package script '/home/adithya/gz_ws/install/testbed_gazebo/share/testbed_gazebo/package.sh'
[0.376s] INFO:colcon.colcon_core.shell:Creating package script '/home/adithya/gz_ws/install/testbed_gazebo/share/testbed_gazebo/package.bash'
[0.376s] INFO:colcon.colcon_core.shell:Creating package script '/home/adithya/gz_ws/install/testbed_gazebo/share/testbed_gazebo/package.zsh'
[0.376s] Level 1:colcon.colcon_core.environment:create_file_with_runtime_dependencies(/home/adithya/gz_ws/install/testbed_gazebo/share/colcon-core/packages/testbed_gazebo)
[0.377s] DEBUG:colcon.colcon_parallel_executor.executor.parallel:closing loop
[0.377s] DEBUG:colcon.colcon_parallel_executor.executor.parallel:loop closed
[0.377s] DEBUG:colcon.colcon_parallel_executor.executor.parallel:run_until_complete finished with '0'
[0.377s] DEBUG:colcon.colcon_core.event_reactor:joining thread
[0.380s] INFO:colcon.colcon_core.plugin_system:Skipping extension 'colcon_notification.desktop_notification.terminal_notifier': Not used on non-Darwin systems
[0.380s] INFO:colcon.colcon_core.plugin_system:Skipping extension 'colcon_notification.desktop_notification.win32': Not used on non-Windows systems
[0.381s] INFO:colcon.colcon_notification.desktop_notification:Sending desktop notification using 'notify2'
[0.389s] DEBUG:colcon.colcon_core.event_reactor:joined thread
[0.390s] INFO:colcon.colcon_core.shell:Creating prefix script '/home/adithya/gz_ws/install/local_setup.ps1'
[0.391s] INFO:colcon.colcon_core.shell:Creating prefix util module '/home/adithya/gz_ws/install/_local_setup_util_ps1.py'
[0.392s] INFO:colcon.colcon_core.shell:Creating prefix chain script '/home/adithya/gz_ws/install/setup.ps1'
[0.393s] INFO:colcon.colcon_core.shell:Creating prefix script '/home/adithya/gz_ws/install/local_setup.sh'
[0.394s] INFO:colcon.colcon_core.shell:Creating prefix util module '/home/adithya/gz_ws/install/_local_setup_util_sh.py'
[0.394s] INFO:colcon.colcon_core.shell:Creating prefix chain script '/home/adithya/gz_ws/install/setup.sh'
[0.395s] INFO:colcon.colcon_core.shell:Creating prefix script '/home/adithya/gz_ws/install/local_setup.bash'
[0.396s] INFO:colcon.colcon_core.shell:Creating prefix chain script '/home/adithya/gz_ws/install/setup.bash'
[0.396s] INFO:colcon.colcon_core.shell:Creating prefix script '/home/adithya/gz_ws/install/local_setup.zsh'
[0.397s] INFO:colcon.colcon_core.shell:Creating prefix chain script '/home/adithya/gz_ws/install/setup.zsh'
