[0.010s] Invoking command in '/home/adithya/gz_ws/build/pointcloud_to_laserscan': CMAKE_PREFIX_PATH=${CMAKE_PREFIX_PATH}:/opt/ros/humble /usr/bin/cmake /home/adithya/gz_ws/src/pointcloud_to_laserscan -DCMAKE_INSTALL_PREFIX=/home/adithya/gz_ws/install/pointcloud_to_laserscan
[0.019s] -- Found ament_cmake: 1.3.14 (/opt/ros/humble/share/ament_cmake/cmake)
[0.115s] -- Found laser_geometry: 2.4.1 (/opt/ros/humble/share/laser_geometry/cmake)
[0.137s] -- Found rosidl_generator_c: 3.1.8 (/opt/ros/humble/share/rosidl_generator_c/cmake)
[0.139s] -- Found rosidl_adapter: 3.1.8 (/opt/ros/humble/share/rosidl_adapter/cmake)
[0.142s] -- Found rosidl_generator_cpp: 3.1.8 (/opt/ros/humble/share/rosidl_generator_cpp/cmake)
[0.148s] -- Using all available rosidl_typesupport_c: rosidl_typesupport_fastrtps_c;rosidl_typesupport_introspection_c
[0.156s] -- Using all available rosidl_typesupport_cpp: rosidl_typesupport_fastrtps_cpp;rosidl_typesupport_introspection_cpp
[0.177s] -- Found rmw_implementation_cmake: 6.1.2 (/opt/ros/humble/share/rmw_implementation_cmake/cmake)
[0.178s] -- Found rmw_fastrtps_cpp: 6.2.10 (/opt/ros/humble/share/rmw_fastrtps_cpp/cmake)
[0.253s] -- Using RMW implementation 'rmw_fastrtps_cpp' as default
[0.306s] -- Found message_filters: 4.3.16 (/opt/ros/humble/share/message_filters/cmake)
[0.308s] -- Found rclcpp_components: 16.0.19 (/opt/ros/humble/share/rclcpp_components/cmake)
[0.319s] -- Found tf2_ros: 0.25.20 (/opt/ros/humble/share/tf2_ros/cmake)
[0.356s] -- Found tf2_sensor_msgs: 0.25.20 (/opt/ros/humble/share/tf2_sensor_msgs/cmake)
[0.360s] -- Found ament_lint_auto: 0.12.15 (/opt/ros/humble/share/ament_lint_auto/cmake)
[0.406s] -- Added test 'cppcheck' to perform static code analysis on C / C++ code
[0.406s] -- Configured cppcheck include dirs: $<BUILD_INTERFACE:/home/adithya/gz_ws/src/pointcloud_to_laserscan/include>
[0.406s] -- Configured cppcheck exclude dirs and/or files: 
[0.407s] -- Added test 'cpplint' to check C / C++ code against the Google style
[0.407s] -- Configured cpplint exclude dirs and/or files: 
[0.407s] -- Added test 'flake8' to check Python code syntax and style conventions
[0.408s] -- Added test 'lint_cmake' to check CMake code style
[0.408s] -- Added test 'pep257' to check Python code against some of the docstring style conventions in PEP 257
[0.409s] -- Added test 'uncrustify' to check C / C++ code style
[0.410s] -- Configured uncrustify additional arguments: 
[0.410s] -- Added test 'xmllint' to check XML markup files
[0.410s] -- Configuring done
[0.414s] [31mCMake Error at CMakeLists.txt:15 (add_library):
[0.414s]   Target "laserscan_to_pointcloud" links to target
[0.414s]   "tf2_sensor_msgs::tf2_sensor_msgs" but the target was not found.  Perhaps a
[0.414s]   find_package() call is missing for an IMPORTED target, or an ALIAS target
[0.414s]   is missing?
[0.414s] 
[0.414s] [0m
[0.414s] [31mCMake Error at CMakeLists.txt:36 (add_library):
[0.414s]   Target "pointcloud_to_laserscan" links to target
[0.414s]   "tf2_sensor_msgs::tf2_sensor_msgs" but the target was not found.  Perhaps a
[0.414s]   find_package() call is missing for an IMPORTED target, or an ALIAS target
[0.414s]   is missing?
[0.414s] 
[0.414s] [0m
[0.424s] -- Generating done
[0.425s] [0mCMake Generate step failed.  Build files cannot be regenerated correctly.[0m
[0.432s] Invoked command in '/home/adithya/gz_ws/build/pointcloud_to_laserscan' returned '1': CMAKE_PREFIX_PATH=${CMAKE_PREFIX_PATH}:/opt/ros/humble /usr/bin/cmake /home/adithya/gz_ws/src/pointcloud_to_laserscan -DCMAKE_INSTALL_PREFIX=/home/adithya/gz_ws/install/pointcloud_to_laserscan
