[0.012s] Invoking command in '/home/adithya/gz_ws/build/pointcloud_to_laserscan': CMAKE_PREFIX_PATH=${CMAKE_PREFIX_PATH}:/opt/ros/humble /usr/bin/cmake /home/adithya/gz_ws/src/pointcloud_to_laserscan -DCMAKE_INSTALL_PREFIX=/home/adithya/gz_ws/install/pointcloud_to_laserscan
[0.352s] -- The C compiler identification is GNU 11.4.0
[0.515s] -- The CXX compiler identification is GNU 11.4.0
[0.525s] -- Detecting C compiler ABI info
[0.587s] -- Detecting C compiler ABI info - done
[0.596s] -- Check for working C compiler: /usr/bin/cc - skipped
[0.596s] -- Detecting C compile features
[0.596s] -- Detecting C compile features - done
[0.598s] -- Detecting CXX compiler ABI info
[0.664s] -- Detecting CXX compiler ABI info - done
[0.671s] -- Check for working CXX compiler: /usr/bin/c++ - skipped
[0.671s] -- Detecting CXX compile features
[0.671s] -- Detecting CXX compile features - done
[0.678s] -- Found ament_cmake_auto: 1.3.14 (/opt/ros/humble/share/ament_cmake_auto/cmake)
[0.978s] -- Found Python3: /usr/bin/python3 (found version "3.10.12") found components: Interpreter 
[1.179s] -- Found rosidl_generator_c: 3.1.8 (/opt/ros/humble/share/rosidl_generator_c/cmake)
[1.186s] -- Found rosidl_adapter: 3.1.8 (/opt/ros/humble/share/rosidl_adapter/cmake)
[1.199s] -- Found rosidl_generator_cpp: 3.1.8 (/opt/ros/humble/share/rosidl_generator_cpp/cmake)
[1.215s] -- Using all available rosidl_typesupport_c: rosidl_typesupport_fastrtps_c;rosidl_typesupport_introspection_c
[1.232s] -- Using all available rosidl_typesupport_cpp: rosidl_typesupport_fastrtps_cpp;rosidl_typesupport_introspection_cpp
[1.291s] -- Found rmw_implementation_cmake: 6.1.2 (/opt/ros/humble/share/rmw_implementation_cmake/cmake)
[1.296s] -- Found rmw_fastrtps_cpp: 6.2.10 (/opt/ros/humble/share/rmw_fastrtps_cpp/cmake)
[1.401s] -- Found OpenSSL: /usr/lib/x86_64-linux-gnu/libcrypto.so (found version "3.0.2")  
[1.429s] -- Found FastRTPS: /opt/ros/humble/include  
[1.463s] -- Using RMW implementation 'rmw_fastrtps_cpp' as default
[1.479s] -- Looking for pthread.h
[1.551s] -- Looking for pthread.h - found
[1.552s] -- Performing Test CMAKE_HAVE_LIBC_PTHREAD
[1.618s] -- Performing Test CMAKE_HAVE_LIBC_PTHREAD - Success
[1.620s] -- Found Threads: TRUE  
[1.815s] -- Found ament_lint_auto: 0.12.15 (/opt/ros/humble/share/ament_lint_auto/cmake)
[1.830s] [0mIn this package, headers install destination is set to `include` by ament_auto_package. It is recommended to install `include/pointcloud_to_laserscan` instead and will be the default behavior of ament_auto_package from ROS 2 Kilted Kaiju. On distributions before Kilted, ament_auto_package behaves the same way when you use USE_SCOPED_HEADER_INSTALL_DIR option.[0m
[1.837s] -- Added test 'cppcheck' to perform static code analysis on C / C++ code
[1.838s] -- Configured cppcheck include dirs: /home/adithya/gz_ws/src/pointcloud_to_laserscan/include
[1.838s] -- Configured cppcheck exclude dirs and/or files: 
[1.840s] -- Added test 'cpplint' to check C / C++ code against the Google style
[1.840s] -- Configured cpplint exclude dirs and/or files: 
[1.840s] -- Added test 'flake8' to check Python code syntax and style conventions
[1.841s] -- Added test 'lint_cmake' to check CMake code style
[1.841s] -- Added test 'pep257' to check Python code against some of the docstring style conventions in PEP 257
[1.843s] -- Added test 'uncrustify' to check C / C++ code style
[1.843s] -- Configured uncrustify additional arguments: 
[1.843s] -- Added test 'xmllint' to check XML markup files
[1.847s] -- Configuring done
[1.877s] -- Generating done
[1.884s] -- Build files have been written to: /home/adithya/gz_ws/build/pointcloud_to_laserscan
[1.891s] Invoked command in '/home/adithya/gz_ws/build/pointcloud_to_laserscan' returned '0': CMAKE_PREFIX_PATH=${CMAKE_PREFIX_PATH}:/opt/ros/humble /usr/bin/cmake /home/adithya/gz_ws/src/pointcloud_to_laserscan -DCMAKE_INSTALL_PREFIX=/home/adithya/gz_ws/install/pointcloud_to_laserscan
[1.893s] Invoking command in '/home/adithya/gz_ws/build/pointcloud_to_laserscan': CMAKE_PREFIX_PATH=${CMAKE_PREFIX_PATH}:/opt/ros/humble /usr/bin/cmake --build /home/adithya/gz_ws/build/pointcloud_to_laserscan -- -j16 -l16
[1.926s] [ 10%] [32mBuilding CXX object CMakeFiles/laserscan_to_pointcloud.dir/src/laserscan_to_pointcloud_node.cpp.o[0m
[1.927s] [ 20%] [32mBuilding CXX object CMakeFiles/laserscan_to_pointcloud_node.dir/rclcpp_components/node_main_laserscan_to_pointcloud_node.cpp.o[0m
[1.932s] [ 30%] [32mBuilding CXX object CMakeFiles/pointcloud_to_laserscan_node.dir/rclcpp_components/node_main_pointcloud_to_laserscan_node.cpp.o[0m
[4.222s] [ 40%] [32m[1mLinking CXX executable laserscan_to_pointcloud_node[0m
[4.225s] [ 50%] [32m[1mLinking CXX executable pointcloud_to_laserscan_node[0m
[4.329s] [ 50%] Built target pointcloud_to_laserscan_node
[4.331s] [ 50%] Built target laserscan_to_pointcloud_node
[9.828s] [ 60%] [32m[1mLinking CXX shared library liblaserscan_to_pointcloud.so[0m
[10.217s] [ 60%] Built target laserscan_to_pointcloud
[10.236s] [ 70%] [32mBuilding CXX object CMakeFiles/pointcloud_to_laserscan.dir/src/pointcloud_to_laserscan_node.cpp.o[0m
[17.536s] [ 80%] [32m[1mLinking CXX shared library libpointcloud_to_laserscan.so[0m
[17.918s] [ 80%] Built target pointcloud_to_laserscan
[17.940s] [ 90%] [32mBuilding CXX object CMakeFiles/dummy_pointcloud_publisher.dir/src/dummy_pointcloud_publisher.cpp.o[0m
[20.593s] [100%] [32m[1mLinking CXX executable dummy_pointcloud_publisher[0m
[20.763s] [100%] Built target dummy_pointcloud_publisher
[20.773s] Invoked command in '/home/adithya/gz_ws/build/pointcloud_to_laserscan' returned '0': CMAKE_PREFIX_PATH=${CMAKE_PREFIX_PATH}:/opt/ros/humble /usr/bin/cmake --build /home/adithya/gz_ws/build/pointcloud_to_laserscan -- -j16 -l16
[20.775s] Invoking command in '/home/adithya/gz_ws/build/pointcloud_to_laserscan': CMAKE_PREFIX_PATH=${CMAKE_PREFIX_PATH}:/opt/ros/humble /usr/bin/cmake --install /home/adithya/gz_ws/build/pointcloud_to_laserscan
[20.783s] -- Install configuration: ""
[20.783s] -- Installing: /home/adithya/gz_ws/install/pointcloud_to_laserscan/lib/pointcloud_to_laserscan/laserscan_to_pointcloud_node
[20.784s] -- Set runtime path of "/home/adithya/gz_ws/install/pointcloud_to_laserscan/lib/pointcloud_to_laserscan/laserscan_to_pointcloud_node" to ""
[20.784s] -- Installing: /home/adithya/gz_ws/install/pointcloud_to_laserscan/lib/pointcloud_to_laserscan/pointcloud_to_laserscan_node
[20.784s] -- Set runtime path of "/home/adithya/gz_ws/install/pointcloud_to_laserscan/lib/pointcloud_to_laserscan/pointcloud_to_laserscan_node" to ""
[20.784s] -- Up-to-date: /home/adithya/gz_ws/install/pointcloud_to_laserscan/include
[20.785s] -- Up-to-date: /home/adithya/gz_ws/install/pointcloud_to_laserscan/include/pointcloud_to_laserscan
[20.785s] -- Up-to-date: /home/adithya/gz_ws/install/pointcloud_to_laserscan/include/pointcloud_to_laserscan/pointcloud_to_laserscan_node.hpp
[20.785s] -- Up-to-date: /home/adithya/gz_ws/install/pointcloud_to_laserscan/include/pointcloud_to_laserscan/visibility_control.h
[20.785s] -- Up-to-date: /home/adithya/gz_ws/install/pointcloud_to_laserscan/include/pointcloud_to_laserscan/laserscan_to_pointcloud_node.hpp
[20.785s] -- Up-to-date: /home/adithya/gz_ws/install/pointcloud_to_laserscan/share/pointcloud_to_laserscan/environment/library_path.sh
[20.785s] -- Installing: /home/adithya/gz_ws/install/pointcloud_to_laserscan/share/pointcloud_to_laserscan/environment/library_path.dsv
[20.785s] -- Installing: /home/adithya/gz_ws/install/pointcloud_to_laserscan/lib/liblaserscan_to_pointcloud.so
[20.789s] -- Set runtime path of "/home/adithya/gz_ws/install/pointcloud_to_laserscan/lib/liblaserscan_to_pointcloud.so" to ""
[20.789s] -- Installing: /home/adithya/gz_ws/install/pointcloud_to_laserscan/lib/libpointcloud_to_laserscan.so
[20.793s] -- Set runtime path of "/home/adithya/gz_ws/install/pointcloud_to_laserscan/lib/libpointcloud_to_laserscan.so" to ""
[20.793s] -- Installing: /home/adithya/gz_ws/install/pointcloud_to_laserscan/lib/pointcloud_to_laserscan/dummy_pointcloud_publisher
[20.794s] -- Set runtime path of "/home/adithya/gz_ws/install/pointcloud_to_laserscan/lib/pointcloud_to_laserscan/dummy_pointcloud_publisher" to ""
[20.794s] -- Up-to-date: /home/adithya/gz_ws/install/pointcloud_to_laserscan/share/pointcloud_to_laserscan/launch
[20.794s] -- Up-to-date: /home/adithya/gz_ws/install/pointcloud_to_laserscan/share/pointcloud_to_laserscan/launch/sample_pointcloud_to_laserscan_launch.py
[20.794s] -- Up-to-date: /home/adithya/gz_ws/install/pointcloud_to_laserscan/share/pointcloud_to_laserscan/launch/sample_laserscan_to_pointcloud_launch.py
[20.794s] -- Installing: /home/adithya/gz_ws/install/pointcloud_to_laserscan/share/ament_index/resource_index/package_run_dependencies/pointcloud_to_laserscan
[20.794s] -- Installing: /home/adithya/gz_ws/install/pointcloud_to_laserscan/share/ament_index/resource_index/parent_prefix_path/pointcloud_to_laserscan
[20.794s] -- Up-to-date: /home/adithya/gz_ws/install/pointcloud_to_laserscan/share/pointcloud_to_laserscan/environment/ament_prefix_path.sh
[20.794s] -- Installing: /home/adithya/gz_ws/install/pointcloud_to_laserscan/share/pointcloud_to_laserscan/environment/ament_prefix_path.dsv
[20.794s] -- Up-to-date: /home/adithya/gz_ws/install/pointcloud_to_laserscan/share/pointcloud_to_laserscan/environment/path.sh
[20.794s] -- Installing: /home/adithya/gz_ws/install/pointcloud_to_laserscan/share/pointcloud_to_laserscan/environment/path.dsv
[20.794s] -- Installing: /home/adithya/gz_ws/install/pointcloud_to_laserscan/share/pointcloud_to_laserscan/local_setup.bash
[20.794s] -- Installing: /home/adithya/gz_ws/install/pointcloud_to_laserscan/share/pointcloud_to_laserscan/local_setup.sh
[20.794s] -- Installing: /home/adithya/gz_ws/install/pointcloud_to_laserscan/share/pointcloud_to_laserscan/local_setup.zsh
[20.794s] -- Installing: /home/adithya/gz_ws/install/pointcloud_to_laserscan/share/pointcloud_to_laserscan/local_setup.dsv
[20.794s] -- Installing: /home/adithya/gz_ws/install/pointcloud_to_laserscan/share/pointcloud_to_laserscan/package.dsv
[20.794s] -- Installing: /home/adithya/gz_ws/install/pointcloud_to_laserscan/share/ament_index/resource_index/packages/pointcloud_to_laserscan
[20.794s] -- Installing: /home/adithya/gz_ws/install/pointcloud_to_laserscan/share/ament_index/resource_index/rclcpp_components/pointcloud_to_laserscan
[20.794s] -- Installing: /home/adithya/gz_ws/install/pointcloud_to_laserscan/share/pointcloud_to_laserscan/cmake/ament_cmake_export_dependencies-extras.cmake
[20.794s] -- Installing: /home/adithya/gz_ws/install/pointcloud_to_laserscan/share/pointcloud_to_laserscan/cmake/ament_cmake_export_include_directories-extras.cmake
[20.794s] -- Installing: /home/adithya/gz_ws/install/pointcloud_to_laserscan/share/pointcloud_to_laserscan/cmake/ament_cmake_export_libraries-extras.cmake
[20.794s] -- Installing: /home/adithya/gz_ws/install/pointcloud_to_laserscan/share/pointcloud_to_laserscan/cmake/pointcloud_to_laserscanConfig.cmake
[20.795s] -- Installing: /home/adithya/gz_ws/install/pointcloud_to_laserscan/share/pointcloud_to_laserscan/cmake/pointcloud_to_laserscanConfig-version.cmake
[20.795s] -- Up-to-date: /home/adithya/gz_ws/install/pointcloud_to_laserscan/share/pointcloud_to_laserscan/package.xml
[20.797s] Invoked command in '/home/adithya/gz_ws/build/pointcloud_to_laserscan' returned '0': CMAKE_PREFIX_PATH=${CMAKE_PREFIX_PATH}:/opt/ros/humble /usr/bin/cmake --install /home/adithya/gz_ws/build/pointcloud_to_laserscan
