[0.076s] DEBUG:colcon:Command line arguments: ['/usr/bin/colcon', 'build']
[0.076s] DEBUG:colcon:Parsed command line arguments: Namespace(log_base=None, log_level=None, verb_name='build', build_base='build', install_base='install', merge_install=False, symlink_install=False, test_result_base=None, continue_on_error=False, executor='parallel', parallel_workers=16, event_handlers=None, ignore_user_meta=False, metas=['./colcon.meta'], base_paths=['.'], packages_ignore=None, packages_ignore_regex=None, paths=None, packages_up_to=None, packages_up_to_regex=None, packages_above=None, packages_above_and_dependencies=None, packages_above_depth=None, packages_select_by_dep=None, packages_skip_by_dep=None, packages_skip_up_to=None, packages_select_build_failed=False, packages_skip_build_finished=False, packages_select_test_failures=False, packages_skip_test_passed=False, packages_select=None, packages_skip=None, packages_select_regex=None, packages_skip_regex=None, packages_start=None, packages_end=None, allow_overriding=[], cmake_args=None, cmake_target=None, cmake_target_skip_unavailable=False, cmake_clean_cache=False, cmake_clean_first=False, cmake_force_configure=False, ament_cmake_args=None, catkin_cmake_args=None, catkin_skip_building_tests=False, mixin_files=None, mixin=None, verb_parser=<colcon_mixin.mixin.mixin_argument.MixinArgumentDecorator object at 0x7b1482483640>, verb_extension=<colcon_core.verb.build.BuildVerb object at 0x7b14824829e0>, main=<bound method BuildVerb.main of <colcon_core.verb.build.BuildVerb object at 0x7b14824829e0>>, mixin_verb=('build',))
[0.110s] Level 1:colcon.colcon_core.package_discovery:discover_packages(colcon_meta) check parameters
[0.110s] Level 1:colcon.colcon_core.package_discovery:discover_packages(recursive) check parameters
[0.110s] Level 1:colcon.colcon_core.package_discovery:discover_packages(ignore) check parameters
[0.110s] Level 1:colcon.colcon_core.package_discovery:discover_packages(path) check parameters
[0.110s] Level 1:colcon.colcon_core.package_discovery:discover_packages(colcon_meta) discover
[0.110s] Level 1:colcon.colcon_core.package_discovery:discover_packages(recursive) discover
[0.110s] INFO:colcon.colcon_core.package_discovery:Crawling recursively for packages in '/home/adithya/gz_ws'
[0.110s] Level 1:colcon.colcon_core.package_identification:_identify(.) by extensions ['ignore', 'ignore_ament_install']
[0.110s] Level 1:colcon.colcon_core.package_identification:_identify(.) by extension 'ignore'
[0.110s] Level 1:colcon.colcon_core.package_identification:_identify(.) by extension 'ignore_ament_install'
[0.110s] Level 1:colcon.colcon_core.package_identification:_identify(.) by extensions ['colcon_pkg']
[0.110s] Level 1:colcon.colcon_core.package_identification:_identify(.) by extension 'colcon_pkg'
[0.110s] Level 1:colcon.colcon_core.package_identification:_identify(.) by extensions ['colcon_meta']
[0.110s] Level 1:colcon.colcon_core.package_identification:_identify(.) by extension 'colcon_meta'
[0.110s] Level 1:colcon.colcon_core.package_identification:_identify(.) by extensions ['ros']
[0.110s] Level 1:colcon.colcon_core.package_identification:_identify(.) by extension 'ros'
[0.113s] Level 1:colcon.colcon_core.package_identification:_identify(.) by extensions ['cmake', 'python']
[0.113s] Level 1:colcon.colcon_core.package_identification:_identify(.) by extension 'cmake'
[0.113s] Level 1:colcon.colcon_core.package_identification:_identify(.) by extension 'python'
[0.113s] Level 1:colcon.colcon_core.package_identification:_identify(.) by extensions ['python_setup_py']
[0.113s] Level 1:colcon.colcon_core.package_identification:_identify(.) by extension 'python_setup_py'
[0.113s] Level 1:colcon.colcon_core.package_identification:_identify(build) by extensions ['ignore', 'ignore_ament_install']
[0.113s] Level 1:colcon.colcon_core.package_identification:_identify(build) by extension 'ignore'
[0.113s] Level 1:colcon.colcon_core.package_identification:_identify(build) ignored
[0.113s] Level 1:colcon.colcon_core.package_identification:_identify(install) by extensions ['ignore', 'ignore_ament_install']
[0.113s] Level 1:colcon.colcon_core.package_identification:_identify(install) by extension 'ignore'
[0.113s] Level 1:colcon.colcon_core.package_identification:_identify(install) ignored
[0.113s] Level 1:colcon.colcon_core.package_identification:_identify(log) by extensions ['ignore', 'ignore_ament_install']
[0.113s] Level 1:colcon.colcon_core.package_identification:_identify(log) by extension 'ignore'
[0.113s] Level 1:colcon.colcon_core.package_identification:_identify(log) ignored
[0.113s] Level 1:colcon.colcon_core.package_identification:_identify(src) by extensions ['ignore', 'ignore_ament_install']
[0.113s] Level 1:colcon.colcon_core.package_identification:_identify(src) by extension 'ignore'
[0.113s] Level 1:colcon.colcon_core.package_identification:_identify(src) by extension 'ignore_ament_install'
[0.113s] Level 1:colcon.colcon_core.package_identification:_identify(src) by extensions ['colcon_pkg']
[0.113s] Level 1:colcon.colcon_core.package_identification:_identify(src) by extension 'colcon_pkg'
[0.113s] Level 1:colcon.colcon_core.package_identification:_identify(src) by extensions ['colcon_meta']
[0.113s] Level 1:colcon.colcon_core.package_identification:_identify(src) by extension 'colcon_meta'
[0.113s] Level 1:colcon.colcon_core.package_identification:_identify(src) by extensions ['ros']
[0.113s] Level 1:colcon.colcon_core.package_identification:_identify(src) by extension 'ros'
[0.113s] Level 1:colcon.colcon_core.package_identification:_identify(src) by extensions ['cmake', 'python']
[0.113s] Level 1:colcon.colcon_core.package_identification:_identify(src) by extension 'cmake'
[0.113s] Level 1:colcon.colcon_core.package_identification:_identify(src) by extension 'python'
[0.113s] Level 1:colcon.colcon_core.package_identification:_identify(src) by extensions ['python_setup_py']
[0.113s] Level 1:colcon.colcon_core.package_identification:_identify(src) by extension 'python_setup_py'
[0.113s] Level 1:colcon.colcon_core.package_identification:_identify(src/level01_ros_assignment) by extensions ['ignore', 'ignore_ament_install']
[0.114s] Level 1:colcon.colcon_core.package_identification:_identify(src/level01_ros_assignment) by extension 'ignore'
[0.114s] Level 1:colcon.colcon_core.package_identification:_identify(src/level01_ros_assignment) by extension 'ignore_ament_install'
[0.114s] Level 1:colcon.colcon_core.package_identification:_identify(src/level01_ros_assignment) by extensions ['colcon_pkg']
[0.114s] Level 1:colcon.colcon_core.package_identification:_identify(src/level01_ros_assignment) by extension 'colcon_pkg'
[0.114s] Level 1:colcon.colcon_core.package_identification:_identify(src/level01_ros_assignment) by extensions ['colcon_meta']
[0.114s] Level 1:colcon.colcon_core.package_identification:_identify(src/level01_ros_assignment) by extension 'colcon_meta'
[0.114s] Level 1:colcon.colcon_core.package_identification:_identify(src/level01_ros_assignment) by extensions ['ros']
[0.114s] Level 1:colcon.colcon_core.package_identification:_identify(src/level01_ros_assignment) by extension 'ros'
[0.114s] Level 1:colcon.colcon_core.package_identification:_identify(src/level01_ros_assignment) by extensions ['cmake', 'python']
[0.114s] Level 1:colcon.colcon_core.package_identification:_identify(src/level01_ros_assignment) by extension 'cmake'
[0.114s] Level 1:colcon.colcon_core.package_identification:_identify(src/level01_ros_assignment) by extension 'python'
[0.114s] Level 1:colcon.colcon_core.package_identification:_identify(src/level01_ros_assignment) by extensions ['python_setup_py']
[0.114s] Level 1:colcon.colcon_core.package_identification:_identify(src/level01_ros_assignment) by extension 'python_setup_py'
[0.114s] Level 1:colcon.colcon_core.package_identification:_identify(src/level01_ros_assignment/testbed_bringup) by extensions ['ignore', 'ignore_ament_install']
[0.114s] Level 1:colcon.colcon_core.package_identification:_identify(src/level01_ros_assignment/testbed_bringup) by extension 'ignore'
[0.114s] Level 1:colcon.colcon_core.package_identification:_identify(src/level01_ros_assignment/testbed_bringup) by extension 'ignore_ament_install'
[0.114s] Level 1:colcon.colcon_core.package_identification:_identify(src/level01_ros_assignment/testbed_bringup) by extensions ['colcon_pkg']
[0.114s] Level 1:colcon.colcon_core.package_identification:_identify(src/level01_ros_assignment/testbed_bringup) by extension 'colcon_pkg'
[0.114s] Level 1:colcon.colcon_core.package_identification:_identify(src/level01_ros_assignment/testbed_bringup) by extensions ['colcon_meta']
[0.114s] Level 1:colcon.colcon_core.package_identification:_identify(src/level01_ros_assignment/testbed_bringup) by extension 'colcon_meta'
[0.114s] Level 1:colcon.colcon_core.package_identification:_identify(src/level01_ros_assignment/testbed_bringup) by extensions ['ros']
[0.114s] Level 1:colcon.colcon_core.package_identification:_identify(src/level01_ros_assignment/testbed_bringup) by extension 'ros'
[0.115s] DEBUG:colcon.colcon_core.package_identification:Package 'src/level01_ros_assignment/testbed_bringup' with type 'ros.ament_cmake' and name 'testbed_bringup'
[0.116s] Level 1:colcon.colcon_core.package_identification:_identify(src/level01_ros_assignment/testbed_description) by extensions ['ignore', 'ignore_ament_install']
[0.116s] Level 1:colcon.colcon_core.package_identification:_identify(src/level01_ros_assignment/testbed_description) by extension 'ignore'
[0.116s] Level 1:colcon.colcon_core.package_identification:_identify(src/level01_ros_assignment/testbed_description) by extension 'ignore_ament_install'
[0.116s] Level 1:colcon.colcon_core.package_identification:_identify(src/level01_ros_assignment/testbed_description) by extensions ['colcon_pkg']
[0.116s] Level 1:colcon.colcon_core.package_identification:_identify(src/level01_ros_assignment/testbed_description) by extension 'colcon_pkg'
[0.116s] Level 1:colcon.colcon_core.package_identification:_identify(src/level01_ros_assignment/testbed_description) by extensions ['colcon_meta']
[0.116s] Level 1:colcon.colcon_core.package_identification:_identify(src/level01_ros_assignment/testbed_description) by extension 'colcon_meta'
[0.116s] Level 1:colcon.colcon_core.package_identification:_identify(src/level01_ros_assignment/testbed_description) by extensions ['ros']
[0.116s] Level 1:colcon.colcon_core.package_identification:_identify(src/level01_ros_assignment/testbed_description) by extension 'ros'
[0.116s] DEBUG:colcon.colcon_core.package_identification:Package 'src/level01_ros_assignment/testbed_description' with type 'ros.ament_cmake' and name 'testbed_description'
[0.116s] Level 1:colcon.colcon_core.package_identification:_identify(src/level01_ros_assignment/testbed_gazebo) by extensions ['ignore', 'ignore_ament_install']
[0.116s] Level 1:colcon.colcon_core.package_identification:_identify(src/level01_ros_assignment/testbed_gazebo) by extension 'ignore'
[0.116s] Level 1:colcon.colcon_core.package_identification:_identify(src/level01_ros_assignment/testbed_gazebo) by extension 'ignore_ament_install'
[0.116s] Level 1:colcon.colcon_core.package_identification:_identify(src/level01_ros_assignment/testbed_gazebo) by extensions ['colcon_pkg']
[0.116s] Level 1:colcon.colcon_core.package_identification:_identify(src/level01_ros_assignment/testbed_gazebo) by extension 'colcon_pkg'
[0.116s] Level 1:colcon.colcon_core.package_identification:_identify(src/level01_ros_assignment/testbed_gazebo) by extensions ['colcon_meta']
[0.116s] Level 1:colcon.colcon_core.package_identification:_identify(src/level01_ros_assignment/testbed_gazebo) by extension 'colcon_meta'
[0.116s] Level 1:colcon.colcon_core.package_identification:_identify(src/level01_ros_assignment/testbed_gazebo) by extensions ['ros']
[0.116s] Level 1:colcon.colcon_core.package_identification:_identify(src/level01_ros_assignment/testbed_gazebo) by extension 'ros'
[0.117s] DEBUG:colcon.colcon_core.package_identification:Package 'src/level01_ros_assignment/testbed_gazebo' with type 'ros.ament_cmake' and name 'testbed_gazebo'
[0.117s] Level 1:colcon.colcon_core.package_identification:_identify(src/testbed_navigation) by extensions ['ignore', 'ignore_ament_install']
[0.117s] Level 1:colcon.colcon_core.package_identification:_identify(src/testbed_navigation) by extension 'ignore'
[0.117s] Level 1:colcon.colcon_core.package_identification:_identify(src/testbed_navigation) by extension 'ignore_ament_install'
[0.117s] Level 1:colcon.colcon_core.package_identification:_identify(src/testbed_navigation) by extensions ['colcon_pkg']
[0.117s] Level 1:colcon.colcon_core.package_identification:_identify(src/testbed_navigation) by extension 'colcon_pkg'
[0.117s] Level 1:colcon.colcon_core.package_identification:_identify(src/testbed_navigation) by extensions ['colcon_meta']
[0.117s] Level 1:colcon.colcon_core.package_identification:_identify(src/testbed_navigation) by extension 'colcon_meta'
[0.117s] Level 1:colcon.colcon_core.package_identification:_identify(src/testbed_navigation) by extensions ['ros']
[0.117s] Level 1:colcon.colcon_core.package_identification:_identify(src/testbed_navigation) by extension 'ros'
[0.118s] DEBUG:colcon.colcon_core.package_identification:Package 'src/testbed_navigation' with type 'ros.ament_cmake' and name 'testbed_navigation'
[0.118s] Level 1:colcon.colcon_core.package_discovery:discover_packages(recursive) using defaults
[0.118s] Level 1:colcon.colcon_core.package_discovery:discover_packages(ignore) discover
[0.118s] Level 1:colcon.colcon_core.package_discovery:discover_packages(ignore) using defaults
[0.118s] Level 1:colcon.colcon_core.package_discovery:discover_packages(path) discover
[0.118s] Level 1:colcon.colcon_core.package_discovery:discover_packages(path) using defaults
[0.131s] Level 1:colcon.colcon_core.package_discovery:discover_packages(prefix_path) check parameters
[0.131s] Level 1:colcon.colcon_core.package_discovery:discover_packages(prefix_path) discover
[0.133s] DEBUG:colcon.colcon_installed_package_information.package_discovery:Found 7 installed packages in /home/adithya/gz_ws/install
[0.134s] DEBUG:colcon.colcon_installed_package_information.package_discovery:Found 492 installed packages in /opt/ros/humble
[0.135s] Level 1:colcon.colcon_core.package_discovery:discover_packages(prefix_path) using defaults
[0.174s] Level 5:colcon.colcon_core.verb:set package 'testbed_bringup' build argument 'cmake_args' from command line to 'None'
[0.174s] Level 5:colcon.colcon_core.verb:set package 'testbed_bringup' build argument 'cmake_target' from command line to 'None'
[0.174s] Level 5:colcon.colcon_core.verb:set package 'testbed_bringup' build argument 'cmake_target_skip_unavailable' from command line to 'False'
[0.174s] Level 5:colcon.colcon_core.verb:set package 'testbed_bringup' build argument 'cmake_clean_cache' from command line to 'False'
[0.174s] Level 5:colcon.colcon_core.verb:set package 'testbed_bringup' build argument 'cmake_clean_first' from command line to 'False'
[0.174s] Level 5:colcon.colcon_core.verb:set package 'testbed_bringup' build argument 'cmake_force_configure' from command line to 'False'
[0.174s] Level 5:colcon.colcon_core.verb:set package 'testbed_bringup' build argument 'ament_cmake_args' from command line to 'None'
[0.174s] Level 5:colcon.colcon_core.verb:set package 'testbed_bringup' build argument 'catkin_cmake_args' from command line to 'None'
[0.174s] Level 5:colcon.colcon_core.verb:set package 'testbed_bringup' build argument 'catkin_skip_building_tests' from command line to 'False'
[0.174s] DEBUG:colcon.colcon_core.verb:Building package 'testbed_bringup' with the following arguments: {'ament_cmake_args': None, 'build_base': '/home/adithya/gz_ws/build/testbed_bringup', 'catkin_cmake_args': None, 'catkin_skip_building_tests': False, 'cmake_args': None, 'cmake_clean_cache': False, 'cmake_clean_first': False, 'cmake_force_configure': False, 'cmake_target': None, 'cmake_target_skip_unavailable': False, 'install_base': '/home/adithya/gz_ws/install/testbed_bringup', 'merge_install': False, 'path': '/home/adithya/gz_ws/src/level01_ros_assignment/testbed_bringup', 'symlink_install': False, 'test_result_base': None}
[0.174s] Level 5:colcon.colcon_core.verb:set package 'testbed_description' build argument 'cmake_args' from command line to 'None'
[0.174s] Level 5:colcon.colcon_core.verb:set package 'testbed_description' build argument 'cmake_target' from command line to 'None'
[0.174s] Level 5:colcon.colcon_core.verb:set package 'testbed_description' build argument 'cmake_target_skip_unavailable' from command line to 'False'
[0.174s] Level 5:colcon.colcon_core.verb:set package 'testbed_description' build argument 'cmake_clean_cache' from command line to 'False'
[0.174s] Level 5:colcon.colcon_core.verb:set package 'testbed_description' build argument 'cmake_clean_first' from command line to 'False'
[0.174s] Level 5:colcon.colcon_core.verb:set package 'testbed_description' build argument 'cmake_force_configure' from command line to 'False'
[0.174s] Level 5:colcon.colcon_core.verb:set package 'testbed_description' build argument 'ament_cmake_args' from command line to 'None'
[0.174s] Level 5:colcon.colcon_core.verb:set package 'testbed_description' build argument 'catkin_cmake_args' from command line to 'None'
[0.174s] Level 5:colcon.colcon_core.verb:set package 'testbed_description' build argument 'catkin_skip_building_tests' from command line to 'False'
[0.175s] DEBUG:colcon.colcon_core.verb:Building package 'testbed_description' with the following arguments: {'ament_cmake_args': None, 'build_base': '/home/adithya/gz_ws/build/testbed_description', 'catkin_cmake_args': None, 'catkin_skip_building_tests': False, 'cmake_args': None, 'cmake_clean_cache': False, 'cmake_clean_first': False, 'cmake_force_configure': False, 'cmake_target': None, 'cmake_target_skip_unavailable': False, 'install_base': '/home/adithya/gz_ws/install/testbed_description', 'merge_install': False, 'path': '/home/adithya/gz_ws/src/level01_ros_assignment/testbed_description', 'symlink_install': False, 'test_result_base': None}
[0.175s] Level 5:colcon.colcon_core.verb:set package 'testbed_navigation' build argument 'cmake_args' from command line to 'None'
[0.175s] Level 5:colcon.colcon_core.verb:set package 'testbed_navigation' build argument 'cmake_target' from command line to 'None'
[0.175s] Level 5:colcon.colcon_core.verb:set package 'testbed_navigation' build argument 'cmake_target_skip_unavailable' from command line to 'False'
[0.175s] Level 5:colcon.colcon_core.verb:set package 'testbed_navigation' build argument 'cmake_clean_cache' from command line to 'False'
[0.175s] Level 5:colcon.colcon_core.verb:set package 'testbed_navigation' build argument 'cmake_clean_first' from command line to 'False'
[0.175s] Level 5:colcon.colcon_core.verb:set package 'testbed_navigation' build argument 'cmake_force_configure' from command line to 'False'
[0.175s] Level 5:colcon.colcon_core.verb:set package 'testbed_navigation' build argument 'ament_cmake_args' from command line to 'None'
[0.175s] Level 5:colcon.colcon_core.verb:set package 'testbed_navigation' build argument 'catkin_cmake_args' from command line to 'None'
[0.175s] Level 5:colcon.colcon_core.verb:set package 'testbed_navigation' build argument 'catkin_skip_building_tests' from command line to 'False'
[0.175s] DEBUG:colcon.colcon_core.verb:Building package 'testbed_navigation' with the following arguments: {'ament_cmake_args': None, 'build_base': '/home/adithya/gz_ws/build/testbed_navigation', 'catkin_cmake_args': None, 'catkin_skip_building_tests': False, 'cmake_args': None, 'cmake_clean_cache': False, 'cmake_clean_first': False, 'cmake_force_configure': False, 'cmake_target': None, 'cmake_target_skip_unavailable': False, 'install_base': '/home/adithya/gz_ws/install/testbed_navigation', 'merge_install': False, 'path': '/home/adithya/gz_ws/src/testbed_navigation', 'symlink_install': False, 'test_result_base': None}
[0.175s] Level 5:colcon.colcon_core.verb:set package 'testbed_gazebo' build argument 'cmake_args' from command line to 'None'
[0.175s] Level 5:colcon.colcon_core.verb:set package 'testbed_gazebo' build argument 'cmake_target' from command line to 'None'
[0.175s] Level 5:colcon.colcon_core.verb:set package 'testbed_gazebo' build argument 'cmake_target_skip_unavailable' from command line to 'False'
[0.175s] Level 5:colcon.colcon_core.verb:set package 'testbed_gazebo' build argument 'cmake_clean_cache' from command line to 'False'
[0.175s] Level 5:colcon.colcon_core.verb:set package 'testbed_gazebo' build argument 'cmake_clean_first' from command line to 'False'
[0.175s] Level 5:colcon.colcon_core.verb:set package 'testbed_gazebo' build argument 'cmake_force_configure' from command line to 'False'
[0.175s] Level 5:colcon.colcon_core.verb:set package 'testbed_gazebo' build argument 'ament_cmake_args' from command line to 'None'
[0.175s] Level 5:colcon.colcon_core.verb:set package 'testbed_gazebo' build argument 'catkin_cmake_args' from command line to 'None'
[0.175s] Level 5:colcon.colcon_core.verb:set package 'testbed_gazebo' build argument 'catkin_skip_building_tests' from command line to 'False'
[0.175s] DEBUG:colcon.colcon_core.verb:Building package 'testbed_gazebo' with the following arguments: {'ament_cmake_args': None, 'build_base': '/home/adithya/gz_ws/build/testbed_gazebo', 'catkin_cmake_args': None, 'catkin_skip_building_tests': False, 'cmake_args': None, 'cmake_clean_cache': False, 'cmake_clean_first': False, 'cmake_force_configure': False, 'cmake_target': None, 'cmake_target_skip_unavailable': False, 'install_base': '/home/adithya/gz_ws/install/testbed_gazebo', 'merge_install': False, 'path': '/home/adithya/gz_ws/src/level01_ros_assignment/testbed_gazebo', 'symlink_install': False, 'test_result_base': None}
[0.175s] INFO:colcon.colcon_core.executor:Executing jobs using 'parallel' executor
[0.176s] DEBUG:colcon.colcon_parallel_executor.executor.parallel:run_until_complete
[0.176s] INFO:colcon.colcon_ros.task.ament_cmake.build:Building ROS package in '/home/adithya/gz_ws/src/level01_ros_assignment/testbed_description' with build type 'ament_cmake'
[0.176s] INFO:colcon.colcon_cmake.task.cmake.build:Building CMake package in '/home/adithya/gz_ws/src/level01_ros_assignment/testbed_description'
[0.178s] INFO:colcon.colcon_core.plugin_system:Skipping extension 'colcon_core.shell.bat': Not used on non-Windows systems
[0.178s] INFO:colcon.colcon_core.shell:Skip shell extension 'powershell' for command environment: Not usable outside of PowerShell
[0.178s] DEBUG:colcon.colcon_core.shell:Skip shell extension 'dsv' for command environment
[0.180s] INFO:colcon.colcon_ros.task.ament_cmake.build:Building ROS package in '/home/adithya/gz_ws/src/level01_ros_assignment/testbed_bringup' with build type 'ament_cmake'
[0.181s] INFO:colcon.colcon_cmake.task.cmake.build:Building CMake package in '/home/adithya/gz_ws/src/level01_ros_assignment/testbed_bringup'
[0.181s] INFO:colcon.colcon_core.shell:Skip shell extension 'powershell' for command environment: Not usable outside of PowerShell
[0.181s] DEBUG:colcon.colcon_core.shell:Skip shell extension 'dsv' for command environment
[0.183s] INFO:colcon.colcon_ros.task.ament_cmake.build:Building ROS package in '/home/adithya/gz_ws/src/testbed_navigation' with build type 'ament_cmake'
[0.183s] INFO:colcon.colcon_cmake.task.cmake.build:Building CMake package in '/home/adithya/gz_ws/src/testbed_navigation'
[0.183s] INFO:colcon.colcon_core.shell:Skip shell extension 'powershell' for command environment: Not usable outside of PowerShell
[0.183s] DEBUG:colcon.colcon_core.shell:Skip shell extension 'dsv' for command environment
[0.189s] DEBUG:colcon.colcon_core.event_handler.log_command:Invoking command in '/home/adithya/gz_ws/build/testbed_description': CMAKE_PREFIX_PATH=${CMAKE_PREFIX_PATH}:/opt/ros/humble /usr/bin/cmake --build /home/adithya/gz_ws/build/testbed_description -- -j16 -l16
[0.191s] DEBUG:colcon.colcon_core.event_handler.log_command:Invoking command in '/home/adithya/gz_ws/build/testbed_bringup': CMAKE_PREFIX_PATH=${CMAKE_PREFIX_PATH}:/opt/ros/humble /usr/bin/cmake --build /home/adithya/gz_ws/build/testbed_bringup -- -j16 -l16
[0.193s] DEBUG:colcon.colcon_core.event_handler.log_command:Invoking command in '/home/adithya/gz_ws/build/testbed_navigation': CMAKE_PREFIX_PATH=${CMAKE_PREFIX_PATH}:/opt/ros/humble /usr/bin/cmake --build /home/adithya/gz_ws/build/testbed_navigation -- -j16 -l16
[0.214s] DEBUG:colcon.colcon_core.event_handler.log_command:Invoked command in '/home/adithya/gz_ws/build/testbed_description' returned '0': CMAKE_PREFIX_PATH=${CMAKE_PREFIX_PATH}:/opt/ros/humble /usr/bin/cmake --build /home/adithya/gz_ws/build/testbed_description -- -j16 -l16
[0.224s] DEBUG:colcon.colcon_core.event_handler.log_command:Invoking command in '/home/adithya/gz_ws/build/testbed_description': CMAKE_PREFIX_PATH=${CMAKE_PREFIX_PATH}:/opt/ros/humble /usr/bin/cmake --install /home/adithya/gz_ws/build/testbed_description
[0.225s] DEBUG:colcon.colcon_core.event_handler.log_command:Invoked command in '/home/adithya/gz_ws/build/testbed_bringup' returned '0': CMAKE_PREFIX_PATH=${CMAKE_PREFIX_PATH}:/opt/ros/humble /usr/bin/cmake --build /home/adithya/gz_ws/build/testbed_bringup -- -j16 -l16
[0.226s] DEBUG:colcon.colcon_core.event_handler.log_command:Invoking command in '/home/adithya/gz_ws/build/testbed_bringup': CMAKE_PREFIX_PATH=${CMAKE_PREFIX_PATH}:/opt/ros/humble /usr/bin/cmake --install /home/adithya/gz_ws/build/testbed_bringup
[0.227s] DEBUG:colcon.colcon_core.event_handler.log_command:Invoked command in '/home/adithya/gz_ws/build/testbed_navigation' returned '0': CMAKE_PREFIX_PATH=${CMAKE_PREFIX_PATH}:/opt/ros/humble /usr/bin/cmake --build /home/adithya/gz_ws/build/testbed_navigation -- -j16 -l16
[0.228s] DEBUG:colcon.colcon_core.event_handler.log_command:Invoking command in '/home/adithya/gz_ws/build/testbed_navigation': CMAKE_PREFIX_PATH=${CMAKE_PREFIX_PATH}:/opt/ros/humble /usr/bin/cmake --install /home/adithya/gz_ws/build/testbed_navigation
[0.239s] Level 1:colcon.colcon_core.environment:create_environment_scripts_only(testbed_description)
[0.239s] DEBUG:colcon.colcon_core.event_handler.log_command:Invoked command in '/home/adithya/gz_ws/build/testbed_description' returned '0': CMAKE_PREFIX_PATH=${CMAKE_PREFIX_PATH}:/opt/ros/humble /usr/bin/cmake --install /home/adithya/gz_ws/build/testbed_description
[0.240s] Level 1:colcon.colcon_core.environment:checking '/home/adithya/gz_ws/install/testbed_description' for CMake module files
[0.241s] Level 1:colcon.colcon_core.environment:checking '/home/adithya/gz_ws/install/testbed_description' for CMake config files
[0.241s] Level 1:colcon.colcon_core.shell:create_environment_hook('testbed_description', 'cmake_prefix_path')
[0.241s] INFO:colcon.colcon_core.shell:Creating environment hook '/home/adithya/gz_ws/install/testbed_description/share/testbed_description/hook/cmake_prefix_path.ps1'
[0.241s] INFO:colcon.colcon_core.shell:Creating environment descriptor '/home/adithya/gz_ws/install/testbed_description/share/testbed_description/hook/cmake_prefix_path.dsv'
[0.242s] INFO:colcon.colcon_core.shell:Creating environment hook '/home/adithya/gz_ws/install/testbed_description/share/testbed_description/hook/cmake_prefix_path.sh'
[0.243s] Level 1:colcon.colcon_core.environment:checking '/home/adithya/gz_ws/install/testbed_description/bin'
[0.243s] Level 1:colcon.colcon_core.environment:checking '/home/adithya/gz_ws/install/testbed_description/lib/pkgconfig/testbed_description.pc'
[0.243s] Level 1:colcon.colcon_core.environment:checking '/home/adithya/gz_ws/install/testbed_description/lib/python3.10/site-packages'
[0.243s] Level 1:colcon.colcon_core.environment:checking '/home/adithya/gz_ws/install/testbed_description/bin'
[0.243s] INFO:colcon.colcon_core.shell:Creating package script '/home/adithya/gz_ws/install/testbed_description/share/testbed_description/package.ps1'
[0.244s] INFO:colcon.colcon_core.shell:Creating package descriptor '/home/adithya/gz_ws/install/testbed_description/share/testbed_description/package.dsv'
[0.245s] INFO:colcon.colcon_core.shell:Creating package script '/home/adithya/gz_ws/install/testbed_description/share/testbed_description/package.sh'
[0.245s] INFO:colcon.colcon_core.shell:Creating package script '/home/adithya/gz_ws/install/testbed_description/share/testbed_description/package.bash'
[0.245s] INFO:colcon.colcon_core.shell:Creating package script '/home/adithya/gz_ws/install/testbed_description/share/testbed_description/package.zsh'
[0.246s] Level 1:colcon.colcon_core.environment:create_file_with_runtime_dependencies(/home/adithya/gz_ws/install/testbed_description/share/colcon-core/packages/testbed_description)
[0.246s] Level 1:colcon.colcon_core.environment:create_environment_scripts_only(testbed_description)
[0.246s] Level 1:colcon.colcon_core.environment:checking '/home/adithya/gz_ws/install/testbed_description' for CMake module files
[0.247s] Level 1:colcon.colcon_core.environment:checking '/home/adithya/gz_ws/install/testbed_description' for CMake config files
[0.247s] Level 1:colcon.colcon_core.shell:create_environment_hook('testbed_description', 'cmake_prefix_path')
[0.247s] INFO:colcon.colcon_core.shell:Creating environment hook '/home/adithya/gz_ws/install/testbed_description/share/testbed_description/hook/cmake_prefix_path.ps1'
[0.247s] INFO:colcon.colcon_core.shell:Creating environment descriptor '/home/adithya/gz_ws/install/testbed_description/share/testbed_description/hook/cmake_prefix_path.dsv'
[0.247s] INFO:colcon.colcon_core.shell:Creating environment hook '/home/adithya/gz_ws/install/testbed_description/share/testbed_description/hook/cmake_prefix_path.sh'
[0.248s] Level 1:colcon.colcon_core.environment:checking '/home/adithya/gz_ws/install/testbed_description/bin'
[0.248s] Level 1:colcon.colcon_core.environment:checking '/home/adithya/gz_ws/install/testbed_description/lib/pkgconfig/testbed_description.pc'
[0.248s] Level 1:colcon.colcon_core.environment:checking '/home/adithya/gz_ws/install/testbed_description/lib/python3.10/site-packages'
[0.248s] Level 1:colcon.colcon_core.environment:checking '/home/adithya/gz_ws/install/testbed_description/bin'
[0.248s] INFO:colcon.colcon_core.shell:Creating package script '/home/adithya/gz_ws/install/testbed_description/share/testbed_description/package.ps1'
[0.249s] INFO:colcon.colcon_core.shell:Creating package descriptor '/home/adithya/gz_ws/install/testbed_description/share/testbed_description/package.dsv'
[0.249s] INFO:colcon.colcon_core.shell:Creating package script '/home/adithya/gz_ws/install/testbed_description/share/testbed_description/package.sh'
[0.249s] INFO:colcon.colcon_core.shell:Creating package script '/home/adithya/gz_ws/install/testbed_description/share/testbed_description/package.bash'
[0.249s] INFO:colcon.colcon_core.shell:Creating package script '/home/adithya/gz_ws/install/testbed_description/share/testbed_description/package.zsh'
[0.250s] Level 1:colcon.colcon_core.environment:create_file_with_runtime_dependencies(/home/adithya/gz_ws/install/testbed_description/share/colcon-core/packages/testbed_description)
[0.250s] INFO:colcon.colcon_ros.task.ament_cmake.build:Building ROS package in '/home/adithya/gz_ws/src/level01_ros_assignment/testbed_gazebo' with build type 'ament_cmake'
[0.250s] INFO:colcon.colcon_cmake.task.cmake.build:Building CMake package in '/home/adithya/gz_ws/src/level01_ros_assignment/testbed_gazebo'
[0.250s] INFO:colcon.colcon_core.shell:Skip shell extension 'powershell' for command environment: Not usable outside of PowerShell
[0.250s] DEBUG:colcon.colcon_core.shell:Skip shell extension 'dsv' for command environment
[0.253s] Level 1:colcon.colcon_core.environment:create_environment_scripts_only(testbed_navigation)
[0.253s] Level 1:colcon.colcon_core.environment:checking '/home/adithya/gz_ws/install/testbed_navigation' for CMake module files
[0.254s] DEBUG:colcon.colcon_core.event_handler.log_command:Invoked command in '/home/adithya/gz_ws/build/testbed_navigation' returned '0': CMAKE_PREFIX_PATH=${CMAKE_PREFIX_PATH}:/opt/ros/humble /usr/bin/cmake --install /home/adithya/gz_ws/build/testbed_navigation
[0.254s] Level 1:colcon.colcon_core.environment:checking '/home/adithya/gz_ws/install/testbed_navigation' for CMake config files
[0.254s] Level 1:colcon.colcon_core.shell:create_environment_hook('testbed_navigation', 'cmake_prefix_path')
[0.254s] INFO:colcon.colcon_core.shell:Creating environment hook '/home/adithya/gz_ws/install/testbed_navigation/share/testbed_navigation/hook/cmake_prefix_path.ps1'
[0.254s] INFO:colcon.colcon_core.shell:Creating environment descriptor '/home/adithya/gz_ws/install/testbed_navigation/share/testbed_navigation/hook/cmake_prefix_path.dsv'
[0.255s] INFO:colcon.colcon_core.shell:Creating environment hook '/home/adithya/gz_ws/install/testbed_navigation/share/testbed_navigation/hook/cmake_prefix_path.sh'
[0.255s] Level 1:colcon.colcon_core.environment:checking '/home/adithya/gz_ws/install/testbed_navigation/bin'
[0.255s] Level 1:colcon.colcon_core.environment:checking '/home/adithya/gz_ws/install/testbed_navigation/lib/pkgconfig/testbed_navigation.pc'
[0.255s] Level 1:colcon.colcon_core.environment:checking '/home/adithya/gz_ws/install/testbed_navigation/lib/python3.10/site-packages'
[0.255s] Level 1:colcon.colcon_core.environment:checking '/home/adithya/gz_ws/install/testbed_navigation/bin'
[0.255s] INFO:colcon.colcon_core.shell:Creating package script '/home/adithya/gz_ws/install/testbed_navigation/share/testbed_navigation/package.ps1'
[0.256s] INFO:colcon.colcon_core.shell:Creating package descriptor '/home/adithya/gz_ws/install/testbed_navigation/share/testbed_navigation/package.dsv'
[0.256s] INFO:colcon.colcon_core.shell:Creating package script '/home/adithya/gz_ws/install/testbed_navigation/share/testbed_navigation/package.sh'
[0.256s] INFO:colcon.colcon_core.shell:Creating package script '/home/adithya/gz_ws/install/testbed_navigation/share/testbed_navigation/package.bash'
[0.256s] INFO:colcon.colcon_core.shell:Creating package script '/home/adithya/gz_ws/install/testbed_navigation/share/testbed_navigation/package.zsh'
[0.257s] Level 1:colcon.colcon_core.environment:create_file_with_runtime_dependencies(/home/adithya/gz_ws/install/testbed_navigation/share/colcon-core/packages/testbed_navigation)
[0.257s] Level 1:colcon.colcon_core.environment:create_environment_scripts_only(testbed_navigation)
[0.257s] Level 1:colcon.colcon_core.environment:checking '/home/adithya/gz_ws/install/testbed_navigation' for CMake module files
[0.257s] Level 1:colcon.colcon_core.environment:checking '/home/adithya/gz_ws/install/testbed_navigation' for CMake config files
[0.257s] Level 1:colcon.colcon_core.shell:create_environment_hook('testbed_navigation', 'cmake_prefix_path')
[0.258s] INFO:colcon.colcon_core.shell:Creating environment hook '/home/adithya/gz_ws/install/testbed_navigation/share/testbed_navigation/hook/cmake_prefix_path.ps1'
[0.258s] INFO:colcon.colcon_core.shell:Creating environment descriptor '/home/adithya/gz_ws/install/testbed_navigation/share/testbed_navigation/hook/cmake_prefix_path.dsv'
[0.258s] INFO:colcon.colcon_core.shell:Creating environment hook '/home/adithya/gz_ws/install/testbed_navigation/share/testbed_navigation/hook/cmake_prefix_path.sh'
[0.258s] Level 1:colcon.colcon_core.environment:checking '/home/adithya/gz_ws/install/testbed_navigation/bin'
[0.258s] Level 1:colcon.colcon_core.environment:checking '/home/adithya/gz_ws/install/testbed_navigation/lib/pkgconfig/testbed_navigation.pc'
[0.259s] Level 1:colcon.colcon_core.environment:checking '/home/adithya/gz_ws/install/testbed_navigation/lib/python3.10/site-packages'
[0.259s] Level 1:colcon.colcon_core.environment:checking '/home/adithya/gz_ws/install/testbed_navigation/bin'
[0.259s] INFO:colcon.colcon_core.shell:Creating package script '/home/adithya/gz_ws/install/testbed_navigation/share/testbed_navigation/package.ps1'
[0.259s] INFO:colcon.colcon_core.shell:Creating package descriptor '/home/adithya/gz_ws/install/testbed_navigation/share/testbed_navigation/package.dsv'
[0.260s] INFO:colcon.colcon_core.shell:Creating package script '/home/adithya/gz_ws/install/testbed_navigation/share/testbed_navigation/package.sh'
[0.260s] INFO:colcon.colcon_core.shell:Creating package script '/home/adithya/gz_ws/install/testbed_navigation/share/testbed_navigation/package.bash'
[0.260s] INFO:colcon.colcon_core.shell:Creating package script '/home/adithya/gz_ws/install/testbed_navigation/share/testbed_navigation/package.zsh'
[0.260s] Level 1:colcon.colcon_core.environment:create_file_with_runtime_dependencies(/home/adithya/gz_ws/install/testbed_navigation/share/colcon-core/packages/testbed_navigation)
[0.260s] Level 1:colcon.colcon_core.environment:create_environment_scripts_only(testbed_bringup)
[0.260s] Level 1:colcon.colcon_core.environment:checking '/home/adithya/gz_ws/install/testbed_bringup' for CMake module files
[0.261s] DEBUG:colcon.colcon_core.event_handler.log_command:Invoked command in '/home/adithya/gz_ws/build/testbed_bringup' returned '0': CMAKE_PREFIX_PATH=${CMAKE_PREFIX_PATH}:/opt/ros/humble /usr/bin/cmake --install /home/adithya/gz_ws/build/testbed_bringup
[0.261s] Level 1:colcon.colcon_core.environment:checking '/home/adithya/gz_ws/install/testbed_bringup' for CMake config files
[0.261s] Level 1:colcon.colcon_core.shell:create_environment_hook('testbed_bringup', 'cmake_prefix_path')
[0.261s] INFO:colcon.colcon_core.shell:Creating environment hook '/home/adithya/gz_ws/install/testbed_bringup/share/testbed_bringup/hook/cmake_prefix_path.ps1'
[0.262s] INFO:colcon.colcon_core.shell:Creating environment descriptor '/home/adithya/gz_ws/install/testbed_bringup/share/testbed_bringup/hook/cmake_prefix_path.dsv'
[0.262s] INFO:colcon.colcon_core.shell:Creating environment hook '/home/adithya/gz_ws/install/testbed_bringup/share/testbed_bringup/hook/cmake_prefix_path.sh'
[0.262s] Level 1:colcon.colcon_core.environment:checking '/home/adithya/gz_ws/install/testbed_bringup/bin'
[0.262s] Level 1:colcon.colcon_core.environment:checking '/home/adithya/gz_ws/install/testbed_bringup/lib/pkgconfig/testbed_bringup.pc'
[0.262s] Level 1:colcon.colcon_core.environment:checking '/home/adithya/gz_ws/install/testbed_bringup/lib/python3.10/site-packages'
[0.262s] Level 1:colcon.colcon_core.environment:checking '/home/adithya/gz_ws/install/testbed_bringup/bin'
[0.263s] INFO:colcon.colcon_core.shell:Creating package script '/home/adithya/gz_ws/install/testbed_bringup/share/testbed_bringup/package.ps1'
[0.263s] INFO:colcon.colcon_core.shell:Creating package descriptor '/home/adithya/gz_ws/install/testbed_bringup/share/testbed_bringup/package.dsv'
[0.263s] INFO:colcon.colcon_core.shell:Creating package script '/home/adithya/gz_ws/install/testbed_bringup/share/testbed_bringup/package.sh'
[0.263s] INFO:colcon.colcon_core.shell:Creating package script '/home/adithya/gz_ws/install/testbed_bringup/share/testbed_bringup/package.bash'
[0.264s] INFO:colcon.colcon_core.shell:Creating package script '/home/adithya/gz_ws/install/testbed_bringup/share/testbed_bringup/package.zsh'
[0.264s] Level 1:colcon.colcon_core.environment:create_file_with_runtime_dependencies(/home/adithya/gz_ws/install/testbed_bringup/share/colcon-core/packages/testbed_bringup)
[0.264s] Level 1:colcon.colcon_core.environment:create_environment_scripts_only(testbed_bringup)
[0.264s] Level 1:colcon.colcon_core.environment:checking '/home/adithya/gz_ws/install/testbed_bringup' for CMake module files
[0.264s] Level 1:colcon.colcon_core.environment:checking '/home/adithya/gz_ws/install/testbed_bringup' for CMake config files
[0.265s] Level 1:colcon.colcon_core.shell:create_environment_hook('testbed_bringup', 'cmake_prefix_path')
[0.265s] INFO:colcon.colcon_core.shell:Creating environment hook '/home/adithya/gz_ws/install/testbed_bringup/share/testbed_bringup/hook/cmake_prefix_path.ps1'
[0.265s] INFO:colcon.colcon_core.shell:Creating environment descriptor '/home/adithya/gz_ws/install/testbed_bringup/share/testbed_bringup/hook/cmake_prefix_path.dsv'
[0.265s] INFO:colcon.colcon_core.shell:Creating environment hook '/home/adithya/gz_ws/install/testbed_bringup/share/testbed_bringup/hook/cmake_prefix_path.sh'
[0.266s] Level 1:colcon.colcon_core.environment:checking '/home/adithya/gz_ws/install/testbed_bringup/bin'
[0.266s] Level 1:colcon.colcon_core.environment:checking '/home/adithya/gz_ws/install/testbed_bringup/lib/pkgconfig/testbed_bringup.pc'
[0.266s] Level 1:colcon.colcon_core.environment:checking '/home/adithya/gz_ws/install/testbed_bringup/lib/python3.10/site-packages'
[0.266s] Level 1:colcon.colcon_core.environment:checking '/home/adithya/gz_ws/install/testbed_bringup/bin'
[0.266s] INFO:colcon.colcon_core.shell:Creating package script '/home/adithya/gz_ws/install/testbed_bringup/share/testbed_bringup/package.ps1'
[0.267s] INFO:colcon.colcon_core.shell:Creating package descriptor '/home/adithya/gz_ws/install/testbed_bringup/share/testbed_bringup/package.dsv'
[0.267s] INFO:colcon.colcon_core.shell:Creating package script '/home/adithya/gz_ws/install/testbed_bringup/share/testbed_bringup/package.sh'
[0.267s] INFO:colcon.colcon_core.shell:Creating package script '/home/adithya/gz_ws/install/testbed_bringup/share/testbed_bringup/package.bash'
[0.267s] INFO:colcon.colcon_core.shell:Creating package script '/home/adithya/gz_ws/install/testbed_bringup/share/testbed_bringup/package.zsh'
[0.267s] Level 1:colcon.colcon_core.environment:create_file_with_runtime_dependencies(/home/adithya/gz_ws/install/testbed_bringup/share/colcon-core/packages/testbed_bringup)
[0.269s] DEBUG:colcon.colcon_core.event_handler.log_command:Invoking command in '/home/adithya/gz_ws/build/testbed_gazebo': CMAKE_PREFIX_PATH=/home/adithya/gz_ws/install/testbed_description:/home/adithya/gz_ws/install/testbed_navigation:/home/adithya/gz_ws/install/testbed_gazebo:/home/adithya/gz_ws/install/testbed_bringup:/home/adithya/gz_ws/install/teleop_collision:/home/adithya/gz_ws/install/leg_assembly_moveit_config:/home/adithya/gz_ws/install/leg_assembly:/opt/openrobots:/opt/ros/humble /usr/bin/cmake --build /home/adithya/gz_ws/build/testbed_gazebo -- -j16 -l16
[0.300s] DEBUG:colcon.colcon_core.event_handler.log_command:Invoked command in '/home/adithya/gz_ws/build/testbed_gazebo' returned '0': CMAKE_PREFIX_PATH=/home/adithya/gz_ws/install/testbed_description:/home/adithya/gz_ws/install/testbed_navigation:/home/adithya/gz_ws/install/testbed_gazebo:/home/adithya/gz_ws/install/testbed_bringup:/home/adithya/gz_ws/install/teleop_collision:/home/adithya/gz_ws/install/leg_assembly_moveit_config:/home/adithya/gz_ws/install/leg_assembly:/opt/openrobots:/opt/ros/humble /usr/bin/cmake --build /home/adithya/gz_ws/build/testbed_gazebo -- -j16 -l16
[0.301s] DEBUG:colcon.colcon_core.event_handler.log_command:Invoking command in '/home/adithya/gz_ws/build/testbed_gazebo': CMAKE_PREFIX_PATH=/home/adithya/gz_ws/install/testbed_description:/home/adithya/gz_ws/install/testbed_navigation:/home/adithya/gz_ws/install/testbed_gazebo:/home/adithya/gz_ws/install/testbed_bringup:/home/adithya/gz_ws/install/teleop_collision:/home/adithya/gz_ws/install/leg_assembly_moveit_config:/home/adithya/gz_ws/install/leg_assembly:/opt/openrobots:/opt/ros/humble /usr/bin/cmake --install /home/adithya/gz_ws/build/testbed_gazebo
[0.331s] Level 1:colcon.colcon_core.environment:create_environment_scripts_only(testbed_gazebo)
[0.331s] Level 1:colcon.colcon_core.environment:checking '/home/adithya/gz_ws/install/testbed_gazebo' for CMake module files
[0.332s] DEBUG:colcon.colcon_core.event_handler.log_command:Invoked command in '/home/adithya/gz_ws/build/testbed_gazebo' returned '0': CMAKE_PREFIX_PATH=/home/adithya/gz_ws/install/testbed_description:/home/adithya/gz_ws/install/testbed_navigation:/home/adithya/gz_ws/install/testbed_gazebo:/home/adithya/gz_ws/install/testbed_bringup:/home/adithya/gz_ws/install/teleop_collision:/home/adithya/gz_ws/install/leg_assembly_moveit_config:/home/adithya/gz_ws/install/leg_assembly:/opt/openrobots:/opt/ros/humble /usr/bin/cmake --install /home/adithya/gz_ws/build/testbed_gazebo
[0.332s] Level 1:colcon.colcon_core.environment:checking '/home/adithya/gz_ws/install/testbed_gazebo' for CMake config files
[0.333s] Level 1:colcon.colcon_core.shell:create_environment_hook('testbed_gazebo', 'cmake_prefix_path')
[0.333s] INFO:colcon.colcon_core.shell:Creating environment hook '/home/adithya/gz_ws/install/testbed_gazebo/share/testbed_gazebo/hook/cmake_prefix_path.ps1'
[0.334s] INFO:colcon.colcon_core.shell:Creating environment descriptor '/home/adithya/gz_ws/install/testbed_gazebo/share/testbed_gazebo/hook/cmake_prefix_path.dsv'
[0.334s] INFO:colcon.colcon_core.shell:Creating environment hook '/home/adithya/gz_ws/install/testbed_gazebo/share/testbed_gazebo/hook/cmake_prefix_path.sh'
[0.335s] Level 1:colcon.colcon_core.environment:checking '/home/adithya/gz_ws/install/testbed_gazebo/bin'
[0.335s] Level 1:colcon.colcon_core.environment:checking '/home/adithya/gz_ws/install/testbed_gazebo/lib/pkgconfig/testbed_gazebo.pc'
[0.336s] Level 1:colcon.colcon_core.environment:checking '/home/adithya/gz_ws/install/testbed_gazebo/lib/python3.10/site-packages'
[0.336s] Level 1:colcon.colcon_core.environment:checking '/home/adithya/gz_ws/install/testbed_gazebo/bin'
[0.336s] INFO:colcon.colcon_core.shell:Creating package script '/home/adithya/gz_ws/install/testbed_gazebo/share/testbed_gazebo/package.ps1'
[0.337s] INFO:colcon.colcon_core.shell:Creating package descriptor '/home/adithya/gz_ws/install/testbed_gazebo/share/testbed_gazebo/package.dsv'
[0.337s] INFO:colcon.colcon_core.shell:Creating package script '/home/adithya/gz_ws/install/testbed_gazebo/share/testbed_gazebo/package.sh'
[0.338s] INFO:colcon.colcon_core.shell:Creating package script '/home/adithya/gz_ws/install/testbed_gazebo/share/testbed_gazebo/package.bash'
[0.338s] INFO:colcon.colcon_core.shell:Creating package script '/home/adithya/gz_ws/install/testbed_gazebo/share/testbed_gazebo/package.zsh'
[0.338s] Level 1:colcon.colcon_core.environment:create_file_with_runtime_dependencies(/home/adithya/gz_ws/install/testbed_gazebo/share/colcon-core/packages/testbed_gazebo)
[0.339s] Level 1:colcon.colcon_core.environment:create_environment_scripts_only(testbed_gazebo)
[0.339s] Level 1:colcon.colcon_core.environment:checking '/home/adithya/gz_ws/install/testbed_gazebo' for CMake module files
[0.339s] Level 1:colcon.colcon_core.environment:checking '/home/adithya/gz_ws/install/testbed_gazebo' for CMake config files
[0.340s] Level 1:colcon.colcon_core.shell:create_environment_hook('testbed_gazebo', 'cmake_prefix_path')
[0.340s] INFO:colcon.colcon_core.shell:Creating environment hook '/home/adithya/gz_ws/install/testbed_gazebo/share/testbed_gazebo/hook/cmake_prefix_path.ps1'
[0.340s] INFO:colcon.colcon_core.shell:Creating environment descriptor '/home/adithya/gz_ws/install/testbed_gazebo/share/testbed_gazebo/hook/cmake_prefix_path.dsv'
[0.341s] INFO:colcon.colcon_core.shell:Creating environment hook '/home/adithya/gz_ws/install/testbed_gazebo/share/testbed_gazebo/hook/cmake_prefix_path.sh'
[0.341s] Level 1:colcon.colcon_core.environment:checking '/home/adithya/gz_ws/install/testbed_gazebo/bin'
[0.341s] Level 1:colcon.colcon_core.environment:checking '/home/adithya/gz_ws/install/testbed_gazebo/lib/pkgconfig/testbed_gazebo.pc'
[0.341s] Level 1:colcon.colcon_core.environment:checking '/home/adithya/gz_ws/install/testbed_gazebo/lib/python3.10/site-packages'
[0.342s] Level 1:colcon.colcon_core.environment:checking '/home/adithya/gz_ws/install/testbed_gazebo/bin'
[0.342s] INFO:colcon.colcon_core.shell:Creating package script '/home/adithya/gz_ws/install/testbed_gazebo/share/testbed_gazebo/package.ps1'
[0.342s] INFO:colcon.colcon_core.shell:Creating package descriptor '/home/adithya/gz_ws/install/testbed_gazebo/share/testbed_gazebo/package.dsv'
[0.342s] INFO:colcon.colcon_core.shell:Creating package script '/home/adithya/gz_ws/install/testbed_gazebo/share/testbed_gazebo/package.sh'
[0.343s] INFO:colcon.colcon_core.shell:Creating package script '/home/adithya/gz_ws/install/testbed_gazebo/share/testbed_gazebo/package.bash'
[0.343s] INFO:colcon.colcon_core.shell:Creating package script '/home/adithya/gz_ws/install/testbed_gazebo/share/testbed_gazebo/package.zsh'
[0.343s] Level 1:colcon.colcon_core.environment:create_file_with_runtime_dependencies(/home/adithya/gz_ws/install/testbed_gazebo/share/colcon-core/packages/testbed_gazebo)
[0.343s] DEBUG:colcon.colcon_parallel_executor.executor.parallel:closing loop
[0.343s] DEBUG:colcon.colcon_parallel_executor.executor.parallel:loop closed
[0.343s] DEBUG:colcon.colcon_parallel_executor.executor.parallel:run_until_complete finished with '0'
[0.343s] DEBUG:colcon.colcon_core.event_reactor:joining thread
[0.347s] INFO:colcon.colcon_core.plugin_system:Skipping extension 'colcon_notification.desktop_notification.terminal_notifier': Not used on non-Darwin systems
[0.347s] INFO:colcon.colcon_core.plugin_system:Skipping extension 'colcon_notification.desktop_notification.win32': Not used on non-Windows systems
[0.347s] INFO:colcon.colcon_notification.desktop_notification:Sending desktop notification using 'notify2'
[0.356s] DEBUG:colcon.colcon_core.event_reactor:joined thread
[0.356s] INFO:colcon.colcon_core.shell:Creating prefix script '/home/adithya/gz_ws/install/local_setup.ps1'
[0.357s] INFO:colcon.colcon_core.shell:Creating prefix util module '/home/adithya/gz_ws/install/_local_setup_util_ps1.py'
[0.358s] INFO:colcon.colcon_core.shell:Creating prefix chain script '/home/adithya/gz_ws/install/setup.ps1'
[0.359s] INFO:colcon.colcon_core.shell:Creating prefix script '/home/adithya/gz_ws/install/local_setup.sh'
[0.359s] INFO:colcon.colcon_core.shell:Creating prefix util module '/home/adithya/gz_ws/install/_local_setup_util_sh.py'
[0.360s] INFO:colcon.colcon_core.shell:Creating prefix chain script '/home/adithya/gz_ws/install/setup.sh'
[0.361s] INFO:colcon.colcon_core.shell:Creating prefix script '/home/adithya/gz_ws/install/local_setup.bash'
[0.362s] INFO:colcon.colcon_core.shell:Creating prefix chain script '/home/adithya/gz_ws/install/setup.bash'
[0.363s] INFO:colcon.colcon_core.shell:Creating prefix script '/home/adithya/gz_ws/install/local_setup.zsh'
[0.363s] INFO:colcon.colcon_core.shell:Creating prefix chain script '/home/adithya/gz_ws/install/setup.zsh'
