-- The C compiler identification is GNU 11.4.0
-- The CXX compiler identification is GNU 11.4.0
-- Detecting C compiler ABI info
-- Detecting C compiler ABI info - done
-- Check for working C compiler: /usr/bin/cc - skipped
-- Detecting C compile features
-- Detecting C compile features - done
-- Detecting CXX compiler ABI info
-- Detecting CXX compiler ABI info - done
-- Check for working CXX compiler: /usr/bin/c++ - skipped
-- Detecting CXX compile features
-- Detecting CXX compile features - done
-- Found ament_cmake: 1.3.12 (/opt/ros/humble/share/ament_cmake/cmake)
-- Found Python3: /usr/bin/python3 (found version "3.10.12") found components: Interpreter 
-- Found rclcpp: 16.0.16 (/opt/ros/humble/share/rclcpp/cmake)
-- Found rosidl_generator_c: 3.1.7 (/opt/ros/humble/share/rosidl_generator_c/cmake)
-- Found rosidl_adapter: 3.1.7 (/opt/ros/humble/share/rosidl_adapter/cmake)
-- Found rosidl_generator_cpp: 3.1.7 (/opt/ros/humble/share/rosidl_generator_cpp/cmake)
-- Using all available rosidl_typesupport_c: rosidl_typesupport_fastrtps_c;rosidl_typesupport_introspection_c
-- Using all available rosidl_typesupport_cpp: rosidl_typesupport_fastrtps_cpp;rosidl_typesupport_introspection_cpp
-- Found rmw_implementation_cmake: 6.1.2 (/opt/ros/humble/share/rmw_implementation_cmake/cmake)
-- Found rmw_fastrtps_cpp: 6.2.9 (/opt/ros/humble/share/rmw_fastrtps_cpp/cmake)
-- Found OpenSSL: /usr/lib/x86_64-linux-gnu/libcrypto.so (found version "3.0.2")  
-- Found FastRTPS: /opt/ros/humble/include  
-- Using RMW implementation 'rmw_fastrtps_cpp' as default
-- Looking for pthread.h
-- Looking for pthread.h - found
-- Performing Test CMAKE_HAVE_LIBC_PTHREAD
-- Performing Test CMAKE_HAVE_LIBC_PTHREAD - Success
-- Found Threads: TRUE  
-- Found moveit_core: 2.5.9 (/opt/ros/humble/share/moveit_core/cmake)
-- Found Boost: /usr/lib/x86_64-linux-gnu/cmake/Boost-1.74.0/BoostConfig.cmake (found version "1.74.0") found components: chrono date_time filesystem iostreams program_options regex serialization system thread 
-- Found parameter_traits: 0.5.0 (/opt/ros/humble/share/parameter_traits/cmake)
-- Found rclcpp_lifecycle: 16.0.16 (/opt/ros/humble/share/rclcpp_lifecycle/cmake)
-- Found Boost: /usr/lib/x86_64-linux-gnu/cmake/Boost-1.74.0/BoostConfig.cmake (found version "1.74.0") found components: filesystem 
-- library: /usr/lib/x86_64-linux-gnu/libcurl.so
-- Found Eigen3: TRUE (found version "3.4.0") 
-- Ensuring Eigen3 include directory is part of orocos-kdl CMake target
-- Found moveit_ros_planning: 2.5.9 (/opt/ros/humble/share/moveit_ros_planning/cmake)
-- Found Boost: /usr/lib/x86_64-linux-gnu/cmake/Boost-1.74.0/BoostConfig.cmake (found version "1.74.0") found components: system filesystem date_time program_options thread chrono 
-- Found moveit_ros_planning_interface: 2.5.9 (/opt/ros/humble/share/moveit_ros_planning_interface/cmake)
-- Found Boost: /usr/lib/x86_64-linux-gnu/cmake/Boost-1.74.0/BoostConfig.cmake (found version "1.74.0") found components: date_time filesystem program_options system thread 
-- Found Boost: /usr/lib/x86_64-linux-gnu/cmake/Boost-1.74.0/BoostConfig.cmake (found version "1.74.0") found components: thread system filesystem regex date_time program_options 
-- Found Boost: /usr/lib/x86_64-linux-gnu/cmake/Boost-1.74.0/BoostConfig.cmake (found version "1.74.0") found components: system filesystem date_time program_options thread 
-- Found ament_lint_auto: 0.12.14 (/opt/ros/humble/share/ament_lint_auto/cmake)
-- Configuring done
-- Generating done
-- Build files have been written to: /home/adithya/gz_ws/build/teleop_collision
[ 50%] [32mBuilding CXX object CMakeFiles/teleop_collision.dir/src/teleop_collision.cpp.o[0m
[01m[K/home/adithya/gz_ws/src/teleop_collision/src/teleop_collision.cpp:[m[K In member function ‘[01m[Kvoid TeleopWithCollision::JoyCallback(sensor_msgs::msg::Joy_<std::allocator<void> >::SharedPtr)[m[K’:
[01m[K/home/adithya/gz_ws/src/teleop_collision/src/teleop_collision.cpp:93:7:[m[K [01;35m[Kwarning: [m[Kstatement has no effect [[01;35m[K]8;;https://gcc.gnu.org/onlinedocs/gcc/Warning-Options.html#index-Wunused-value-Wunused-value]8;;[m[K]
   93 |       [01;35m[K0.0[m[K;
      |       [01;35m[K^~~[m[K
[100%] [32m[1mLinking CXX executable teleop_collision[0m
[100%] Built target teleop_collision
-- Install configuration: ""
-- Installing: /home/adithya/gz_ws/install/teleop_collision/lib/teleop_collision/teleop_collision
-- Set runtime path of "/home/adithya/gz_ws/install/teleop_collision/lib/teleop_collision/teleop_collision" to ""
-- Installing: /home/adithya/gz_ws/install/teleop_collision/share/ament_index/resource_index/package_run_dependencies/teleop_collision
-- Installing: /home/adithya/gz_ws/install/teleop_collision/share/ament_index/resource_index/parent_prefix_path/teleop_collision
-- Installing: /home/adithya/gz_ws/install/teleop_collision/share/teleop_collision/environment/ament_prefix_path.sh
-- Installing: /home/adithya/gz_ws/install/teleop_collision/share/teleop_collision/environment/ament_prefix_path.dsv
-- Installing: /home/adithya/gz_ws/install/teleop_collision/share/teleop_collision/environment/path.sh
-- Installing: /home/adithya/gz_ws/install/teleop_collision/share/teleop_collision/environment/path.dsv
-- Installing: /home/adithya/gz_ws/install/teleop_collision/share/teleop_collision/local_setup.bash
-- Installing: /home/adithya/gz_ws/install/teleop_collision/share/teleop_collision/local_setup.sh
-- Installing: /home/adithya/gz_ws/install/teleop_collision/share/teleop_collision/local_setup.zsh
-- Installing: /home/adithya/gz_ws/install/teleop_collision/share/teleop_collision/local_setup.dsv
-- Installing: /home/adithya/gz_ws/install/teleop_collision/share/teleop_collision/package.dsv
-- Installing: /home/adithya/gz_ws/install/teleop_collision/share/ament_index/resource_index/packages/teleop_collision
-- Installing: /home/adithya/gz_ws/install/teleop_collision/share/teleop_collision/cmake/teleop_collisionConfig.cmake
-- Installing: /home/adithya/gz_ws/install/teleop_collision/share/teleop_collision/cmake/teleop_collisionConfig-version.cmake
-- Installing: /home/adithya/gz_ws/install/teleop_collision/share/teleop_collision/package.xml
