[0.776s] DEBUG:colcon:Command line arguments: ['/usr/bin/colcon', 'build']
[0.776s] DEBUG:colcon:Parsed command line arguments: Namespace(log_base=None, log_level=None, verb_name='build', build_base='build', install_base='install', merge_install=False, symlink_install=False, test_result_base=None, continue_on_error=False, executor='parallel', parallel_workers=16, event_handlers=None, ignore_user_meta=False, metas=['./colcon.meta'], base_paths=['.'], packages_ignore=None, packages_ignore_regex=None, paths=None, packages_up_to=None, packages_up_to_regex=None, packages_above=None, packages_above_and_dependencies=None, packages_above_depth=None, packages_select_by_dep=None, packages_skip_by_dep=None, packages_skip_up_to=None, packages_select_build_failed=False, packages_skip_build_finished=False, packages_select_test_failures=False, packages_skip_test_passed=False, packages_select=None, packages_skip=None, packages_select_regex=None, packages_skip_regex=None, packages_start=None, packages_end=None, allow_overriding=[], cmake_args=None, cmake_target=None, cmake_target_skip_unavailable=False, cmake_clean_cache=False, cmake_clean_first=False, cmake_force_configure=False, ament_cmake_args=None, catkin_cmake_args=None, catkin_skip_building_tests=False, mixin_files=None, mixin=None, verb_parser=<colcon_mixin.mixin.mixin_argument.MixinArgumentDecorator object at 0x7d046865b670>, verb_extension=<colcon_core.verb.build.BuildVerb object at 0x7d046865aa10>, main=<bound method BuildVerb.main of <colcon_core.verb.build.BuildVerb object at 0x7d046865aa10>>, mixin_verb=('build',))
[0.939s] Level 1:colcon.colcon_core.package_discovery:discover_packages(colcon_meta) check parameters
[0.939s] Level 1:colcon.colcon_core.package_discovery:discover_packages(recursive) check parameters
[0.939s] Level 1:colcon.colcon_core.package_discovery:discover_packages(ignore) check parameters
[0.939s] Level 1:colcon.colcon_core.package_discovery:discover_packages(path) check parameters
[0.939s] Level 1:colcon.colcon_core.package_discovery:discover_packages(colcon_meta) discover
[0.939s] Level 1:colcon.colcon_core.package_discovery:discover_packages(recursive) discover
[0.939s] INFO:colcon.colcon_core.package_discovery:Crawling recursively for packages in '/home/adithya/gz_ws'
[0.939s] Level 1:colcon.colcon_core.package_identification:_identify(.) by extensions ['ignore', 'ignore_ament_install']
[0.939s] Level 1:colcon.colcon_core.package_identification:_identify(.) by extension 'ignore'
[0.939s] Level 1:colcon.colcon_core.package_identification:_identify(.) by extension 'ignore_ament_install'
[0.939s] Level 1:colcon.colcon_core.package_identification:_identify(.) by extensions ['colcon_pkg']
[0.939s] Level 1:colcon.colcon_core.package_identification:_identify(.) by extension 'colcon_pkg'
[0.939s] Level 1:colcon.colcon_core.package_identification:_identify(.) by extensions ['colcon_meta']
[0.939s] Level 1:colcon.colcon_core.package_identification:_identify(.) by extension 'colcon_meta'
[0.939s] Level 1:colcon.colcon_core.package_identification:_identify(.) by extensions ['ros']
[0.940s] Level 1:colcon.colcon_core.package_identification:_identify(.) by extension 'ros'
[0.951s] Level 1:colcon.colcon_core.package_identification:_identify(.) by extensions ['cmake', 'python']
[0.951s] Level 1:colcon.colcon_core.package_identification:_identify(.) by extension 'cmake'
[0.951s] Level 1:colcon.colcon_core.package_identification:_identify(.) by extension 'python'
[0.951s] Level 1:colcon.colcon_core.package_identification:_identify(.) by extensions ['python_setup_py']
[0.951s] Level 1:colcon.colcon_core.package_identification:_identify(.) by extension 'python_setup_py'
[0.951s] Level 1:colcon.colcon_core.package_identification:_identify(build) by extensions ['ignore', 'ignore_ament_install']
[0.951s] Level 1:colcon.colcon_core.package_identification:_identify(build) by extension 'ignore'
[0.951s] Level 1:colcon.colcon_core.package_identification:_identify(build) ignored
[0.951s] Level 1:colcon.colcon_core.package_identification:_identify(install) by extensions ['ignore', 'ignore_ament_install']
[0.951s] Level 1:colcon.colcon_core.package_identification:_identify(install) by extension 'ignore'
[0.951s] Level 1:colcon.colcon_core.package_identification:_identify(install) ignored
[0.952s] Level 1:colcon.colcon_core.package_identification:_identify(log) by extensions ['ignore', 'ignore_ament_install']
[0.952s] Level 1:colcon.colcon_core.package_identification:_identify(log) by extension 'ignore'
[0.952s] Level 1:colcon.colcon_core.package_identification:_identify(log) ignored
[0.952s] Level 1:colcon.colcon_core.package_identification:_identify(src) by extensions ['ignore', 'ignore_ament_install']
[0.952s] Level 1:colcon.colcon_core.package_identification:_identify(src) by extension 'ignore'
[0.952s] Level 1:colcon.colcon_core.package_identification:_identify(src) by extension 'ignore_ament_install'
[0.952s] Level 1:colcon.colcon_core.package_identification:_identify(src) by extensions ['colcon_pkg']
[0.952s] Level 1:colcon.colcon_core.package_identification:_identify(src) by extension 'colcon_pkg'
[0.952s] Level 1:colcon.colcon_core.package_identification:_identify(src) by extensions ['colcon_meta']
[0.952s] Level 1:colcon.colcon_core.package_identification:_identify(src) by extension 'colcon_meta'
[0.952s] Level 1:colcon.colcon_core.package_identification:_identify(src) by extensions ['ros']
[0.952s] Level 1:colcon.colcon_core.package_identification:_identify(src) by extension 'ros'
[0.952s] Level 1:colcon.colcon_core.package_identification:_identify(src) by extensions ['cmake', 'python']
[0.952s] Level 1:colcon.colcon_core.package_identification:_identify(src) by extension 'cmake'
[0.952s] Level 1:colcon.colcon_core.package_identification:_identify(src) by extension 'python'
[0.952s] Level 1:colcon.colcon_core.package_identification:_identify(src) by extensions ['python_setup_py']
[0.952s] Level 1:colcon.colcon_core.package_identification:_identify(src) by extension 'python_setup_py'
[0.952s] Level 1:colcon.colcon_core.package_identification:_identify(src/level01_ros_assignment) by extensions ['ignore', 'ignore_ament_install']
[0.952s] Level 1:colcon.colcon_core.package_identification:_identify(src/level01_ros_assignment) by extension 'ignore'
[0.952s] Level 1:colcon.colcon_core.package_identification:_identify(src/level01_ros_assignment) by extension 'ignore_ament_install'
[0.952s] Level 1:colcon.colcon_core.package_identification:_identify(src/level01_ros_assignment) by extensions ['colcon_pkg']
[0.952s] Level 1:colcon.colcon_core.package_identification:_identify(src/level01_ros_assignment) by extension 'colcon_pkg'
[0.952s] Level 1:colcon.colcon_core.package_identification:_identify(src/level01_ros_assignment) by extensions ['colcon_meta']
[0.952s] Level 1:colcon.colcon_core.package_identification:_identify(src/level01_ros_assignment) by extension 'colcon_meta'
[0.952s] Level 1:colcon.colcon_core.package_identification:_identify(src/level01_ros_assignment) by extensions ['ros']
[0.952s] Level 1:colcon.colcon_core.package_identification:_identify(src/level01_ros_assignment) by extension 'ros'
[0.952s] Level 1:colcon.colcon_core.package_identification:_identify(src/level01_ros_assignment) by extensions ['cmake', 'python']
[0.952s] Level 1:colcon.colcon_core.package_identification:_identify(src/level01_ros_assignment) by extension 'cmake'
[0.952s] Level 1:colcon.colcon_core.package_identification:_identify(src/level01_ros_assignment) by extension 'python'
[0.953s] Level 1:colcon.colcon_core.package_identification:_identify(src/level01_ros_assignment) by extensions ['python_setup_py']
[0.953s] Level 1:colcon.colcon_core.package_identification:_identify(src/level01_ros_assignment) by extension 'python_setup_py'
[0.953s] Level 1:colcon.colcon_core.package_identification:_identify(src/level01_ros_assignment/testbed_bringup) by extensions ['ignore', 'ignore_ament_install']
[0.953s] Level 1:colcon.colcon_core.package_identification:_identify(src/level01_ros_assignment/testbed_bringup) by extension 'ignore'
[0.953s] Level 1:colcon.colcon_core.package_identification:_identify(src/level01_ros_assignment/testbed_bringup) by extension 'ignore_ament_install'
[0.953s] Level 1:colcon.colcon_core.package_identification:_identify(src/level01_ros_assignment/testbed_bringup) by extensions ['colcon_pkg']
[0.953s] Level 1:colcon.colcon_core.package_identification:_identify(src/level01_ros_assignment/testbed_bringup) by extension 'colcon_pkg'
[0.953s] Level 1:colcon.colcon_core.package_identification:_identify(src/level01_ros_assignment/testbed_bringup) by extensions ['colcon_meta']
[0.953s] Level 1:colcon.colcon_core.package_identification:_identify(src/level01_ros_assignment/testbed_bringup) by extension 'colcon_meta'
[0.953s] Level 1:colcon.colcon_core.package_identification:_identify(src/level01_ros_assignment/testbed_bringup) by extensions ['ros']
[0.953s] Level 1:colcon.colcon_core.package_identification:_identify(src/level01_ros_assignment/testbed_bringup) by extension 'ros'
[0.956s] DEBUG:colcon.colcon_core.package_identification:Package 'src/level01_ros_assignment/testbed_bringup' with type 'ros.ament_cmake' and name 'testbed_bringup'
[0.956s] Level 1:colcon.colcon_core.package_identification:_identify(src/level01_ros_assignment/testbed_description) by extensions ['ignore', 'ignore_ament_install']
[0.956s] Level 1:colcon.colcon_core.package_identification:_identify(src/level01_ros_assignment/testbed_description) by extension 'ignore'
[0.956s] Level 1:colcon.colcon_core.package_identification:_identify(src/level01_ros_assignment/testbed_description) by extension 'ignore_ament_install'
[0.956s] Level 1:colcon.colcon_core.package_identification:_identify(src/level01_ros_assignment/testbed_description) by extensions ['colcon_pkg']
[0.956s] Level 1:colcon.colcon_core.package_identification:_identify(src/level01_ros_assignment/testbed_description) by extension 'colcon_pkg'
[0.956s] Level 1:colcon.colcon_core.package_identification:_identify(src/level01_ros_assignment/testbed_description) by extensions ['colcon_meta']
[0.956s] Level 1:colcon.colcon_core.package_identification:_identify(src/level01_ros_assignment/testbed_description) by extension 'colcon_meta'
[0.956s] Level 1:colcon.colcon_core.package_identification:_identify(src/level01_ros_assignment/testbed_description) by extensions ['ros']
[0.956s] Level 1:colcon.colcon_core.package_identification:_identify(src/level01_ros_assignment/testbed_description) by extension 'ros'
[0.957s] DEBUG:colcon.colcon_core.package_identification:Package 'src/level01_ros_assignment/testbed_description' with type 'ros.ament_cmake' and name 'testbed_description'
[0.957s] Level 1:colcon.colcon_core.package_identification:_identify(src/level01_ros_assignment/testbed_gazebo) by extensions ['ignore', 'ignore_ament_install']
[0.957s] Level 1:colcon.colcon_core.package_identification:_identify(src/level01_ros_assignment/testbed_gazebo) by extension 'ignore'
[0.957s] Level 1:colcon.colcon_core.package_identification:_identify(src/level01_ros_assignment/testbed_gazebo) by extension 'ignore_ament_install'
[0.957s] Level 1:colcon.colcon_core.package_identification:_identify(src/level01_ros_assignment/testbed_gazebo) by extensions ['colcon_pkg']
[0.957s] Level 1:colcon.colcon_core.package_identification:_identify(src/level01_ros_assignment/testbed_gazebo) by extension 'colcon_pkg'
[0.957s] Level 1:colcon.colcon_core.package_identification:_identify(src/level01_ros_assignment/testbed_gazebo) by extensions ['colcon_meta']
[0.957s] Level 1:colcon.colcon_core.package_identification:_identify(src/level01_ros_assignment/testbed_gazebo) by extension 'colcon_meta'
[0.957s] Level 1:colcon.colcon_core.package_identification:_identify(src/level01_ros_assignment/testbed_gazebo) by extensions ['ros']
[0.957s] Level 1:colcon.colcon_core.package_identification:_identify(src/level01_ros_assignment/testbed_gazebo) by extension 'ros'
[0.958s] DEBUG:colcon.colcon_core.package_identification:Package 'src/level01_ros_assignment/testbed_gazebo' with type 'ros.ament_cmake' and name 'testbed_gazebo'
[0.958s] Level 1:colcon.colcon_core.package_identification:_identify(src/pointcloud_to_laserscan) by extensions ['ignore', 'ignore_ament_install']
[0.958s] Level 1:colcon.colcon_core.package_identification:_identify(src/pointcloud_to_laserscan) by extension 'ignore'
[0.958s] Level 1:colcon.colcon_core.package_identification:_identify(src/pointcloud_to_laserscan) by extension 'ignore_ament_install'
[0.958s] Level 1:colcon.colcon_core.package_identification:_identify(src/pointcloud_to_laserscan) by extensions ['colcon_pkg']
[0.958s] Level 1:colcon.colcon_core.package_identification:_identify(src/pointcloud_to_laserscan) by extension 'colcon_pkg'
[0.958s] Level 1:colcon.colcon_core.package_identification:_identify(src/pointcloud_to_laserscan) by extensions ['colcon_meta']
[0.958s] Level 1:colcon.colcon_core.package_identification:_identify(src/pointcloud_to_laserscan) by extension 'colcon_meta'
[0.958s] Level 1:colcon.colcon_core.package_identification:_identify(src/pointcloud_to_laserscan) by extensions ['ros']
[0.958s] Level 1:colcon.colcon_core.package_identification:_identify(src/pointcloud_to_laserscan) by extension 'ros'
[0.959s] DEBUG:colcon.colcon_core.package_identification:Package 'src/pointcloud_to_laserscan' with type 'ros.ament_cmake' and name 'pointcloud_to_laserscan'
[0.959s] Level 1:colcon.colcon_core.package_identification:_identify(src/testbed_navigation) by extensions ['ignore', 'ignore_ament_install']
[0.959s] Level 1:colcon.colcon_core.package_identification:_identify(src/testbed_navigation) by extension 'ignore'
[0.959s] Level 1:colcon.colcon_core.package_identification:_identify(src/testbed_navigation) by extension 'ignore_ament_install'
[0.959s] Level 1:colcon.colcon_core.package_identification:_identify(src/testbed_navigation) by extensions ['colcon_pkg']
[0.959s] Level 1:colcon.colcon_core.package_identification:_identify(src/testbed_navigation) by extension 'colcon_pkg'
[0.959s] Level 1:colcon.colcon_core.package_identification:_identify(src/testbed_navigation) by extensions ['colcon_meta']
[0.960s] Level 1:colcon.colcon_core.package_identification:_identify(src/testbed_navigation) by extension 'colcon_meta'
[0.960s] Level 1:colcon.colcon_core.package_identification:_identify(src/testbed_navigation) by extensions ['ros']
[0.960s] Level 1:colcon.colcon_core.package_identification:_identify(src/testbed_navigation) by extension 'ros'
[0.961s] DEBUG:colcon.colcon_core.package_identification:Package 'src/testbed_navigation' with type 'ros.ament_cmake' and name 'testbed_navigation'
[0.961s] Level 1:colcon.colcon_core.package_discovery:discover_packages(recursive) using defaults
[0.961s] Level 1:colcon.colcon_core.package_discovery:discover_packages(ignore) discover
[0.961s] Level 1:colcon.colcon_core.package_discovery:discover_packages(ignore) using defaults
[0.961s] Level 1:colcon.colcon_core.package_discovery:discover_packages(path) discover
[0.961s] Level 1:colcon.colcon_core.package_discovery:discover_packages(path) using defaults
[1.023s] Level 1:colcon.colcon_core.package_discovery:discover_packages(prefix_path) check parameters
[1.023s] Level 1:colcon.colcon_core.package_discovery:discover_packages(prefix_path) discover
[1.027s] DEBUG:colcon.colcon_installed_package_information.package_discovery:Found 492 installed packages in /opt/ros/humble
[1.028s] Level 1:colcon.colcon_core.package_discovery:discover_packages(prefix_path) using defaults
[1.069s] Level 5:colcon.colcon_core.verb:set package 'pointcloud_to_laserscan' build argument 'cmake_args' from command line to 'None'
[1.069s] Level 5:colcon.colcon_core.verb:set package 'pointcloud_to_laserscan' build argument 'cmake_target' from command line to 'None'
[1.069s] Level 5:colcon.colcon_core.verb:set package 'pointcloud_to_laserscan' build argument 'cmake_target_skip_unavailable' from command line to 'False'
[1.069s] Level 5:colcon.colcon_core.verb:set package 'pointcloud_to_laserscan' build argument 'cmake_clean_cache' from command line to 'False'
[1.069s] Level 5:colcon.colcon_core.verb:set package 'pointcloud_to_laserscan' build argument 'cmake_clean_first' from command line to 'False'
[1.069s] Level 5:colcon.colcon_core.verb:set package 'pointcloud_to_laserscan' build argument 'cmake_force_configure' from command line to 'False'
[1.069s] Level 5:colcon.colcon_core.verb:set package 'pointcloud_to_laserscan' build argument 'ament_cmake_args' from command line to 'None'
[1.069s] Level 5:colcon.colcon_core.verb:set package 'pointcloud_to_laserscan' build argument 'catkin_cmake_args' from command line to 'None'
[1.069s] Level 5:colcon.colcon_core.verb:set package 'pointcloud_to_laserscan' build argument 'catkin_skip_building_tests' from command line to 'False'
[1.069s] DEBUG:colcon.colcon_core.verb:Building package 'pointcloud_to_laserscan' with the following arguments: {'ament_cmake_args': None, 'build_base': '/home/adithya/gz_ws/build/pointcloud_to_laserscan', 'catkin_cmake_args': None, 'catkin_skip_building_tests': False, 'cmake_args': None, 'cmake_clean_cache': False, 'cmake_clean_first': False, 'cmake_force_configure': False, 'cmake_target': None, 'cmake_target_skip_unavailable': False, 'install_base': '/home/adithya/gz_ws/install/pointcloud_to_laserscan', 'merge_install': False, 'path': '/home/adithya/gz_ws/src/pointcloud_to_laserscan', 'symlink_install': False, 'test_result_base': None}
[1.069s] Level 5:colcon.colcon_core.verb:set package 'testbed_bringup' build argument 'cmake_args' from command line to 'None'
[1.069s] Level 5:colcon.colcon_core.verb:set package 'testbed_bringup' build argument 'cmake_target' from command line to 'None'
[1.069s] Level 5:colcon.colcon_core.verb:set package 'testbed_bringup' build argument 'cmake_target_skip_unavailable' from command line to 'False'
[1.069s] Level 5:colcon.colcon_core.verb:set package 'testbed_bringup' build argument 'cmake_clean_cache' from command line to 'False'
[1.069s] Level 5:colcon.colcon_core.verb:set package 'testbed_bringup' build argument 'cmake_clean_first' from command line to 'False'
[1.069s] Level 5:colcon.colcon_core.verb:set package 'testbed_bringup' build argument 'cmake_force_configure' from command line to 'False'
[1.069s] Level 5:colcon.colcon_core.verb:set package 'testbed_bringup' build argument 'ament_cmake_args' from command line to 'None'
[1.069s] Level 5:colcon.colcon_core.verb:set package 'testbed_bringup' build argument 'catkin_cmake_args' from command line to 'None'
[1.069s] Level 5:colcon.colcon_core.verb:set package 'testbed_bringup' build argument 'catkin_skip_building_tests' from command line to 'False'
[1.069s] DEBUG:colcon.colcon_core.verb:Building package 'testbed_bringup' with the following arguments: {'ament_cmake_args': None, 'build_base': '/home/adithya/gz_ws/build/testbed_bringup', 'catkin_cmake_args': None, 'catkin_skip_building_tests': False, 'cmake_args': None, 'cmake_clean_cache': False, 'cmake_clean_first': False, 'cmake_force_configure': False, 'cmake_target': None, 'cmake_target_skip_unavailable': False, 'install_base': '/home/adithya/gz_ws/install/testbed_bringup', 'merge_install': False, 'path': '/home/adithya/gz_ws/src/level01_ros_assignment/testbed_bringup', 'symlink_install': False, 'test_result_base': None}
[1.069s] Level 5:colcon.colcon_core.verb:set package 'testbed_description' build argument 'cmake_args' from command line to 'None'
[1.069s] Level 5:colcon.colcon_core.verb:set package 'testbed_description' build argument 'cmake_target' from command line to 'None'
[1.069s] Level 5:colcon.colcon_core.verb:set package 'testbed_description' build argument 'cmake_target_skip_unavailable' from command line to 'False'
[1.069s] Level 5:colcon.colcon_core.verb:set package 'testbed_description' build argument 'cmake_clean_cache' from command line to 'False'
[1.069s] Level 5:colcon.colcon_core.verb:set package 'testbed_description' build argument 'cmake_clean_first' from command line to 'False'
[1.069s] Level 5:colcon.colcon_core.verb:set package 'testbed_description' build argument 'cmake_force_configure' from command line to 'False'
[1.069s] Level 5:colcon.colcon_core.verb:set package 'testbed_description' build argument 'ament_cmake_args' from command line to 'None'
[1.069s] Level 5:colcon.colcon_core.verb:set package 'testbed_description' build argument 'catkin_cmake_args' from command line to 'None'
[1.069s] Level 5:colcon.colcon_core.verb:set package 'testbed_description' build argument 'catkin_skip_building_tests' from command line to 'False'
[1.069s] DEBUG:colcon.colcon_core.verb:Building package 'testbed_description' with the following arguments: {'ament_cmake_args': None, 'build_base': '/home/adithya/gz_ws/build/testbed_description', 'catkin_cmake_args': None, 'catkin_skip_building_tests': False, 'cmake_args': None, 'cmake_clean_cache': False, 'cmake_clean_first': False, 'cmake_force_configure': False, 'cmake_target': None, 'cmake_target_skip_unavailable': False, 'install_base': '/home/adithya/gz_ws/install/testbed_description', 'merge_install': False, 'path': '/home/adithya/gz_ws/src/level01_ros_assignment/testbed_description', 'symlink_install': False, 'test_result_base': None}
[1.070s] Level 5:colcon.colcon_core.verb:set package 'testbed_navigation' build argument 'cmake_args' from command line to 'None'
[1.070s] Level 5:colcon.colcon_core.verb:set package 'testbed_navigation' build argument 'cmake_target' from command line to 'None'
[1.070s] Level 5:colcon.colcon_core.verb:set package 'testbed_navigation' build argument 'cmake_target_skip_unavailable' from command line to 'False'
[1.070s] Level 5:colcon.colcon_core.verb:set package 'testbed_navigation' build argument 'cmake_clean_cache' from command line to 'False'
[1.070s] Level 5:colcon.colcon_core.verb:set package 'testbed_navigation' build argument 'cmake_clean_first' from command line to 'False'
[1.070s] Level 5:colcon.colcon_core.verb:set package 'testbed_navigation' build argument 'cmake_force_configure' from command line to 'False'
[1.070s] Level 5:colcon.colcon_core.verb:set package 'testbed_navigation' build argument 'ament_cmake_args' from command line to 'None'
[1.070s] Level 5:colcon.colcon_core.verb:set package 'testbed_navigation' build argument 'catkin_cmake_args' from command line to 'None'
[1.070s] Level 5:colcon.colcon_core.verb:set package 'testbed_navigation' build argument 'catkin_skip_building_tests' from command line to 'False'
[1.070s] DEBUG:colcon.colcon_core.verb:Building package 'testbed_navigation' with the following arguments: {'ament_cmake_args': None, 'build_base': '/home/adithya/gz_ws/build/testbed_navigation', 'catkin_cmake_args': None, 'catkin_skip_building_tests': False, 'cmake_args': None, 'cmake_clean_cache': False, 'cmake_clean_first': False, 'cmake_force_configure': False, 'cmake_target': None, 'cmake_target_skip_unavailable': False, 'install_base': '/home/adithya/gz_ws/install/testbed_navigation', 'merge_install': False, 'path': '/home/adithya/gz_ws/src/testbed_navigation', 'symlink_install': False, 'test_result_base': None}
[1.070s] Level 5:colcon.colcon_core.verb:set package 'testbed_gazebo' build argument 'cmake_args' from command line to 'None'
[1.070s] Level 5:colcon.colcon_core.verb:set package 'testbed_gazebo' build argument 'cmake_target' from command line to 'None'
[1.070s] Level 5:colcon.colcon_core.verb:set package 'testbed_gazebo' build argument 'cmake_target_skip_unavailable' from command line to 'False'
[1.070s] Level 5:colcon.colcon_core.verb:set package 'testbed_gazebo' build argument 'cmake_clean_cache' from command line to 'False'
[1.070s] Level 5:colcon.colcon_core.verb:set package 'testbed_gazebo' build argument 'cmake_clean_first' from command line to 'False'
[1.070s] Level 5:colcon.colcon_core.verb:set package 'testbed_gazebo' build argument 'cmake_force_configure' from command line to 'False'
[1.070s] Level 5:colcon.colcon_core.verb:set package 'testbed_gazebo' build argument 'ament_cmake_args' from command line to 'None'
[1.070s] Level 5:colcon.colcon_core.verb:set package 'testbed_gazebo' build argument 'catkin_cmake_args' from command line to 'None'
[1.070s] Level 5:colcon.colcon_core.verb:set package 'testbed_gazebo' build argument 'catkin_skip_building_tests' from command line to 'False'
[1.070s] DEBUG:colcon.colcon_core.verb:Building package 'testbed_gazebo' with the following arguments: {'ament_cmake_args': None, 'build_base': '/home/adithya/gz_ws/build/testbed_gazebo', 'catkin_cmake_args': None, 'catkin_skip_building_tests': False, 'cmake_args': None, 'cmake_clean_cache': False, 'cmake_clean_first': False, 'cmake_force_configure': False, 'cmake_target': None, 'cmake_target_skip_unavailable': False, 'install_base': '/home/adithya/gz_ws/install/testbed_gazebo', 'merge_install': False, 'path': '/home/adithya/gz_ws/src/level01_ros_assignment/testbed_gazebo', 'symlink_install': False, 'test_result_base': None}
[1.070s] INFO:colcon.colcon_core.executor:Executing jobs using 'parallel' executor
[1.071s] DEBUG:colcon.colcon_parallel_executor.executor.parallel:run_until_complete
[1.071s] INFO:colcon.colcon_ros.task.ament_cmake.build:Building ROS package in '/home/adithya/gz_ws/src/level01_ros_assignment/testbed_description' with build type 'ament_cmake'
[1.071s] INFO:colcon.colcon_cmake.task.cmake.build:Building CMake package in '/home/adithya/gz_ws/src/level01_ros_assignment/testbed_description'
[1.076s] INFO:colcon.colcon_core.plugin_system:Skipping extension 'colcon_core.shell.bat': Not used on non-Windows systems
[1.076s] INFO:colcon.colcon_core.shell:Skip shell extension 'powershell' for command environment: Not usable outside of PowerShell
[1.076s] DEBUG:colcon.colcon_core.shell:Skip shell extension 'dsv' for command environment
[1.079s] INFO:colcon.colcon_ros.task.ament_cmake.build:Building ROS package in '/home/adithya/gz_ws/src/pointcloud_to_laserscan' with build type 'ament_cmake'
[1.079s] INFO:colcon.colcon_cmake.task.cmake.build:Building CMake package in '/home/adithya/gz_ws/src/pointcloud_to_laserscan'
[1.079s] INFO:colcon.colcon_core.shell:Skip shell extension 'powershell' for command environment: Not usable outside of PowerShell
[1.079s] DEBUG:colcon.colcon_core.shell:Skip shell extension 'dsv' for command environment
[1.081s] INFO:colcon.colcon_ros.task.ament_cmake.build:Building ROS package in '/home/adithya/gz_ws/src/level01_ros_assignment/testbed_bringup' with build type 'ament_cmake'
[1.081s] INFO:colcon.colcon_cmake.task.cmake.build:Building CMake package in '/home/adithya/gz_ws/src/level01_ros_assignment/testbed_bringup'
[1.082s] INFO:colcon.colcon_core.shell:Skip shell extension 'powershell' for command environment: Not usable outside of PowerShell
[1.082s] DEBUG:colcon.colcon_core.shell:Skip shell extension 'dsv' for command environment
[1.084s] INFO:colcon.colcon_ros.task.ament_cmake.build:Building ROS package in '/home/adithya/gz_ws/src/testbed_navigation' with build type 'ament_cmake'
[1.084s] INFO:colcon.colcon_cmake.task.cmake.build:Building CMake package in '/home/adithya/gz_ws/src/testbed_navigation'
[1.085s] INFO:colcon.colcon_core.shell:Skip shell extension 'powershell' for command environment: Not usable outside of PowerShell
[1.085s] DEBUG:colcon.colcon_core.shell:Skip shell extension 'dsv' for command environment
[1.090s] DEBUG:colcon.colcon_core.event_handler.log_command:Invoking command in '/home/adithya/gz_ws/build/testbed_description': CMAKE_PREFIX_PATH=${CMAKE_PREFIX_PATH}:/opt/ros/humble /usr/bin/cmake --build /home/adithya/gz_ws/build/testbed_description -- -j16 -l16
[1.113s] DEBUG:colcon.colcon_core.event_handler.log_command:Invoking command in '/home/adithya/gz_ws/build/pointcloud_to_laserscan': CMAKE_PREFIX_PATH=${CMAKE_PREFIX_PATH}:/opt/ros/humble /usr/bin/cmake --build /home/adithya/gz_ws/build/pointcloud_to_laserscan -- -j16 -l16
[1.117s] DEBUG:colcon.colcon_core.event_handler.log_command:Invoking command in '/home/adithya/gz_ws/build/testbed_bringup': CMAKE_PREFIX_PATH=${CMAKE_PREFIX_PATH}:/opt/ros/humble /usr/bin/cmake --build /home/adithya/gz_ws/build/testbed_bringup -- -j16 -l16
[1.136s] DEBUG:colcon.colcon_core.event_handler.log_command:Invoking command in '/home/adithya/gz_ws/build/testbed_navigation': CMAKE_PREFIX_PATH=${CMAKE_PREFIX_PATH}:/opt/ros/humble /usr/bin/cmake --build /home/adithya/gz_ws/build/testbed_navigation -- -j16 -l16
[1.259s] DEBUG:colcon.colcon_core.event_handler.log_command:Invoked command in '/home/adithya/gz_ws/build/testbed_bringup' returned '0': CMAKE_PREFIX_PATH=${CMAKE_PREFIX_PATH}:/opt/ros/humble /usr/bin/cmake --build /home/adithya/gz_ws/build/testbed_bringup -- -j16 -l16
[1.281s] DEBUG:colcon.colcon_core.event_handler.log_command:Invoking command in '/home/adithya/gz_ws/build/testbed_bringup': CMAKE_PREFIX_PATH=${CMAKE_PREFIX_PATH}:/opt/ros/humble /usr/bin/cmake --install /home/adithya/gz_ws/build/testbed_bringup
[1.282s] DEBUG:colcon.colcon_core.event_handler.log_command:Invoked command in '/home/adithya/gz_ws/build/testbed_description' returned '0': CMAKE_PREFIX_PATH=${CMAKE_PREFIX_PATH}:/opt/ros/humble /usr/bin/cmake --build /home/adithya/gz_ws/build/testbed_description -- -j16 -l16
[1.284s] DEBUG:colcon.colcon_core.event_handler.log_command:Invoking command in '/home/adithya/gz_ws/build/testbed_description': CMAKE_PREFIX_PATH=${CMAKE_PREFIX_PATH}:/opt/ros/humble /usr/bin/cmake --install /home/adithya/gz_ws/build/testbed_description
[1.291s] DEBUG:colcon.colcon_core.event_handler.log_command:Invoked command in '/home/adithya/gz_ws/build/testbed_navigation' returned '0': CMAKE_PREFIX_PATH=${CMAKE_PREFIX_PATH}:/opt/ros/humble /usr/bin/cmake --build /home/adithya/gz_ws/build/testbed_navigation -- -j16 -l16
[1.296s] DEBUG:colcon.colcon_core.event_handler.log_command:Invoking command in '/home/adithya/gz_ws/build/testbed_navigation': CMAKE_PREFIX_PATH=${CMAKE_PREFIX_PATH}:/opt/ros/humble /usr/bin/cmake --install /home/adithya/gz_ws/build/testbed_navigation
[1.303s] Level 1:colcon.colcon_core.environment:create_environment_scripts_only(testbed_bringup)
[1.304s] DEBUG:colcon.colcon_core.event_handler.log_command:Invoked command in '/home/adithya/gz_ws/build/testbed_bringup' returned '0': CMAKE_PREFIX_PATH=${CMAKE_PREFIX_PATH}:/opt/ros/humble /usr/bin/cmake --install /home/adithya/gz_ws/build/testbed_bringup
[1.321s] Level 1:colcon.colcon_core.environment:checking '/home/adithya/gz_ws/install/testbed_bringup' for CMake module files
[1.322s] Level 1:colcon.colcon_core.environment:checking '/home/adithya/gz_ws/install/testbed_bringup' for CMake config files
[1.333s] Level 1:colcon.colcon_core.shell:create_environment_hook('testbed_bringup', 'cmake_prefix_path')
[1.334s] INFO:colcon.colcon_core.shell:Creating environment hook '/home/adithya/gz_ws/install/testbed_bringup/share/testbed_bringup/hook/cmake_prefix_path.ps1'
[1.339s] INFO:colcon.colcon_core.shell:Creating environment descriptor '/home/adithya/gz_ws/install/testbed_bringup/share/testbed_bringup/hook/cmake_prefix_path.dsv'
[1.341s] INFO:colcon.colcon_core.shell:Creating environment hook '/home/adithya/gz_ws/install/testbed_bringup/share/testbed_bringup/hook/cmake_prefix_path.sh'
[1.344s] Level 1:colcon.colcon_core.environment:checking '/home/adithya/gz_ws/install/testbed_bringup/bin'
[1.344s] Level 1:colcon.colcon_core.environment:checking '/home/adithya/gz_ws/install/testbed_bringup/lib/pkgconfig/testbed_bringup.pc'
[1.345s] Level 1:colcon.colcon_core.environment:checking '/home/adithya/gz_ws/install/testbed_bringup/lib/python3.10/site-packages'
[1.346s] Level 1:colcon.colcon_core.environment:checking '/home/adithya/gz_ws/install/testbed_bringup/bin'
[1.346s] INFO:colcon.colcon_core.shell:Creating package script '/home/adithya/gz_ws/install/testbed_bringup/share/testbed_bringup/package.ps1'
[1.348s] INFO:colcon.colcon_core.shell:Creating package descriptor '/home/adithya/gz_ws/install/testbed_bringup/share/testbed_bringup/package.dsv'
[1.350s] INFO:colcon.colcon_core.shell:Creating package script '/home/adithya/gz_ws/install/testbed_bringup/share/testbed_bringup/package.sh'
[1.353s] INFO:colcon.colcon_core.shell:Creating package script '/home/adithya/gz_ws/install/testbed_bringup/share/testbed_bringup/package.bash'
[1.355s] INFO:colcon.colcon_core.shell:Creating package script '/home/adithya/gz_ws/install/testbed_bringup/share/testbed_bringup/package.zsh'
[1.358s] Level 1:colcon.colcon_core.environment:create_file_with_runtime_dependencies(/home/adithya/gz_ws/install/testbed_bringup/share/colcon-core/packages/testbed_bringup)
[1.360s] Level 1:colcon.colcon_core.environment:create_environment_scripts_only(testbed_bringup)
[1.360s] Level 1:colcon.colcon_core.environment:checking '/home/adithya/gz_ws/install/testbed_bringup' for CMake module files
[1.361s] Level 1:colcon.colcon_core.environment:checking '/home/adithya/gz_ws/install/testbed_bringup' for CMake config files
[1.361s] Level 1:colcon.colcon_core.shell:create_environment_hook('testbed_bringup', 'cmake_prefix_path')
[1.362s] INFO:colcon.colcon_core.shell:Creating environment hook '/home/adithya/gz_ws/install/testbed_bringup/share/testbed_bringup/hook/cmake_prefix_path.ps1'
[1.362s] INFO:colcon.colcon_core.shell:Creating environment descriptor '/home/adithya/gz_ws/install/testbed_bringup/share/testbed_bringup/hook/cmake_prefix_path.dsv'
[1.362s] INFO:colcon.colcon_core.shell:Creating environment hook '/home/adithya/gz_ws/install/testbed_bringup/share/testbed_bringup/hook/cmake_prefix_path.sh'
[1.363s] Level 1:colcon.colcon_core.environment:checking '/home/adithya/gz_ws/install/testbed_bringup/bin'
[1.363s] Level 1:colcon.colcon_core.environment:checking '/home/adithya/gz_ws/install/testbed_bringup/lib/pkgconfig/testbed_bringup.pc'
[1.363s] Level 1:colcon.colcon_core.environment:checking '/home/adithya/gz_ws/install/testbed_bringup/lib/python3.10/site-packages'
[1.364s] Level 1:colcon.colcon_core.environment:checking '/home/adithya/gz_ws/install/testbed_bringup/bin'
[1.364s] INFO:colcon.colcon_core.shell:Creating package script '/home/adithya/gz_ws/install/testbed_bringup/share/testbed_bringup/package.ps1'
[1.365s] INFO:colcon.colcon_core.shell:Creating package descriptor '/home/adithya/gz_ws/install/testbed_bringup/share/testbed_bringup/package.dsv'
[1.365s] INFO:colcon.colcon_core.shell:Creating package script '/home/adithya/gz_ws/install/testbed_bringup/share/testbed_bringup/package.sh'
[1.365s] INFO:colcon.colcon_core.shell:Creating package script '/home/adithya/gz_ws/install/testbed_bringup/share/testbed_bringup/package.bash'
[1.366s] INFO:colcon.colcon_core.shell:Creating package script '/home/adithya/gz_ws/install/testbed_bringup/share/testbed_bringup/package.zsh'
[1.366s] Level 1:colcon.colcon_core.environment:create_file_with_runtime_dependencies(/home/adithya/gz_ws/install/testbed_bringup/share/colcon-core/packages/testbed_bringup)
[1.367s] Level 1:colcon.colcon_core.environment:create_environment_scripts_only(testbed_navigation)
[1.367s] Level 1:colcon.colcon_core.environment:checking '/home/adithya/gz_ws/install/testbed_navigation' for CMake module files
[1.368s] DEBUG:colcon.colcon_core.event_handler.log_command:Invoked command in '/home/adithya/gz_ws/build/testbed_navigation' returned '0': CMAKE_PREFIX_PATH=${CMAKE_PREFIX_PATH}:/opt/ros/humble /usr/bin/cmake --install /home/adithya/gz_ws/build/testbed_navigation
[1.368s] Level 1:colcon.colcon_core.environment:checking '/home/adithya/gz_ws/install/testbed_navigation' for CMake config files
[1.368s] Level 1:colcon.colcon_core.shell:create_environment_hook('testbed_navigation', 'cmake_prefix_path')
[1.368s] INFO:colcon.colcon_core.shell:Creating environment hook '/home/adithya/gz_ws/install/testbed_navigation/share/testbed_navigation/hook/cmake_prefix_path.ps1'
[1.369s] INFO:colcon.colcon_core.shell:Creating environment descriptor '/home/adithya/gz_ws/install/testbed_navigation/share/testbed_navigation/hook/cmake_prefix_path.dsv'
[1.369s] INFO:colcon.colcon_core.shell:Creating environment hook '/home/adithya/gz_ws/install/testbed_navigation/share/testbed_navigation/hook/cmake_prefix_path.sh'
[1.369s] Level 1:colcon.colcon_core.environment:checking '/home/adithya/gz_ws/install/testbed_navigation/bin'
[1.370s] Level 1:colcon.colcon_core.environment:checking '/home/adithya/gz_ws/install/testbed_navigation/lib/pkgconfig/testbed_navigation.pc'
[1.370s] Level 1:colcon.colcon_core.environment:checking '/home/adithya/gz_ws/install/testbed_navigation/lib/python3.10/site-packages'
[1.370s] Level 1:colcon.colcon_core.environment:checking '/home/adithya/gz_ws/install/testbed_navigation/bin'
[1.370s] INFO:colcon.colcon_core.shell:Creating package script '/home/adithya/gz_ws/install/testbed_navigation/share/testbed_navigation/package.ps1'
[1.370s] INFO:colcon.colcon_core.shell:Creating package descriptor '/home/adithya/gz_ws/install/testbed_navigation/share/testbed_navigation/package.dsv'
[1.371s] INFO:colcon.colcon_core.shell:Creating package script '/home/adithya/gz_ws/install/testbed_navigation/share/testbed_navigation/package.sh'
[1.371s] INFO:colcon.colcon_core.shell:Creating package script '/home/adithya/gz_ws/install/testbed_navigation/share/testbed_navigation/package.bash'
[1.371s] INFO:colcon.colcon_core.shell:Creating package script '/home/adithya/gz_ws/install/testbed_navigation/share/testbed_navigation/package.zsh'
[1.371s] Level 1:colcon.colcon_core.environment:create_file_with_runtime_dependencies(/home/adithya/gz_ws/install/testbed_navigation/share/colcon-core/packages/testbed_navigation)
[1.373s] Level 1:colcon.colcon_core.environment:create_environment_scripts_only(testbed_navigation)
[1.373s] Level 1:colcon.colcon_core.environment:checking '/home/adithya/gz_ws/install/testbed_navigation' for CMake module files
[1.373s] Level 1:colcon.colcon_core.environment:checking '/home/adithya/gz_ws/install/testbed_navigation' for CMake config files
[1.373s] Level 1:colcon.colcon_core.shell:create_environment_hook('testbed_navigation', 'cmake_prefix_path')
[1.374s] INFO:colcon.colcon_core.shell:Creating environment hook '/home/adithya/gz_ws/install/testbed_navigation/share/testbed_navigation/hook/cmake_prefix_path.ps1'
[1.374s] INFO:colcon.colcon_core.shell:Creating environment descriptor '/home/adithya/gz_ws/install/testbed_navigation/share/testbed_navigation/hook/cmake_prefix_path.dsv'
[1.374s] INFO:colcon.colcon_core.shell:Creating environment hook '/home/adithya/gz_ws/install/testbed_navigation/share/testbed_navigation/hook/cmake_prefix_path.sh'
[1.374s] Level 1:colcon.colcon_core.environment:checking '/home/adithya/gz_ws/install/testbed_navigation/bin'
[1.374s] Level 1:colcon.colcon_core.environment:checking '/home/adithya/gz_ws/install/testbed_navigation/lib/pkgconfig/testbed_navigation.pc'
[1.375s] Level 1:colcon.colcon_core.environment:checking '/home/adithya/gz_ws/install/testbed_navigation/lib/python3.10/site-packages'
[1.375s] Level 1:colcon.colcon_core.environment:checking '/home/adithya/gz_ws/install/testbed_navigation/bin'
[1.375s] INFO:colcon.colcon_core.shell:Creating package script '/home/adithya/gz_ws/install/testbed_navigation/share/testbed_navigation/package.ps1'
[1.375s] INFO:colcon.colcon_core.shell:Creating package descriptor '/home/adithya/gz_ws/install/testbed_navigation/share/testbed_navigation/package.dsv'
[1.376s] INFO:colcon.colcon_core.shell:Creating package script '/home/adithya/gz_ws/install/testbed_navigation/share/testbed_navigation/package.sh'
[1.376s] INFO:colcon.colcon_core.shell:Creating package script '/home/adithya/gz_ws/install/testbed_navigation/share/testbed_navigation/package.bash'
[1.376s] INFO:colcon.colcon_core.shell:Creating package script '/home/adithya/gz_ws/install/testbed_navigation/share/testbed_navigation/package.zsh'
[1.376s] Level 1:colcon.colcon_core.environment:create_file_with_runtime_dependencies(/home/adithya/gz_ws/install/testbed_navigation/share/colcon-core/packages/testbed_navigation)
[1.376s] Level 1:colcon.colcon_core.environment:create_environment_scripts_only(testbed_description)
[1.377s] Level 1:colcon.colcon_core.environment:checking '/home/adithya/gz_ws/install/testbed_description' for CMake module files
[1.377s] Level 1:colcon.colcon_core.environment:checking '/home/adithya/gz_ws/install/testbed_description' for CMake config files
[1.377s] DEBUG:colcon.colcon_core.event_handler.log_command:Invoked command in '/home/adithya/gz_ws/build/testbed_description' returned '0': CMAKE_PREFIX_PATH=${CMAKE_PREFIX_PATH}:/opt/ros/humble /usr/bin/cmake --install /home/adithya/gz_ws/build/testbed_description
[1.378s] Level 1:colcon.colcon_core.shell:create_environment_hook('testbed_description', 'cmake_prefix_path')
[1.378s] INFO:colcon.colcon_core.shell:Creating environment hook '/home/adithya/gz_ws/install/testbed_description/share/testbed_description/hook/cmake_prefix_path.ps1'
[1.379s] INFO:colcon.colcon_core.shell:Creating environment descriptor '/home/adithya/gz_ws/install/testbed_description/share/testbed_description/hook/cmake_prefix_path.dsv'
[1.379s] INFO:colcon.colcon_core.shell:Creating environment hook '/home/adithya/gz_ws/install/testbed_description/share/testbed_description/hook/cmake_prefix_path.sh'
[1.379s] Level 1:colcon.colcon_core.environment:checking '/home/adithya/gz_ws/install/testbed_description/bin'
[1.379s] Level 1:colcon.colcon_core.environment:checking '/home/adithya/gz_ws/install/testbed_description/lib/pkgconfig/testbed_description.pc'
[1.379s] Level 1:colcon.colcon_core.environment:checking '/home/adithya/gz_ws/install/testbed_description/lib/python3.10/site-packages'
[1.380s] Level 1:colcon.colcon_core.environment:checking '/home/adithya/gz_ws/install/testbed_description/bin'
[1.380s] INFO:colcon.colcon_core.shell:Creating package script '/home/adithya/gz_ws/install/testbed_description/share/testbed_description/package.ps1'
[1.380s] INFO:colcon.colcon_core.shell:Creating package descriptor '/home/adithya/gz_ws/install/testbed_description/share/testbed_description/package.dsv'
[1.380s] INFO:colcon.colcon_core.shell:Creating package script '/home/adithya/gz_ws/install/testbed_description/share/testbed_description/package.sh'
[1.381s] INFO:colcon.colcon_core.shell:Creating package script '/home/adithya/gz_ws/install/testbed_description/share/testbed_description/package.bash'
[1.381s] INFO:colcon.colcon_core.shell:Creating package script '/home/adithya/gz_ws/install/testbed_description/share/testbed_description/package.zsh'
[1.381s] Level 1:colcon.colcon_core.environment:create_file_with_runtime_dependencies(/home/adithya/gz_ws/install/testbed_description/share/colcon-core/packages/testbed_description)
[1.382s] Level 1:colcon.colcon_core.environment:create_environment_scripts_only(testbed_description)
[1.382s] Level 1:colcon.colcon_core.environment:checking '/home/adithya/gz_ws/install/testbed_description' for CMake module files
[1.382s] Level 1:colcon.colcon_core.environment:checking '/home/adithya/gz_ws/install/testbed_description' for CMake config files
[1.382s] Level 1:colcon.colcon_core.shell:create_environment_hook('testbed_description', 'cmake_prefix_path')
[1.383s] INFO:colcon.colcon_core.shell:Creating environment hook '/home/adithya/gz_ws/install/testbed_description/share/testbed_description/hook/cmake_prefix_path.ps1'
[1.383s] INFO:colcon.colcon_core.shell:Creating environment descriptor '/home/adithya/gz_ws/install/testbed_description/share/testbed_description/hook/cmake_prefix_path.dsv'
[1.383s] INFO:colcon.colcon_core.shell:Creating environment hook '/home/adithya/gz_ws/install/testbed_description/share/testbed_description/hook/cmake_prefix_path.sh'
[1.383s] Level 1:colcon.colcon_core.environment:checking '/home/adithya/gz_ws/install/testbed_description/bin'
[1.383s] Level 1:colcon.colcon_core.environment:checking '/home/adithya/gz_ws/install/testbed_description/lib/pkgconfig/testbed_description.pc'
[1.384s] Level 1:colcon.colcon_core.environment:checking '/home/adithya/gz_ws/install/testbed_description/lib/python3.10/site-packages'
[1.384s] Level 1:colcon.colcon_core.environment:checking '/home/adithya/gz_ws/install/testbed_description/bin'
[1.384s] INFO:colcon.colcon_core.shell:Creating package script '/home/adithya/gz_ws/install/testbed_description/share/testbed_description/package.ps1'
[1.384s] INFO:colcon.colcon_core.shell:Creating package descriptor '/home/adithya/gz_ws/install/testbed_description/share/testbed_description/package.dsv'
[1.385s] INFO:colcon.colcon_core.shell:Creating package script '/home/adithya/gz_ws/install/testbed_description/share/testbed_description/package.sh'
[1.385s] INFO:colcon.colcon_core.shell:Creating package script '/home/adithya/gz_ws/install/testbed_description/share/testbed_description/package.bash'
[1.385s] INFO:colcon.colcon_core.shell:Creating package script '/home/adithya/gz_ws/install/testbed_description/share/testbed_description/package.zsh'
[1.386s] Level 1:colcon.colcon_core.environment:create_file_with_runtime_dependencies(/home/adithya/gz_ws/install/testbed_description/share/colcon-core/packages/testbed_description)
[1.386s] INFO:colcon.colcon_ros.task.ament_cmake.build:Building ROS package in '/home/adithya/gz_ws/src/level01_ros_assignment/testbed_gazebo' with build type 'ament_cmake'
[1.386s] INFO:colcon.colcon_cmake.task.cmake.build:Building CMake package in '/home/adithya/gz_ws/src/level01_ros_assignment/testbed_gazebo'
[1.386s] INFO:colcon.colcon_core.shell:Skip shell extension 'powershell' for command environment: Not usable outside of PowerShell
[1.386s] DEBUG:colcon.colcon_core.shell:Skip shell extension 'dsv' for command environment
[1.399s] DEBUG:colcon.colcon_core.event_handler.log_command:Invoking command in '/home/adithya/gz_ws/build/testbed_gazebo': AMENT_PREFIX_PATH=/home/adithya/gz_ws/install/testbed_description:${AMENT_PREFIX_PATH} CMAKE_PREFIX_PATH=/home/adithya/gz_ws/install/testbed_description:/opt/openrobots:/opt/ros/humble /usr/bin/cmake --build /home/adithya/gz_ws/build/testbed_gazebo -- -j16 -l16
[1.445s] DEBUG:colcon.colcon_core.event_handler.log_command:Invoked command in '/home/adithya/gz_ws/build/testbed_gazebo' returned '0': AMENT_PREFIX_PATH=/home/adithya/gz_ws/install/testbed_description:${AMENT_PREFIX_PATH} CMAKE_PREFIX_PATH=/home/adithya/gz_ws/install/testbed_description:/opt/openrobots:/opt/ros/humble /usr/bin/cmake --build /home/adithya/gz_ws/build/testbed_gazebo -- -j16 -l16
[1.447s] DEBUG:colcon.colcon_core.event_handler.log_command:Invoking command in '/home/adithya/gz_ws/build/testbed_gazebo': AMENT_PREFIX_PATH=/home/adithya/gz_ws/install/testbed_description:${AMENT_PREFIX_PATH} CMAKE_PREFIX_PATH=/home/adithya/gz_ws/install/testbed_description:/opt/openrobots:/opt/ros/humble /usr/bin/cmake --install /home/adithya/gz_ws/build/testbed_gazebo
[1.468s] Level 1:colcon.colcon_core.environment:create_environment_scripts_only(testbed_gazebo)
[1.468s] DEBUG:colcon.colcon_core.event_handler.log_command:Invoked command in '/home/adithya/gz_ws/build/testbed_gazebo' returned '0': AMENT_PREFIX_PATH=/home/adithya/gz_ws/install/testbed_description:${AMENT_PREFIX_PATH} CMAKE_PREFIX_PATH=/home/adithya/gz_ws/install/testbed_description:/opt/openrobots:/opt/ros/humble /usr/bin/cmake --install /home/adithya/gz_ws/build/testbed_gazebo
[1.469s] Level 1:colcon.colcon_core.environment:checking '/home/adithya/gz_ws/install/testbed_gazebo' for CMake module files
[1.470s] Level 1:colcon.colcon_core.environment:checking '/home/adithya/gz_ws/install/testbed_gazebo' for CMake config files
[1.471s] Level 1:colcon.colcon_core.shell:create_environment_hook('testbed_gazebo', 'cmake_prefix_path')
[1.471s] INFO:colcon.colcon_core.shell:Creating environment hook '/home/adithya/gz_ws/install/testbed_gazebo/share/testbed_gazebo/hook/cmake_prefix_path.ps1'
[1.473s] INFO:colcon.colcon_core.shell:Creating environment descriptor '/home/adithya/gz_ws/install/testbed_gazebo/share/testbed_gazebo/hook/cmake_prefix_path.dsv'
[1.474s] INFO:colcon.colcon_core.shell:Creating environment hook '/home/adithya/gz_ws/install/testbed_gazebo/share/testbed_gazebo/hook/cmake_prefix_path.sh'
[1.474s] Level 1:colcon.colcon_core.environment:checking '/home/adithya/gz_ws/install/testbed_gazebo/bin'
[1.474s] Level 1:colcon.colcon_core.environment:checking '/home/adithya/gz_ws/install/testbed_gazebo/lib/pkgconfig/testbed_gazebo.pc'
[1.475s] Level 1:colcon.colcon_core.environment:checking '/home/adithya/gz_ws/install/testbed_gazebo/lib/python3.10/site-packages'
[1.475s] Level 1:colcon.colcon_core.environment:checking '/home/adithya/gz_ws/install/testbed_gazebo/bin'
[1.475s] INFO:colcon.colcon_core.shell:Creating package script '/home/adithya/gz_ws/install/testbed_gazebo/share/testbed_gazebo/package.ps1'
[1.476s] INFO:colcon.colcon_core.shell:Creating package descriptor '/home/adithya/gz_ws/install/testbed_gazebo/share/testbed_gazebo/package.dsv'
[1.476s] INFO:colcon.colcon_core.shell:Creating package script '/home/adithya/gz_ws/install/testbed_gazebo/share/testbed_gazebo/package.sh'
[1.477s] INFO:colcon.colcon_core.shell:Creating package script '/home/adithya/gz_ws/install/testbed_gazebo/share/testbed_gazebo/package.bash'
[1.477s] INFO:colcon.colcon_core.shell:Creating package script '/home/adithya/gz_ws/install/testbed_gazebo/share/testbed_gazebo/package.zsh'
[1.477s] Level 1:colcon.colcon_core.environment:create_file_with_runtime_dependencies(/home/adithya/gz_ws/install/testbed_gazebo/share/colcon-core/packages/testbed_gazebo)
[1.478s] Level 1:colcon.colcon_core.environment:create_environment_scripts_only(testbed_gazebo)
[1.478s] Level 1:colcon.colcon_core.environment:checking '/home/adithya/gz_ws/install/testbed_gazebo' for CMake module files
[1.479s] Level 1:colcon.colcon_core.environment:checking '/home/adithya/gz_ws/install/testbed_gazebo' for CMake config files
[1.479s] Level 1:colcon.colcon_core.shell:create_environment_hook('testbed_gazebo', 'cmake_prefix_path')
[1.479s] INFO:colcon.colcon_core.shell:Creating environment hook '/home/adithya/gz_ws/install/testbed_gazebo/share/testbed_gazebo/hook/cmake_prefix_path.ps1'
[1.480s] INFO:colcon.colcon_core.shell:Creating environment descriptor '/home/adithya/gz_ws/install/testbed_gazebo/share/testbed_gazebo/hook/cmake_prefix_path.dsv'
[1.480s] INFO:colcon.colcon_core.shell:Creating environment hook '/home/adithya/gz_ws/install/testbed_gazebo/share/testbed_gazebo/hook/cmake_prefix_path.sh'
[1.481s] Level 1:colcon.colcon_core.environment:checking '/home/adithya/gz_ws/install/testbed_gazebo/bin'
[1.481s] Level 1:colcon.colcon_core.environment:checking '/home/adithya/gz_ws/install/testbed_gazebo/lib/pkgconfig/testbed_gazebo.pc'
[1.481s] Level 1:colcon.colcon_core.environment:checking '/home/adithya/gz_ws/install/testbed_gazebo/lib/python3.10/site-packages'
[1.482s] Level 1:colcon.colcon_core.environment:checking '/home/adithya/gz_ws/install/testbed_gazebo/bin'
[1.482s] INFO:colcon.colcon_core.shell:Creating package script '/home/adithya/gz_ws/install/testbed_gazebo/share/testbed_gazebo/package.ps1'
[1.483s] INFO:colcon.colcon_core.shell:Creating package descriptor '/home/adithya/gz_ws/install/testbed_gazebo/share/testbed_gazebo/package.dsv'
[1.483s] INFO:colcon.colcon_core.shell:Creating package script '/home/adithya/gz_ws/install/testbed_gazebo/share/testbed_gazebo/package.sh'
[1.483s] INFO:colcon.colcon_core.shell:Creating package script '/home/adithya/gz_ws/install/testbed_gazebo/share/testbed_gazebo/package.bash'
[1.484s] INFO:colcon.colcon_core.shell:Creating package script '/home/adithya/gz_ws/install/testbed_gazebo/share/testbed_gazebo/package.zsh'
[1.484s] Level 1:colcon.colcon_core.environment:create_file_with_runtime_dependencies(/home/adithya/gz_ws/install/testbed_gazebo/share/colcon-core/packages/testbed_gazebo)
[1.522s] DEBUG:colcon.colcon_core.event_handler.log_command:Invoked command in '/home/adithya/gz_ws/build/pointcloud_to_laserscan' returned '0': CMAKE_PREFIX_PATH=${CMAKE_PREFIX_PATH}:/opt/ros/humble /usr/bin/cmake --build /home/adithya/gz_ws/build/pointcloud_to_laserscan -- -j16 -l16
[1.525s] DEBUG:colcon.colcon_core.event_handler.log_command:Invoking command in '/home/adithya/gz_ws/build/pointcloud_to_laserscan': CMAKE_PREFIX_PATH=${CMAKE_PREFIX_PATH}:/opt/ros/humble /usr/bin/cmake --install /home/adithya/gz_ws/build/pointcloud_to_laserscan
[1.551s] Level 1:colcon.colcon_core.environment:create_environment_scripts_only(pointcloud_to_laserscan)
[1.552s] DEBUG:colcon.colcon_core.event_handler.log_command:Invoked command in '/home/adithya/gz_ws/build/pointcloud_to_laserscan' returned '0': CMAKE_PREFIX_PATH=${CMAKE_PREFIX_PATH}:/opt/ros/humble /usr/bin/cmake --install /home/adithya/gz_ws/build/pointcloud_to_laserscan
[1.552s] Level 1:colcon.colcon_core.environment:checking '/home/adithya/gz_ws/install/pointcloud_to_laserscan' for CMake module files
[1.553s] Level 1:colcon.colcon_core.environment:checking '/home/adithya/gz_ws/install/pointcloud_to_laserscan' for CMake config files
[1.554s] Level 1:colcon.colcon_core.shell:create_environment_hook('pointcloud_to_laserscan', 'cmake_prefix_path')
[1.555s] INFO:colcon.colcon_core.shell:Creating environment hook '/home/adithya/gz_ws/install/pointcloud_to_laserscan/share/pointcloud_to_laserscan/hook/cmake_prefix_path.ps1'
[1.556s] INFO:colcon.colcon_core.shell:Creating environment descriptor '/home/adithya/gz_ws/install/pointcloud_to_laserscan/share/pointcloud_to_laserscan/hook/cmake_prefix_path.dsv'
[1.556s] INFO:colcon.colcon_core.shell:Creating environment hook '/home/adithya/gz_ws/install/pointcloud_to_laserscan/share/pointcloud_to_laserscan/hook/cmake_prefix_path.sh'
[1.557s] Level 1:colcon.colcon_core.environment:checking '/home/adithya/gz_ws/install/pointcloud_to_laserscan/lib'
[1.558s] Level 1:colcon.colcon_core.shell:create_environment_hook('pointcloud_to_laserscan', 'ld_library_path_lib')
[1.558s] INFO:colcon.colcon_core.shell:Creating environment hook '/home/adithya/gz_ws/install/pointcloud_to_laserscan/share/pointcloud_to_laserscan/hook/ld_library_path_lib.ps1'
[1.559s] INFO:colcon.colcon_core.shell:Creating environment descriptor '/home/adithya/gz_ws/install/pointcloud_to_laserscan/share/pointcloud_to_laserscan/hook/ld_library_path_lib.dsv'
[1.559s] INFO:colcon.colcon_core.shell:Creating environment hook '/home/adithya/gz_ws/install/pointcloud_to_laserscan/share/pointcloud_to_laserscan/hook/ld_library_path_lib.sh'
[1.560s] Level 1:colcon.colcon_core.environment:checking '/home/adithya/gz_ws/install/pointcloud_to_laserscan/bin'
[1.560s] Level 1:colcon.colcon_core.environment:checking '/home/adithya/gz_ws/install/pointcloud_to_laserscan/lib/pkgconfig/pointcloud_to_laserscan.pc'
[1.560s] Level 1:colcon.colcon_core.environment:checking '/home/adithya/gz_ws/install/pointcloud_to_laserscan/lib/python3.10/site-packages'
[1.561s] Level 1:colcon.colcon_core.environment:checking '/home/adithya/gz_ws/install/pointcloud_to_laserscan/bin'
[1.562s] INFO:colcon.colcon_core.shell:Creating package script '/home/adithya/gz_ws/install/pointcloud_to_laserscan/share/pointcloud_to_laserscan/package.ps1'
[1.563s] INFO:colcon.colcon_core.shell:Creating package descriptor '/home/adithya/gz_ws/install/pointcloud_to_laserscan/share/pointcloud_to_laserscan/package.dsv'
[1.563s] INFO:colcon.colcon_core.shell:Creating package script '/home/adithya/gz_ws/install/pointcloud_to_laserscan/share/pointcloud_to_laserscan/package.sh'
[1.564s] INFO:colcon.colcon_core.shell:Creating package script '/home/adithya/gz_ws/install/pointcloud_to_laserscan/share/pointcloud_to_laserscan/package.bash'
[1.564s] INFO:colcon.colcon_core.shell:Creating package script '/home/adithya/gz_ws/install/pointcloud_to_laserscan/share/pointcloud_to_laserscan/package.zsh'
[1.565s] Level 1:colcon.colcon_core.environment:create_file_with_runtime_dependencies(/home/adithya/gz_ws/install/pointcloud_to_laserscan/share/colcon-core/packages/pointcloud_to_laserscan)
[1.566s] Level 1:colcon.colcon_core.environment:create_environment_scripts_only(pointcloud_to_laserscan)
[1.566s] Level 1:colcon.colcon_core.environment:checking '/home/adithya/gz_ws/install/pointcloud_to_laserscan' for CMake module files
[1.567s] Level 1:colcon.colcon_core.environment:checking '/home/adithya/gz_ws/install/pointcloud_to_laserscan' for CMake config files
[1.567s] Level 1:colcon.colcon_core.shell:create_environment_hook('pointcloud_to_laserscan', 'cmake_prefix_path')
[1.567s] INFO:colcon.colcon_core.shell:Creating environment hook '/home/adithya/gz_ws/install/pointcloud_to_laserscan/share/pointcloud_to_laserscan/hook/cmake_prefix_path.ps1'
[1.568s] INFO:colcon.colcon_core.shell:Creating environment descriptor '/home/adithya/gz_ws/install/pointcloud_to_laserscan/share/pointcloud_to_laserscan/hook/cmake_prefix_path.dsv'
[1.568s] INFO:colcon.colcon_core.shell:Creating environment hook '/home/adithya/gz_ws/install/pointcloud_to_laserscan/share/pointcloud_to_laserscan/hook/cmake_prefix_path.sh'
[1.569s] Level 1:colcon.colcon_core.environment:checking '/home/adithya/gz_ws/install/pointcloud_to_laserscan/lib'
[1.569s] Level 1:colcon.colcon_core.shell:create_environment_hook('pointcloud_to_laserscan', 'ld_library_path_lib')
[1.569s] INFO:colcon.colcon_core.shell:Creating environment hook '/home/adithya/gz_ws/install/pointcloud_to_laserscan/share/pointcloud_to_laserscan/hook/ld_library_path_lib.ps1'
[1.569s] INFO:colcon.colcon_core.shell:Creating environment descriptor '/home/adithya/gz_ws/install/pointcloud_to_laserscan/share/pointcloud_to_laserscan/hook/ld_library_path_lib.dsv'
[1.570s] INFO:colcon.colcon_core.shell:Creating environment hook '/home/adithya/gz_ws/install/pointcloud_to_laserscan/share/pointcloud_to_laserscan/hook/ld_library_path_lib.sh'
[1.570s] Level 1:colcon.colcon_core.environment:checking '/home/adithya/gz_ws/install/pointcloud_to_laserscan/bin'
[1.570s] Level 1:colcon.colcon_core.environment:checking '/home/adithya/gz_ws/install/pointcloud_to_laserscan/lib/pkgconfig/pointcloud_to_laserscan.pc'
[1.570s] Level 1:colcon.colcon_core.environment:checking '/home/adithya/gz_ws/install/pointcloud_to_laserscan/lib/python3.10/site-packages'
[1.571s] Level 1:colcon.colcon_core.environment:checking '/home/adithya/gz_ws/install/pointcloud_to_laserscan/bin'
[1.571s] INFO:colcon.colcon_core.shell:Creating package script '/home/adithya/gz_ws/install/pointcloud_to_laserscan/share/pointcloud_to_laserscan/package.ps1'
[1.572s] INFO:colcon.colcon_core.shell:Creating package descriptor '/home/adithya/gz_ws/install/pointcloud_to_laserscan/share/pointcloud_to_laserscan/package.dsv'
[1.573s] INFO:colcon.colcon_core.shell:Creating package script '/home/adithya/gz_ws/install/pointcloud_to_laserscan/share/pointcloud_to_laserscan/package.sh'
[1.573s] INFO:colcon.colcon_core.shell:Creating package script '/home/adithya/gz_ws/install/pointcloud_to_laserscan/share/pointcloud_to_laserscan/package.bash'
[1.574s] INFO:colcon.colcon_core.shell:Creating package script '/home/adithya/gz_ws/install/pointcloud_to_laserscan/share/pointcloud_to_laserscan/package.zsh'
[1.574s] Level 1:colcon.colcon_core.environment:create_file_with_runtime_dependencies(/home/adithya/gz_ws/install/pointcloud_to_laserscan/share/colcon-core/packages/pointcloud_to_laserscan)
[1.574s] DEBUG:colcon.colcon_parallel_executor.executor.parallel:closing loop
[1.575s] DEBUG:colcon.colcon_parallel_executor.executor.parallel:loop closed
[1.575s] DEBUG:colcon.colcon_parallel_executor.executor.parallel:run_until_complete finished with '0'
[1.575s] DEBUG:colcon.colcon_core.event_reactor:joining thread
[1.583s] INFO:colcon.colcon_core.plugin_system:Skipping extension 'colcon_notification.desktop_notification.terminal_notifier': Not used on non-Darwin systems
[1.583s] INFO:colcon.colcon_core.plugin_system:Skipping extension 'colcon_notification.desktop_notification.win32': Not used on non-Windows systems
[1.583s] INFO:colcon.colcon_notification.desktop_notification:Sending desktop notification using 'notify2'
[1.600s] DEBUG:colcon.colcon_core.event_reactor:joined thread
[1.600s] INFO:colcon.colcon_core.shell:Creating prefix script '/home/adithya/gz_ws/install/local_setup.ps1'
[1.602s] INFO:colcon.colcon_core.shell:Creating prefix util module '/home/adithya/gz_ws/install/_local_setup_util_ps1.py'
[1.604s] INFO:colcon.colcon_core.shell:Creating prefix chain script '/home/adithya/gz_ws/install/setup.ps1'
[1.606s] INFO:colcon.colcon_core.shell:Creating prefix script '/home/adithya/gz_ws/install/local_setup.sh'
[1.607s] INFO:colcon.colcon_core.shell:Creating prefix util module '/home/adithya/gz_ws/install/_local_setup_util_sh.py'
[1.608s] INFO:colcon.colcon_core.shell:Creating prefix chain script '/home/adithya/gz_ws/install/setup.sh'
[1.610s] INFO:colcon.colcon_core.shell:Creating prefix script '/home/adithya/gz_ws/install/local_setup.bash'
[1.611s] INFO:colcon.colcon_core.shell:Creating prefix chain script '/home/adithya/gz_ws/install/setup.bash'
[1.612s] INFO:colcon.colcon_core.shell:Creating prefix script '/home/adithya/gz_ws/install/local_setup.zsh'
[1.616s] INFO:colcon.colcon_core.shell:Creating prefix chain script '/home/adithya/gz_ws/install/setup.zsh'
