[0.008s] Invoking command in '/home/adithya/gz_ws/build/teleop_collision': CMAKE_PREFIX_PATH=/opt/ros/humble /usr/bin/cmake --build /home/adithya/gz_ws/build/teleop_collision -- -j16 -l16
[0.046s] [35m[1mConsolidate compiler generated dependencies of target teleop_collision[0m
[0.066s] [ 50%] [32mBuilding CXX object CMakeFiles/teleop_collision.dir/src/teleop_collision.cpp.o[0m
[12.396s] [100%] [32m[1mLinking CXX executable teleop_collision[0m
[13.031s] [100%] Built target teleop_collision
[13.044s] Invoked command in '/home/adithya/gz_ws/build/teleop_collision' returned '0': CMAKE_PREFIX_PATH=/opt/ros/humble /usr/bin/cmake --build /home/adithya/gz_ws/build/teleop_collision -- -j16 -l16
[13.047s] Invoking command in '/home/adithya/gz_ws/build/teleop_collision': CMAKE_PREFIX_PATH=/opt/ros/humble /usr/bin/cmake --install /home/adithya/gz_ws/build/teleop_collision
[13.064s] -- Install configuration: ""
[13.065s] -- Installing: /home/adithya/gz_ws/install/teleop_collision/lib/teleop_collision/teleop_collision
[13.074s] -- Set runtime path of "/home/adithya/gz_ws/install/teleop_collision/lib/teleop_collision/teleop_collision" to ""
[13.074s] -- Up-to-date: /home/adithya/gz_ws/install/teleop_collision/share/ament_index/resource_index/package_run_dependencies/teleop_collision
[13.074s] -- Up-to-date: /home/adithya/gz_ws/install/teleop_collision/share/ament_index/resource_index/parent_prefix_path/teleop_collision
[13.074s] -- Up-to-date: /home/adithya/gz_ws/install/teleop_collision/share/teleop_collision/environment/ament_prefix_path.sh
[13.074s] -- Up-to-date: /home/adithya/gz_ws/install/teleop_collision/share/teleop_collision/environment/ament_prefix_path.dsv
[13.074s] -- Up-to-date: /home/adithya/gz_ws/install/teleop_collision/share/teleop_collision/environment/path.sh
[13.074s] -- Up-to-date: /home/adithya/gz_ws/install/teleop_collision/share/teleop_collision/environment/path.dsv
[13.074s] -- Up-to-date: /home/adithya/gz_ws/install/teleop_collision/share/teleop_collision/local_setup.bash
[13.074s] -- Up-to-date: /home/adithya/gz_ws/install/teleop_collision/share/teleop_collision/local_setup.sh
[13.075s] -- Up-to-date: /home/adithya/gz_ws/install/teleop_collision/share/teleop_collision/local_setup.zsh
[13.075s] -- Up-to-date: /home/adithya/gz_ws/install/teleop_collision/share/teleop_collision/local_setup.dsv
[13.075s] -- Installing: /home/adithya/gz_ws/install/teleop_collision/share/teleop_collision/package.dsv
[13.075s] -- Up-to-date: /home/adithya/gz_ws/install/teleop_collision/share/ament_index/resource_index/packages/teleop_collision
[13.075s] -- Up-to-date: /home/adithya/gz_ws/install/teleop_collision/share/teleop_collision/cmake/teleop_collisionConfig.cmake
[13.075s] -- Up-to-date: /home/adithya/gz_ws/install/teleop_collision/share/teleop_collision/cmake/teleop_collisionConfig-version.cmake
[13.075s] -- Up-to-date: /home/adithya/gz_ws/install/teleop_collision/share/teleop_collision/package.xml
[13.077s] Invoked command in '/home/adithya/gz_ws/build/teleop_collision' returned '0': CMAKE_PREFIX_PATH=/opt/ros/humble /usr/bin/cmake --install /home/adithya/gz_ws/build/teleop_collision
