[0.011s] Invoking command in '/home/adithya/gz_ws/build/pointcloud_to_laserscan': CMAKE_PREFIX_PATH=${CMAKE_PREFIX_PATH}:/opt/ros/humble /usr/bin/cmake /home/adithya/gz_ws/src/pointcloud_to_laserscan -DCMAKE_INSTALL_PREFIX=/home/adithya/gz_ws/install/pointcloud_to_laserscan
[0.026s] -- Found ament_cmake_auto: 1.3.14 (/opt/ros/humble/share/ament_cmake_auto/cmake)
[0.183s] -- Found rosidl_generator_c: 3.1.8 (/opt/ros/humble/share/rosidl_generator_c/cmake)
[0.184s] -- Found rosidl_adapter: 3.1.8 (/opt/ros/humble/share/rosidl_adapter/cmake)
[0.188s] -- Found rosidl_generator_cpp: 3.1.8 (/opt/ros/humble/share/rosidl_generator_cpp/cmake)
[0.194s] -- Using all available rosidl_typesupport_c: rosidl_typesupport_fastrtps_c;rosidl_typesupport_introspection_c
[0.201s] -- Using all available rosidl_typesupport_cpp: rosidl_typesupport_fastrtps_cpp;rosidl_typesupport_introspection_cpp
[0.222s] -- Found rmw_implementation_cmake: 6.1.2 (/opt/ros/humble/share/rmw_implementation_cmake/cmake)
[0.223s] -- Found rmw_fastrtps_cpp: 6.2.10 (/opt/ros/humble/share/rmw_fastrtps_cpp/cmake)
[0.297s] -- Using RMW implementation 'rmw_fastrtps_cpp' as default
[0.417s] -- Found ament_lint_auto: 0.12.15 (/opt/ros/humble/share/ament_lint_auto/cmake)
[0.419s] [0mIn this package, headers install destination is set to `include` by ament_auto_package. It is recommended to install `include/pointcloud_to_laserscan` instead and will be the default behavior of ament_auto_package from ROS 2 Kilted Kaiju. On distributions before Kilted, ament_auto_package behaves the same way when you use USE_SCOPED_HEADER_INSTALL_DIR option.[0m
[0.423s] -- Added test 'cppcheck' to perform static code analysis on C / C++ code
[0.423s] -- Configured cppcheck include dirs: /home/adithya/gz_ws/src/pointcloud_to_laserscan/include
[0.423s] -- Configured cppcheck exclude dirs and/or files: 
[0.424s] -- Added test 'cpplint' to check C / C++ code against the Google style
[0.424s] -- Configured cpplint exclude dirs and/or files: 
[0.425s] -- Added test 'flake8' to check Python code syntax and style conventions
[0.425s] -- Added test 'lint_cmake' to check CMake code style
[0.425s] -- Added test 'pep257' to check Python code against some of the docstring style conventions in PEP 257
[0.427s] -- Added test 'uncrustify' to check C / C++ code style
[0.427s] -- Configured uncrustify additional arguments: 
[0.427s] -- Added test 'xmllint' to check XML markup files
[0.429s] -- Configuring done
[0.484s] -- Generating done
[0.492s] -- Build files have been written to: /home/adithya/gz_ws/build/pointcloud_to_laserscan
[0.497s] Invoked command in '/home/adithya/gz_ws/build/pointcloud_to_laserscan' returned '0': CMAKE_PREFIX_PATH=${CMAKE_PREFIX_PATH}:/opt/ros/humble /usr/bin/cmake /home/adithya/gz_ws/src/pointcloud_to_laserscan -DCMAKE_INSTALL_PREFIX=/home/adithya/gz_ws/install/pointcloud_to_laserscan
[0.497s] Invoking command in '/home/adithya/gz_ws/build/pointcloud_to_laserscan': CMAKE_PREFIX_PATH=${CMAKE_PREFIX_PATH}:/opt/ros/humble /usr/bin/cmake --build /home/adithya/gz_ws/build/pointcloud_to_laserscan -- -j16 -l16
[0.543s] [ 10%] [32mBuilding CXX object CMakeFiles/pointcloud_to_laserscan_node.dir/rclcpp_components/node_main_pointcloud_to_laserscan_node.cpp.o[0m
[0.546s] [ 20%] [32mBuilding CXX object CMakeFiles/laserscan_to_pointcloud_node.dir/rclcpp_components/node_main_laserscan_to_pointcloud_node.cpp.o[0m
[0.546s] [ 30%] [32mBuilding CXX object CMakeFiles/laserscan_to_pointcloud.dir/src/laserscan_to_pointcloud_node.cpp.o[0m
[2.786s] [ 40%] [32m[1mLinking CXX executable laserscan_to_pointcloud_node[0m
[2.790s] [ 50%] [32m[1mLinking CXX executable pointcloud_to_laserscan_node[0m
[2.949s] [ 50%] Built target pointcloud_to_laserscan_node
[2.951s] [ 50%] Built target laserscan_to_pointcloud_node
[8.132s] [ 60%] [32m[1mLinking CXX shared library liblaserscan_to_pointcloud.so[0m
[8.539s] [ 60%] Built target laserscan_to_pointcloud
[8.560s] [ 70%] [32mBuilding CXX object CMakeFiles/pointcloud_to_laserscan.dir/src/pointcloud_to_laserscan_node.cpp.o[0m
[15.567s] [ 80%] [32m[1mLinking CXX shared library libpointcloud_to_laserscan.so[0m
[15.935s] [ 80%] Built target pointcloud_to_laserscan
[15.956s] [ 90%] [32mBuilding CXX object CMakeFiles/dummy_pointcloud_publisher.dir/src/dummy_pointcloud_publisher.cpp.o[0m
[18.510s] [100%] [32m[1mLinking CXX executable dummy_pointcloud_publisher[0m
[18.686s] [100%] Built target dummy_pointcloud_publisher
[18.697s] Invoked command in '/home/adithya/gz_ws/build/pointcloud_to_laserscan' returned '0': CMAKE_PREFIX_PATH=${CMAKE_PREFIX_PATH}:/opt/ros/humble /usr/bin/cmake --build /home/adithya/gz_ws/build/pointcloud_to_laserscan -- -j16 -l16
[18.698s] Invoking command in '/home/adithya/gz_ws/build/pointcloud_to_laserscan': CMAKE_PREFIX_PATH=${CMAKE_PREFIX_PATH}:/opt/ros/humble /usr/bin/cmake --install /home/adithya/gz_ws/build/pointcloud_to_laserscan
[18.708s] -- Install configuration: ""
[18.709s] -- Installing: /home/adithya/gz_ws/install/pointcloud_to_laserscan/lib/pointcloud_to_laserscan/laserscan_to_pointcloud_node
[18.709s] -- Set runtime path of "/home/adithya/gz_ws/install/pointcloud_to_laserscan/lib/pointcloud_to_laserscan/laserscan_to_pointcloud_node" to ""
[18.709s] -- Installing: /home/adithya/gz_ws/install/pointcloud_to_laserscan/lib/pointcloud_to_laserscan/pointcloud_to_laserscan_node
[18.710s] -- Set runtime path of "/home/adithya/gz_ws/install/pointcloud_to_laserscan/lib/pointcloud_to_laserscan/pointcloud_to_laserscan_node" to ""
[18.710s] -- Installing: /home/adithya/gz_ws/install/pointcloud_to_laserscan/include
[18.710s] -- Installing: /home/adithya/gz_ws/install/pointcloud_to_laserscan/include/pointcloud_to_laserscan
[18.710s] -- Installing: /home/adithya/gz_ws/install/pointcloud_to_laserscan/include/pointcloud_to_laserscan/pointcloud_to_laserscan_node.hpp
[18.710s] -- Installing: /home/adithya/gz_ws/install/pointcloud_to_laserscan/include/pointcloud_to_laserscan/visibility_control.h
[18.710s] -- Installing: /home/adithya/gz_ws/install/pointcloud_to_laserscan/include/pointcloud_to_laserscan/laserscan_to_pointcloud_node.hpp
[18.710s] -- Installing: /home/adithya/gz_ws/install/pointcloud_to_laserscan/share/pointcloud_to_laserscan/environment/library_path.sh
[18.710s] -- Installing: /home/adithya/gz_ws/install/pointcloud_to_laserscan/share/pointcloud_to_laserscan/environment/library_path.dsv
[18.710s] -- Installing: /home/adithya/gz_ws/install/pointcloud_to_laserscan/lib/liblaserscan_to_pointcloud.so
[18.716s] -- Set runtime path of "/home/adithya/gz_ws/install/pointcloud_to_laserscan/lib/liblaserscan_to_pointcloud.so" to ""
[18.716s] -- Installing: /home/adithya/gz_ws/install/pointcloud_to_laserscan/lib/libpointcloud_to_laserscan.so
[18.720s] -- Set runtime path of "/home/adithya/gz_ws/install/pointcloud_to_laserscan/lib/libpointcloud_to_laserscan.so" to ""
[18.720s] -- Installing: /home/adithya/gz_ws/install/pointcloud_to_laserscan/lib/pointcloud_to_laserscan/dummy_pointcloud_publisher
[18.721s] -- Set runtime path of "/home/adithya/gz_ws/install/pointcloud_to_laserscan/lib/pointcloud_to_laserscan/dummy_pointcloud_publisher" to ""
[18.721s] -- Installing: /home/adithya/gz_ws/install/pointcloud_to_laserscan/share/pointcloud_to_laserscan/launch
[18.721s] -- Installing: /home/adithya/gz_ws/install/pointcloud_to_laserscan/share/pointcloud_to_laserscan/launch/sample_pointcloud_to_laserscan_launch.py
[18.721s] -- Installing: /home/adithya/gz_ws/install/pointcloud_to_laserscan/share/pointcloud_to_laserscan/launch/sample_laserscan_to_pointcloud_launch.py
[18.721s] -- Installing: /home/adithya/gz_ws/install/pointcloud_to_laserscan/share/ament_index/resource_index/package_run_dependencies/pointcloud_to_laserscan
[18.721s] -- Installing: /home/adithya/gz_ws/install/pointcloud_to_laserscan/share/ament_index/resource_index/parent_prefix_path/pointcloud_to_laserscan
[18.721s] -- Installing: /home/adithya/gz_ws/install/pointcloud_to_laserscan/share/pointcloud_to_laserscan/environment/ament_prefix_path.sh
[18.721s] -- Installing: /home/adithya/gz_ws/install/pointcloud_to_laserscan/share/pointcloud_to_laserscan/environment/ament_prefix_path.dsv
[18.721s] -- Installing: /home/adithya/gz_ws/install/pointcloud_to_laserscan/share/pointcloud_to_laserscan/environment/path.sh
[18.721s] -- Installing: /home/adithya/gz_ws/install/pointcloud_to_laserscan/share/pointcloud_to_laserscan/environment/path.dsv
[18.721s] -- Installing: /home/adithya/gz_ws/install/pointcloud_to_laserscan/share/pointcloud_to_laserscan/local_setup.bash
[18.722s] -- Installing: /home/adithya/gz_ws/install/pointcloud_to_laserscan/share/pointcloud_to_laserscan/local_setup.sh
[18.722s] -- Installing: /home/adithya/gz_ws/install/pointcloud_to_laserscan/share/pointcloud_to_laserscan/local_setup.zsh
[18.722s] -- Installing: /home/adithya/gz_ws/install/pointcloud_to_laserscan/share/pointcloud_to_laserscan/local_setup.dsv
[18.722s] -- Installing: /home/adithya/gz_ws/install/pointcloud_to_laserscan/share/pointcloud_to_laserscan/package.dsv
[18.722s] -- Installing: /home/adithya/gz_ws/install/pointcloud_to_laserscan/share/ament_index/resource_index/packages/pointcloud_to_laserscan
[18.722s] -- Installing: /home/adithya/gz_ws/install/pointcloud_to_laserscan/share/ament_index/resource_index/rclcpp_components/pointcloud_to_laserscan
[18.722s] -- Installing: /home/adithya/gz_ws/install/pointcloud_to_laserscan/share/pointcloud_to_laserscan/cmake/ament_cmake_export_dependencies-extras.cmake
[18.722s] -- Installing: /home/adithya/gz_ws/install/pointcloud_to_laserscan/share/pointcloud_to_laserscan/cmake/ament_cmake_export_include_directories-extras.cmake
[18.722s] -- Installing: /home/adithya/gz_ws/install/pointcloud_to_laserscan/share/pointcloud_to_laserscan/cmake/ament_cmake_export_libraries-extras.cmake
[18.722s] -- Installing: /home/adithya/gz_ws/install/pointcloud_to_laserscan/share/pointcloud_to_laserscan/cmake/pointcloud_to_laserscanConfig.cmake
[18.722s] -- Installing: /home/adithya/gz_ws/install/pointcloud_to_laserscan/share/pointcloud_to_laserscan/cmake/pointcloud_to_laserscanConfig-version.cmake
[18.722s] -- Installing: /home/adithya/gz_ws/install/pointcloud_to_laserscan/share/pointcloud_to_laserscan/package.xml
[18.724s] Invoked command in '/home/adithya/gz_ws/build/pointcloud_to_laserscan' returned '0': CMAKE_PREFIX_PATH=${CMAKE_PREFIX_PATH}:/opt/ros/humble /usr/bin/cmake --install /home/adithya/gz_ws/build/pointcloud_to_laserscan
