[0.075s] DEBUG:colcon:Command line arguments: ['/usr/bin/colcon', 'build', '--symlink-install']
[0.075s] DEBUG:colcon:Parsed command line arguments: Namespace(log_base=None, log_level=None, verb_name='build', build_base='build', install_base='install', merge_install=False, symlink_install=True, test_result_base=None, continue_on_error=False, executor='parallel', parallel_workers=16, event_handlers=None, ignore_user_meta=False, metas=['./colcon.meta'], base_paths=['.'], packages_ignore=None, packages_ignore_regex=None, paths=None, packages_up_to=None, packages_up_to_regex=None, packages_above=None, packages_above_and_dependencies=None, packages_above_depth=None, packages_select_by_dep=None, packages_skip_by_dep=None, packages_skip_up_to=None, packages_select_build_failed=False, packages_skip_build_finished=False, packages_select_test_failures=False, packages_skip_test_passed=False, packages_select=None, packages_skip=None, packages_select_regex=None, packages_skip_regex=None, packages_start=None, packages_end=None, allow_overriding=[], cmake_args=None, cmake_target=None, cmake_target_skip_unavailable=False, cmake_clean_cache=False, cmake_clean_first=False, cmake_force_configure=False, ament_cmake_args=None, catkin_cmake_args=None, catkin_skip_building_tests=False, mixin_files=None, mixin=None, verb_parser=<colcon_mixin.mixin.mixin_argument.MixinArgumentDecorator object at 0x7720a5d87640>, verb_extension=<colcon_core.verb.build.BuildVerb object at 0x7720a5d869e0>, main=<bound method BuildVerb.main of <colcon_core.verb.build.BuildVerb object at 0x7720a5d869e0>>, mixin_verb=('build',))
[0.109s] Level 1:colcon.colcon_core.package_discovery:discover_packages(colcon_meta) check parameters
[0.109s] Level 1:colcon.colcon_core.package_discovery:discover_packages(recursive) check parameters
[0.109s] Level 1:colcon.colcon_core.package_discovery:discover_packages(ignore) check parameters
[0.109s] Level 1:colcon.colcon_core.package_discovery:discover_packages(path) check parameters
[0.109s] Level 1:colcon.colcon_core.package_discovery:discover_packages(colcon_meta) discover
[0.109s] Level 1:colcon.colcon_core.package_discovery:discover_packages(recursive) discover
[0.109s] INFO:colcon.colcon_core.package_discovery:Crawling recursively for packages in '/home/adithya/gz_ws'
[0.109s] Level 1:colcon.colcon_core.package_identification:_identify(.) by extensions ['ignore', 'ignore_ament_install']
[0.109s] Level 1:colcon.colcon_core.package_identification:_identify(.) by extension 'ignore'
[0.109s] Level 1:colcon.colcon_core.package_identification:_identify(.) by extension 'ignore_ament_install'
[0.109s] Level 1:colcon.colcon_core.package_identification:_identify(.) by extensions ['colcon_pkg']
[0.109s] Level 1:colcon.colcon_core.package_identification:_identify(.) by extension 'colcon_pkg'
[0.109s] Level 1:colcon.colcon_core.package_identification:_identify(.) by extensions ['colcon_meta']
[0.109s] Level 1:colcon.colcon_core.package_identification:_identify(.) by extension 'colcon_meta'
[0.109s] Level 1:colcon.colcon_core.package_identification:_identify(.) by extensions ['ros']
[0.109s] Level 1:colcon.colcon_core.package_identification:_identify(.) by extension 'ros'
[0.111s] Level 1:colcon.colcon_core.package_identification:_identify(.) by extensions ['cmake', 'python']
[0.111s] Level 1:colcon.colcon_core.package_identification:_identify(.) by extension 'cmake'
[0.111s] Level 1:colcon.colcon_core.package_identification:_identify(.) by extension 'python'
[0.111s] Level 1:colcon.colcon_core.package_identification:_identify(.) by extensions ['python_setup_py']
[0.111s] Level 1:colcon.colcon_core.package_identification:_identify(.) by extension 'python_setup_py'
[0.111s] Level 1:colcon.colcon_core.package_identification:_identify(build) by extensions ['ignore', 'ignore_ament_install']
[0.111s] Level 1:colcon.colcon_core.package_identification:_identify(build) by extension 'ignore'
[0.111s] Level 1:colcon.colcon_core.package_identification:_identify(build) ignored
[0.111s] Level 1:colcon.colcon_core.package_identification:_identify(install) by extensions ['ignore', 'ignore_ament_install']
[0.111s] Level 1:colcon.colcon_core.package_identification:_identify(install) by extension 'ignore'
[0.111s] Level 1:colcon.colcon_core.package_identification:_identify(install) ignored
[0.112s] Level 1:colcon.colcon_core.package_identification:_identify(log) by extensions ['ignore', 'ignore_ament_install']
[0.112s] Level 1:colcon.colcon_core.package_identification:_identify(log) by extension 'ignore'
[0.112s] Level 1:colcon.colcon_core.package_identification:_identify(log) ignored
[0.112s] Level 1:colcon.colcon_core.package_identification:_identify(src) by extensions ['ignore', 'ignore_ament_install']
[0.112s] Level 1:colcon.colcon_core.package_identification:_identify(src) by extension 'ignore'
[0.112s] Level 1:colcon.colcon_core.package_identification:_identify(src) by extension 'ignore_ament_install'
[0.112s] Level 1:colcon.colcon_core.package_identification:_identify(src) by extensions ['colcon_pkg']
[0.112s] Level 1:colcon.colcon_core.package_identification:_identify(src) by extension 'colcon_pkg'
[0.112s] Level 1:colcon.colcon_core.package_identification:_identify(src) by extensions ['colcon_meta']
[0.112s] Level 1:colcon.colcon_core.package_identification:_identify(src) by extension 'colcon_meta'
[0.112s] Level 1:colcon.colcon_core.package_identification:_identify(src) by extensions ['ros']
[0.112s] Level 1:colcon.colcon_core.package_identification:_identify(src) by extension 'ros'
[0.112s] Level 1:colcon.colcon_core.package_identification:_identify(src) by extensions ['cmake', 'python']
[0.112s] Level 1:colcon.colcon_core.package_identification:_identify(src) by extension 'cmake'
[0.112s] Level 1:colcon.colcon_core.package_identification:_identify(src) by extension 'python'
[0.112s] Level 1:colcon.colcon_core.package_identification:_identify(src) by extensions ['python_setup_py']
[0.112s] Level 1:colcon.colcon_core.package_identification:_identify(src) by extension 'python_setup_py'
[0.112s] Level 1:colcon.colcon_core.package_identification:_identify(src/level01_ros_assignment) by extensions ['ignore', 'ignore_ament_install']
[0.112s] Level 1:colcon.colcon_core.package_identification:_identify(src/level01_ros_assignment) by extension 'ignore'
[0.112s] Level 1:colcon.colcon_core.package_identification:_identify(src/level01_ros_assignment) by extension 'ignore_ament_install'
[0.112s] Level 1:colcon.colcon_core.package_identification:_identify(src/level01_ros_assignment) by extensions ['colcon_pkg']
[0.112s] Level 1:colcon.colcon_core.package_identification:_identify(src/level01_ros_assignment) by extension 'colcon_pkg'
[0.112s] Level 1:colcon.colcon_core.package_identification:_identify(src/level01_ros_assignment) by extensions ['colcon_meta']
[0.112s] Level 1:colcon.colcon_core.package_identification:_identify(src/level01_ros_assignment) by extension 'colcon_meta'
[0.112s] Level 1:colcon.colcon_core.package_identification:_identify(src/level01_ros_assignment) by extensions ['ros']
[0.112s] Level 1:colcon.colcon_core.package_identification:_identify(src/level01_ros_assignment) by extension 'ros'
[0.112s] Level 1:colcon.colcon_core.package_identification:_identify(src/level01_ros_assignment) by extensions ['cmake', 'python']
[0.112s] Level 1:colcon.colcon_core.package_identification:_identify(src/level01_ros_assignment) by extension 'cmake'
[0.112s] Level 1:colcon.colcon_core.package_identification:_identify(src/level01_ros_assignment) by extension 'python'
[0.112s] Level 1:colcon.colcon_core.package_identification:_identify(src/level01_ros_assignment) by extensions ['python_setup_py']
[0.112s] Level 1:colcon.colcon_core.package_identification:_identify(src/level01_ros_assignment) by extension 'python_setup_py'
[0.112s] Level 1:colcon.colcon_core.package_identification:_identify(src/level01_ros_assignment/testbed_bringup) by extensions ['ignore', 'ignore_ament_install']
[0.112s] Level 1:colcon.colcon_core.package_identification:_identify(src/level01_ros_assignment/testbed_bringup) by extension 'ignore'
[0.112s] Level 1:colcon.colcon_core.package_identification:_identify(src/level01_ros_assignment/testbed_bringup) by extension 'ignore_ament_install'
[0.112s] Level 1:colcon.colcon_core.package_identification:_identify(src/level01_ros_assignment/testbed_bringup) by extensions ['colcon_pkg']
[0.112s] Level 1:colcon.colcon_core.package_identification:_identify(src/level01_ros_assignment/testbed_bringup) by extension 'colcon_pkg'
[0.112s] Level 1:colcon.colcon_core.package_identification:_identify(src/level01_ros_assignment/testbed_bringup) by extensions ['colcon_meta']
[0.112s] Level 1:colcon.colcon_core.package_identification:_identify(src/level01_ros_assignment/testbed_bringup) by extension 'colcon_meta'
[0.112s] Level 1:colcon.colcon_core.package_identification:_identify(src/level01_ros_assignment/testbed_bringup) by extensions ['ros']
[0.112s] Level 1:colcon.colcon_core.package_identification:_identify(src/level01_ros_assignment/testbed_bringup) by extension 'ros'
[0.114s] DEBUG:colcon.colcon_core.package_identification:Package 'src/level01_ros_assignment/testbed_bringup' with type 'ros.ament_cmake' and name 'testbed_bringup'
[0.114s] Level 1:colcon.colcon_core.package_identification:_identify(src/level01_ros_assignment/testbed_description) by extensions ['ignore', 'ignore_ament_install']
[0.114s] Level 1:colcon.colcon_core.package_identification:_identify(src/level01_ros_assignment/testbed_description) by extension 'ignore'
[0.114s] Level 1:colcon.colcon_core.package_identification:_identify(src/level01_ros_assignment/testbed_description) by extension 'ignore_ament_install'
[0.114s] Level 1:colcon.colcon_core.package_identification:_identify(src/level01_ros_assignment/testbed_description) by extensions ['colcon_pkg']
[0.114s] Level 1:colcon.colcon_core.package_identification:_identify(src/level01_ros_assignment/testbed_description) by extension 'colcon_pkg'
[0.114s] Level 1:colcon.colcon_core.package_identification:_identify(src/level01_ros_assignment/testbed_description) by extensions ['colcon_meta']
[0.114s] Level 1:colcon.colcon_core.package_identification:_identify(src/level01_ros_assignment/testbed_description) by extension 'colcon_meta'
[0.114s] Level 1:colcon.colcon_core.package_identification:_identify(src/level01_ros_assignment/testbed_description) by extensions ['ros']
[0.114s] Level 1:colcon.colcon_core.package_identification:_identify(src/level01_ros_assignment/testbed_description) by extension 'ros'
[0.115s] DEBUG:colcon.colcon_core.package_identification:Package 'src/level01_ros_assignment/testbed_description' with type 'ros.ament_cmake' and name 'testbed_description'
[0.115s] Level 1:colcon.colcon_core.package_identification:_identify(src/level01_ros_assignment/testbed_gazebo) by extensions ['ignore', 'ignore_ament_install']
[0.115s] Level 1:colcon.colcon_core.package_identification:_identify(src/level01_ros_assignment/testbed_gazebo) by extension 'ignore'
[0.115s] Level 1:colcon.colcon_core.package_identification:_identify(src/level01_ros_assignment/testbed_gazebo) by extension 'ignore_ament_install'
[0.115s] Level 1:colcon.colcon_core.package_identification:_identify(src/level01_ros_assignment/testbed_gazebo) by extensions ['colcon_pkg']
[0.115s] Level 1:colcon.colcon_core.package_identification:_identify(src/level01_ros_assignment/testbed_gazebo) by extension 'colcon_pkg'
[0.115s] Level 1:colcon.colcon_core.package_identification:_identify(src/level01_ros_assignment/testbed_gazebo) by extensions ['colcon_meta']
[0.115s] Level 1:colcon.colcon_core.package_identification:_identify(src/level01_ros_assignment/testbed_gazebo) by extension 'colcon_meta'
[0.115s] Level 1:colcon.colcon_core.package_identification:_identify(src/level01_ros_assignment/testbed_gazebo) by extensions ['ros']
[0.115s] Level 1:colcon.colcon_core.package_identification:_identify(src/level01_ros_assignment/testbed_gazebo) by extension 'ros'
[0.115s] DEBUG:colcon.colcon_core.package_identification:Package 'src/level01_ros_assignment/testbed_gazebo' with type 'ros.ament_cmake' and name 'testbed_gazebo'
[0.115s] Level 1:colcon.colcon_core.package_identification:_identify(src/testbed_navigation) by extensions ['ignore', 'ignore_ament_install']
[0.115s] Level 1:colcon.colcon_core.package_identification:_identify(src/testbed_navigation) by extension 'ignore'
[0.115s] Level 1:colcon.colcon_core.package_identification:_identify(src/testbed_navigation) by extension 'ignore_ament_install'
[0.115s] Level 1:colcon.colcon_core.package_identification:_identify(src/testbed_navigation) by extensions ['colcon_pkg']
[0.115s] Level 1:colcon.colcon_core.package_identification:_identify(src/testbed_navigation) by extension 'colcon_pkg'
[0.115s] Level 1:colcon.colcon_core.package_identification:_identify(src/testbed_navigation) by extensions ['colcon_meta']
[0.115s] Level 1:colcon.colcon_core.package_identification:_identify(src/testbed_navigation) by extension 'colcon_meta'
[0.115s] Level 1:colcon.colcon_core.package_identification:_identify(src/testbed_navigation) by extensions ['ros']
[0.116s] Level 1:colcon.colcon_core.package_identification:_identify(src/testbed_navigation) by extension 'ros'
[0.116s] DEBUG:colcon.colcon_core.package_identification:Package 'src/testbed_navigation' with type 'ros.ament_cmake' and name 'testbed_navigation'
[0.116s] Level 1:colcon.colcon_core.package_discovery:discover_packages(recursive) using defaults
[0.116s] Level 1:colcon.colcon_core.package_discovery:discover_packages(ignore) discover
[0.116s] Level 1:colcon.colcon_core.package_discovery:discover_packages(ignore) using defaults
[0.116s] Level 1:colcon.colcon_core.package_discovery:discover_packages(path) discover
[0.116s] Level 1:colcon.colcon_core.package_discovery:discover_packages(path) using defaults
[0.130s] Level 1:colcon.colcon_core.package_discovery:discover_packages(prefix_path) check parameters
[0.130s] Level 1:colcon.colcon_core.package_discovery:discover_packages(prefix_path) discover
[0.131s] DEBUG:colcon.colcon_installed_package_information.package_discovery:Found 7 installed packages in /home/adithya/gz_ws/install
[0.132s] DEBUG:colcon.colcon_installed_package_information.package_discovery:Found 492 installed packages in /opt/ros/humble
[0.133s] Level 1:colcon.colcon_core.package_discovery:discover_packages(prefix_path) using defaults
[0.171s] Level 5:colcon.colcon_core.verb:set package 'testbed_bringup' build argument 'cmake_args' from command line to 'None'
[0.171s] Level 5:colcon.colcon_core.verb:set package 'testbed_bringup' build argument 'cmake_target' from command line to 'None'
[0.171s] Level 5:colcon.colcon_core.verb:set package 'testbed_bringup' build argument 'cmake_target_skip_unavailable' from command line to 'False'
[0.171s] Level 5:colcon.colcon_core.verb:set package 'testbed_bringup' build argument 'cmake_clean_cache' from command line to 'False'
[0.171s] Level 5:colcon.colcon_core.verb:set package 'testbed_bringup' build argument 'cmake_clean_first' from command line to 'False'
[0.171s] Level 5:colcon.colcon_core.verb:set package 'testbed_bringup' build argument 'cmake_force_configure' from command line to 'False'
[0.171s] Level 5:colcon.colcon_core.verb:set package 'testbed_bringup' build argument 'ament_cmake_args' from command line to 'None'
[0.171s] Level 5:colcon.colcon_core.verb:set package 'testbed_bringup' build argument 'catkin_cmake_args' from command line to 'None'
[0.171s] Level 5:colcon.colcon_core.verb:set package 'testbed_bringup' build argument 'catkin_skip_building_tests' from command line to 'False'
[0.171s] DEBUG:colcon.colcon_core.verb:Building package 'testbed_bringup' with the following arguments: {'ament_cmake_args': None, 'build_base': '/home/adithya/gz_ws/build/testbed_bringup', 'catkin_cmake_args': None, 'catkin_skip_building_tests': False, 'cmake_args': None, 'cmake_clean_cache': False, 'cmake_clean_first': False, 'cmake_force_configure': False, 'cmake_target': None, 'cmake_target_skip_unavailable': False, 'install_base': '/home/adithya/gz_ws/install/testbed_bringup', 'merge_install': False, 'path': '/home/adithya/gz_ws/src/level01_ros_assignment/testbed_bringup', 'symlink_install': True, 'test_result_base': None}
[0.171s] Level 5:colcon.colcon_core.verb:set package 'testbed_description' build argument 'cmake_args' from command line to 'None'
[0.172s] Level 5:colcon.colcon_core.verb:set package 'testbed_description' build argument 'cmake_target' from command line to 'None'
[0.172s] Level 5:colcon.colcon_core.verb:set package 'testbed_description' build argument 'cmake_target_skip_unavailable' from command line to 'False'
[0.172s] Level 5:colcon.colcon_core.verb:set package 'testbed_description' build argument 'cmake_clean_cache' from command line to 'False'
[0.172s] Level 5:colcon.colcon_core.verb:set package 'testbed_description' build argument 'cmake_clean_first' from command line to 'False'
[0.172s] Level 5:colcon.colcon_core.verb:set package 'testbed_description' build argument 'cmake_force_configure' from command line to 'False'
[0.172s] Level 5:colcon.colcon_core.verb:set package 'testbed_description' build argument 'ament_cmake_args' from command line to 'None'
[0.172s] Level 5:colcon.colcon_core.verb:set package 'testbed_description' build argument 'catkin_cmake_args' from command line to 'None'
[0.172s] Level 5:colcon.colcon_core.verb:set package 'testbed_description' build argument 'catkin_skip_building_tests' from command line to 'False'
[0.172s] DEBUG:colcon.colcon_core.verb:Building package 'testbed_description' with the following arguments: {'ament_cmake_args': None, 'build_base': '/home/adithya/gz_ws/build/testbed_description', 'catkin_cmake_args': None, 'catkin_skip_building_tests': False, 'cmake_args': None, 'cmake_clean_cache': False, 'cmake_clean_first': False, 'cmake_force_configure': False, 'cmake_target': None, 'cmake_target_skip_unavailable': False, 'install_base': '/home/adithya/gz_ws/install/testbed_description', 'merge_install': False, 'path': '/home/adithya/gz_ws/src/level01_ros_assignment/testbed_description', 'symlink_install': True, 'test_result_base': None}
[0.172s] Level 5:colcon.colcon_core.verb:set package 'testbed_navigation' build argument 'cmake_args' from command line to 'None'
[0.172s] Level 5:colcon.colcon_core.verb:set package 'testbed_navigation' build argument 'cmake_target' from command line to 'None'
[0.172s] Level 5:colcon.colcon_core.verb:set package 'testbed_navigation' build argument 'cmake_target_skip_unavailable' from command line to 'False'
[0.172s] Level 5:colcon.colcon_core.verb:set package 'testbed_navigation' build argument 'cmake_clean_cache' from command line to 'False'
[0.172s] Level 5:colcon.colcon_core.verb:set package 'testbed_navigation' build argument 'cmake_clean_first' from command line to 'False'
[0.172s] Level 5:colcon.colcon_core.verb:set package 'testbed_navigation' build argument 'cmake_force_configure' from command line to 'False'
[0.172s] Level 5:colcon.colcon_core.verb:set package 'testbed_navigation' build argument 'ament_cmake_args' from command line to 'None'
[0.172s] Level 5:colcon.colcon_core.verb:set package 'testbed_navigation' build argument 'catkin_cmake_args' from command line to 'None'
[0.172s] Level 5:colcon.colcon_core.verb:set package 'testbed_navigation' build argument 'catkin_skip_building_tests' from command line to 'False'
[0.172s] DEBUG:colcon.colcon_core.verb:Building package 'testbed_navigation' with the following arguments: {'ament_cmake_args': None, 'build_base': '/home/adithya/gz_ws/build/testbed_navigation', 'catkin_cmake_args': None, 'catkin_skip_building_tests': False, 'cmake_args': None, 'cmake_clean_cache': False, 'cmake_clean_first': False, 'cmake_force_configure': False, 'cmake_target': None, 'cmake_target_skip_unavailable': False, 'install_base': '/home/adithya/gz_ws/install/testbed_navigation', 'merge_install': False, 'path': '/home/adithya/gz_ws/src/testbed_navigation', 'symlink_install': True, 'test_result_base': None}
[0.172s] Level 5:colcon.colcon_core.verb:set package 'testbed_gazebo' build argument 'cmake_args' from command line to 'None'
[0.172s] Level 5:colcon.colcon_core.verb:set package 'testbed_gazebo' build argument 'cmake_target' from command line to 'None'
[0.172s] Level 5:colcon.colcon_core.verb:set package 'testbed_gazebo' build argument 'cmake_target_skip_unavailable' from command line to 'False'
[0.172s] Level 5:colcon.colcon_core.verb:set package 'testbed_gazebo' build argument 'cmake_clean_cache' from command line to 'False'
[0.172s] Level 5:colcon.colcon_core.verb:set package 'testbed_gazebo' build argument 'cmake_clean_first' from command line to 'False'
[0.172s] Level 5:colcon.colcon_core.verb:set package 'testbed_gazebo' build argument 'cmake_force_configure' from command line to 'False'
[0.172s] Level 5:colcon.colcon_core.verb:set package 'testbed_gazebo' build argument 'ament_cmake_args' from command line to 'None'
[0.172s] Level 5:colcon.colcon_core.verb:set package 'testbed_gazebo' build argument 'catkin_cmake_args' from command line to 'None'
[0.172s] Level 5:colcon.colcon_core.verb:set package 'testbed_gazebo' build argument 'catkin_skip_building_tests' from command line to 'False'
[0.172s] DEBUG:colcon.colcon_core.verb:Building package 'testbed_gazebo' with the following arguments: {'ament_cmake_args': None, 'build_base': '/home/adithya/gz_ws/build/testbed_gazebo', 'catkin_cmake_args': None, 'catkin_skip_building_tests': False, 'cmake_args': None, 'cmake_clean_cache': False, 'cmake_clean_first': False, 'cmake_force_configure': False, 'cmake_target': None, 'cmake_target_skip_unavailable': False, 'install_base': '/home/adithya/gz_ws/install/testbed_gazebo', 'merge_install': False, 'path': '/home/adithya/gz_ws/src/level01_ros_assignment/testbed_gazebo', 'symlink_install': True, 'test_result_base': None}
[0.172s] INFO:colcon.colcon_core.executor:Executing jobs using 'parallel' executor
[0.173s] DEBUG:colcon.colcon_parallel_executor.executor.parallel:run_until_complete
[0.173s] INFO:colcon.colcon_ros.task.ament_cmake.build:Building ROS package in '/home/adithya/gz_ws/src/level01_ros_assignment/testbed_description' with build type 'ament_cmake'
[0.173s] INFO:colcon.colcon_cmake.task.cmake.build:Building CMake package in '/home/adithya/gz_ws/src/level01_ros_assignment/testbed_description'
[0.175s] INFO:colcon.colcon_core.plugin_system:Skipping extension 'colcon_core.shell.bat': Not used on non-Windows systems
[0.175s] INFO:colcon.colcon_core.shell:Skip shell extension 'powershell' for command environment: Not usable outside of PowerShell
[0.175s] DEBUG:colcon.colcon_core.shell:Skip shell extension 'dsv' for command environment
[0.178s] INFO:colcon.colcon_ros.task.ament_cmake.build:Building ROS package in '/home/adithya/gz_ws/src/level01_ros_assignment/testbed_bringup' with build type 'ament_cmake'
[0.178s] INFO:colcon.colcon_cmake.task.cmake.build:Building CMake package in '/home/adithya/gz_ws/src/level01_ros_assignment/testbed_bringup'
[0.178s] INFO:colcon.colcon_core.shell:Skip shell extension 'powershell' for command environment: Not usable outside of PowerShell
[0.178s] DEBUG:colcon.colcon_core.shell:Skip shell extension 'dsv' for command environment
[0.181s] INFO:colcon.colcon_ros.task.ament_cmake.build:Building ROS package in '/home/adithya/gz_ws/src/testbed_navigation' with build type 'ament_cmake'
[0.181s] INFO:colcon.colcon_cmake.task.cmake.build:Building CMake package in '/home/adithya/gz_ws/src/testbed_navigation'
[0.181s] INFO:colcon.colcon_core.shell:Skip shell extension 'powershell' for command environment: Not usable outside of PowerShell
[0.181s] DEBUG:colcon.colcon_core.shell:Skip shell extension 'dsv' for command environment
[0.186s] DEBUG:colcon.colcon_core.event_handler.log_command:Invoking command in '/home/adithya/gz_ws/build/testbed_description': CMAKE_PREFIX_PATH=${CMAKE_PREFIX_PATH}:/opt/ros/humble /usr/bin/cmake /home/adithya/gz_ws/src/level01_ros_assignment/testbed_description -DAMENT_CMAKE_SYMLINK_INSTALL=1 -DCMAKE_INSTALL_PREFIX=/home/adithya/gz_ws/install/testbed_description
[0.187s] DEBUG:colcon.colcon_core.event_handler.log_command:Invoking command in '/home/adithya/gz_ws/build/testbed_bringup': CMAKE_PREFIX_PATH=${CMAKE_PREFIX_PATH}:/opt/ros/humble /usr/bin/cmake /home/adithya/gz_ws/src/level01_ros_assignment/testbed_bringup -DAMENT_CMAKE_SYMLINK_INSTALL=1 -DCMAKE_INSTALL_PREFIX=/home/adithya/gz_ws/install/testbed_bringup
[0.190s] DEBUG:colcon.colcon_core.event_handler.log_command:Invoking command in '/home/adithya/gz_ws/build/testbed_navigation': CMAKE_PREFIX_PATH=${CMAKE_PREFIX_PATH}:/opt/ros/humble /usr/bin/cmake /home/adithya/gz_ws/src/testbed_navigation -DAMENT_CMAKE_SYMLINK_INSTALL=1 -DCMAKE_INSTALL_PREFIX=/home/adithya/gz_ws/install/testbed_navigation
[0.339s] DEBUG:colcon.colcon_core.event_handler.log_command:Invoked command in '/home/adithya/gz_ws/build/testbed_bringup' returned '0': CMAKE_PREFIX_PATH=${CMAKE_PREFIX_PATH}:/opt/ros/humble /usr/bin/cmake /home/adithya/gz_ws/src/level01_ros_assignment/testbed_bringup -DAMENT_CMAKE_SYMLINK_INSTALL=1 -DCMAKE_INSTALL_PREFIX=/home/adithya/gz_ws/install/testbed_bringup
[0.341s] DEBUG:colcon.colcon_core.event_handler.log_command:Invoking command in '/home/adithya/gz_ws/build/testbed_bringup': CMAKE_PREFIX_PATH=${CMAKE_PREFIX_PATH}:/opt/ros/humble /usr/bin/cmake --build /home/adithya/gz_ws/build/testbed_bringup -- -j16 -l16
[0.358s] DEBUG:colcon.colcon_core.event_handler.log_command:Invoked command in '/home/adithya/gz_ws/build/testbed_description' returned '0': CMAKE_PREFIX_PATH=${CMAKE_PREFIX_PATH}:/opt/ros/humble /usr/bin/cmake /home/adithya/gz_ws/src/level01_ros_assignment/testbed_description -DAMENT_CMAKE_SYMLINK_INSTALL=1 -DCMAKE_INSTALL_PREFIX=/home/adithya/gz_ws/install/testbed_description
[0.359s] DEBUG:colcon.colcon_core.event_handler.log_command:Invoking command in '/home/adithya/gz_ws/build/testbed_description': CMAKE_PREFIX_PATH=${CMAKE_PREFIX_PATH}:/opt/ros/humble /usr/bin/cmake --build /home/adithya/gz_ws/build/testbed_description -- -j16 -l16
[0.371s] DEBUG:colcon.colcon_core.event_handler.log_command:Invoked command in '/home/adithya/gz_ws/build/testbed_bringup' returned '0': CMAKE_PREFIX_PATH=${CMAKE_PREFIX_PATH}:/opt/ros/humble /usr/bin/cmake --build /home/adithya/gz_ws/build/testbed_bringup -- -j16 -l16
[0.380s] DEBUG:colcon.colcon_core.event_handler.log_command:Invoking command in '/home/adithya/gz_ws/build/testbed_bringup': CMAKE_PREFIX_PATH=${CMAKE_PREFIX_PATH}:/opt/ros/humble /usr/bin/cmake --install /home/adithya/gz_ws/build/testbed_bringup
[0.385s] DEBUG:colcon.colcon_core.event_handler.log_command:Invoked command in '/home/adithya/gz_ws/build/testbed_description' returned '0': CMAKE_PREFIX_PATH=${CMAKE_PREFIX_PATH}:/opt/ros/humble /usr/bin/cmake --build /home/adithya/gz_ws/build/testbed_description -- -j16 -l16
[0.386s] DEBUG:colcon.colcon_core.event_handler.log_command:Invoking command in '/home/adithya/gz_ws/build/testbed_description': CMAKE_PREFIX_PATH=${CMAKE_PREFIX_PATH}:/opt/ros/humble /usr/bin/cmake --install /home/adithya/gz_ws/build/testbed_description
[0.489s] Level 1:colcon.colcon_core.environment:create_environment_scripts_only(testbed_bringup)
[0.489s] DEBUG:colcon.colcon_core.event_handler.log_command:Invoked command in '/home/adithya/gz_ws/build/testbed_bringup' returned '0': CMAKE_PREFIX_PATH=${CMAKE_PREFIX_PATH}:/opt/ros/humble /usr/bin/cmake --install /home/adithya/gz_ws/build/testbed_bringup
[0.491s] Level 1:colcon.colcon_core.environment:checking '/home/adithya/gz_ws/install/testbed_bringup' for CMake module files
[0.492s] Level 1:colcon.colcon_core.environment:checking '/home/adithya/gz_ws/install/testbed_bringup' for CMake config files
[0.493s] Level 1:colcon.colcon_core.shell:create_environment_hook('testbed_bringup', 'cmake_prefix_path')
[0.493s] INFO:colcon.colcon_core.shell:Creating environment hook '/home/adithya/gz_ws/install/testbed_bringup/share/testbed_bringup/hook/cmake_prefix_path.ps1'
[0.494s] INFO:colcon.colcon_core.shell:Creating environment descriptor '/home/adithya/gz_ws/install/testbed_bringup/share/testbed_bringup/hook/cmake_prefix_path.dsv'
[0.495s] INFO:colcon.colcon_core.shell:Creating environment hook '/home/adithya/gz_ws/install/testbed_bringup/share/testbed_bringup/hook/cmake_prefix_path.sh'
[0.495s] Level 1:colcon.colcon_core.environment:checking '/home/adithya/gz_ws/install/testbed_bringup/bin'
[0.495s] Level 1:colcon.colcon_core.environment:checking '/home/adithya/gz_ws/install/testbed_bringup/lib/pkgconfig/testbed_bringup.pc'
[0.496s] Level 1:colcon.colcon_core.environment:checking '/home/adithya/gz_ws/install/testbed_bringup/lib/python3.10/site-packages'
[0.496s] Level 1:colcon.colcon_core.environment:checking '/home/adithya/gz_ws/install/testbed_bringup/bin'
[0.496s] INFO:colcon.colcon_core.shell:Creating package script '/home/adithya/gz_ws/install/testbed_bringup/share/testbed_bringup/package.ps1'
[0.497s] INFO:colcon.colcon_core.shell:Creating package descriptor '/home/adithya/gz_ws/install/testbed_bringup/share/testbed_bringup/package.dsv'
[0.497s] INFO:colcon.colcon_core.shell:Creating package script '/home/adithya/gz_ws/install/testbed_bringup/share/testbed_bringup/package.sh'
[0.498s] INFO:colcon.colcon_core.shell:Creating package script '/home/adithya/gz_ws/install/testbed_bringup/share/testbed_bringup/package.bash'
[0.499s] INFO:colcon.colcon_core.shell:Creating package script '/home/adithya/gz_ws/install/testbed_bringup/share/testbed_bringup/package.zsh'
[0.500s] Level 1:colcon.colcon_core.environment:create_file_with_runtime_dependencies(/home/adithya/gz_ws/install/testbed_bringup/share/colcon-core/packages/testbed_bringup)
[0.500s] Level 1:colcon.colcon_core.environment:create_environment_scripts_only(testbed_bringup)
[0.500s] Level 1:colcon.colcon_core.environment:checking '/home/adithya/gz_ws/install/testbed_bringup' for CMake module files
[0.501s] Level 1:colcon.colcon_core.environment:checking '/home/adithya/gz_ws/install/testbed_bringup' for CMake config files
[0.501s] Level 1:colcon.colcon_core.shell:create_environment_hook('testbed_bringup', 'cmake_prefix_path')
[0.501s] INFO:colcon.colcon_core.shell:Creating environment hook '/home/adithya/gz_ws/install/testbed_bringup/share/testbed_bringup/hook/cmake_prefix_path.ps1'
[0.501s] INFO:colcon.colcon_core.shell:Creating environment descriptor '/home/adithya/gz_ws/install/testbed_bringup/share/testbed_bringup/hook/cmake_prefix_path.dsv'
[0.501s] INFO:colcon.colcon_core.shell:Creating environment hook '/home/adithya/gz_ws/install/testbed_bringup/share/testbed_bringup/hook/cmake_prefix_path.sh'
[0.502s] Level 1:colcon.colcon_core.environment:checking '/home/adithya/gz_ws/install/testbed_bringup/bin'
[0.502s] Level 1:colcon.colcon_core.environment:checking '/home/adithya/gz_ws/install/testbed_bringup/lib/pkgconfig/testbed_bringup.pc'
[0.502s] Level 1:colcon.colcon_core.environment:checking '/home/adithya/gz_ws/install/testbed_bringup/lib/python3.10/site-packages'
[0.503s] Level 1:colcon.colcon_core.environment:checking '/home/adithya/gz_ws/install/testbed_bringup/bin'
[0.503s] INFO:colcon.colcon_core.shell:Creating package script '/home/adithya/gz_ws/install/testbed_bringup/share/testbed_bringup/package.ps1'
[0.503s] INFO:colcon.colcon_core.shell:Creating package descriptor '/home/adithya/gz_ws/install/testbed_bringup/share/testbed_bringup/package.dsv'
[0.503s] INFO:colcon.colcon_core.shell:Creating package script '/home/adithya/gz_ws/install/testbed_bringup/share/testbed_bringup/package.sh'
[0.504s] INFO:colcon.colcon_core.shell:Creating package script '/home/adithya/gz_ws/install/testbed_bringup/share/testbed_bringup/package.bash'
[0.504s] INFO:colcon.colcon_core.shell:Creating package script '/home/adithya/gz_ws/install/testbed_bringup/share/testbed_bringup/package.zsh'
[0.504s] Level 1:colcon.colcon_core.environment:create_file_with_runtime_dependencies(/home/adithya/gz_ws/install/testbed_bringup/share/colcon-core/packages/testbed_bringup)
[0.629s] Level 1:colcon.colcon_core.environment:create_environment_scripts_only(testbed_description)
[0.629s] Level 1:colcon.colcon_core.environment:checking '/home/adithya/gz_ws/install/testbed_description' for CMake module files
[0.629s] DEBUG:colcon.colcon_core.event_handler.log_command:Invoked command in '/home/adithya/gz_ws/build/testbed_description' returned '0': CMAKE_PREFIX_PATH=${CMAKE_PREFIX_PATH}:/opt/ros/humble /usr/bin/cmake --install /home/adithya/gz_ws/build/testbed_description
[0.630s] Level 1:colcon.colcon_core.environment:checking '/home/adithya/gz_ws/install/testbed_description' for CMake config files
[0.630s] Level 1:colcon.colcon_core.shell:create_environment_hook('testbed_description', 'cmake_prefix_path')
[0.631s] INFO:colcon.colcon_core.shell:Creating environment hook '/home/adithya/gz_ws/install/testbed_description/share/testbed_description/hook/cmake_prefix_path.ps1'
[0.632s] INFO:colcon.colcon_core.shell:Creating environment descriptor '/home/adithya/gz_ws/install/testbed_description/share/testbed_description/hook/cmake_prefix_path.dsv'
[0.632s] INFO:colcon.colcon_core.shell:Creating environment hook '/home/adithya/gz_ws/install/testbed_description/share/testbed_description/hook/cmake_prefix_path.sh'
[0.633s] Level 1:colcon.colcon_core.environment:checking '/home/adithya/gz_ws/install/testbed_description/bin'
[0.633s] Level 1:colcon.colcon_core.environment:checking '/home/adithya/gz_ws/install/testbed_description/lib/pkgconfig/testbed_description.pc'
[0.634s] Level 1:colcon.colcon_core.environment:checking '/home/adithya/gz_ws/install/testbed_description/lib/python3.10/site-packages'
[0.634s] Level 1:colcon.colcon_core.environment:checking '/home/adithya/gz_ws/install/testbed_description/bin'
[0.635s] INFO:colcon.colcon_core.shell:Creating package script '/home/adithya/gz_ws/install/testbed_description/share/testbed_description/package.ps1'
[0.636s] INFO:colcon.colcon_core.shell:Creating package descriptor '/home/adithya/gz_ws/install/testbed_description/share/testbed_description/package.dsv'
[0.636s] INFO:colcon.colcon_core.shell:Creating package script '/home/adithya/gz_ws/install/testbed_description/share/testbed_description/package.sh'
[0.637s] INFO:colcon.colcon_core.shell:Creating package script '/home/adithya/gz_ws/install/testbed_description/share/testbed_description/package.bash'
[0.637s] INFO:colcon.colcon_core.shell:Creating package script '/home/adithya/gz_ws/install/testbed_description/share/testbed_description/package.zsh'
[0.638s] Level 1:colcon.colcon_core.environment:create_file_with_runtime_dependencies(/home/adithya/gz_ws/install/testbed_description/share/colcon-core/packages/testbed_description)
[0.638s] Level 1:colcon.colcon_core.environment:create_environment_scripts_only(testbed_description)
[0.639s] Level 1:colcon.colcon_core.environment:checking '/home/adithya/gz_ws/install/testbed_description' for CMake module files
[0.639s] Level 1:colcon.colcon_core.environment:checking '/home/adithya/gz_ws/install/testbed_description' for CMake config files
[0.639s] Level 1:colcon.colcon_core.shell:create_environment_hook('testbed_description', 'cmake_prefix_path')
[0.639s] INFO:colcon.colcon_core.shell:Creating environment hook '/home/adithya/gz_ws/install/testbed_description/share/testbed_description/hook/cmake_prefix_path.ps1'
[0.640s] INFO:colcon.colcon_core.shell:Creating environment descriptor '/home/adithya/gz_ws/install/testbed_description/share/testbed_description/hook/cmake_prefix_path.dsv'
[0.640s] INFO:colcon.colcon_core.shell:Creating environment hook '/home/adithya/gz_ws/install/testbed_description/share/testbed_description/hook/cmake_prefix_path.sh'
[0.640s] Level 1:colcon.colcon_core.environment:checking '/home/adithya/gz_ws/install/testbed_description/bin'
[0.640s] Level 1:colcon.colcon_core.environment:checking '/home/adithya/gz_ws/install/testbed_description/lib/pkgconfig/testbed_description.pc'
[0.640s] Level 1:colcon.colcon_core.environment:checking '/home/adithya/gz_ws/install/testbed_description/lib/python3.10/site-packages'
[0.641s] Level 1:colcon.colcon_core.environment:checking '/home/adithya/gz_ws/install/testbed_description/bin'
[0.641s] INFO:colcon.colcon_core.shell:Creating package script '/home/adithya/gz_ws/install/testbed_description/share/testbed_description/package.ps1'
[0.641s] INFO:colcon.colcon_core.shell:Creating package descriptor '/home/adithya/gz_ws/install/testbed_description/share/testbed_description/package.dsv'
[0.641s] INFO:colcon.colcon_core.shell:Creating package script '/home/adithya/gz_ws/install/testbed_description/share/testbed_description/package.sh'
[0.642s] INFO:colcon.colcon_core.shell:Creating package script '/home/adithya/gz_ws/install/testbed_description/share/testbed_description/package.bash'
[0.642s] INFO:colcon.colcon_core.shell:Creating package script '/home/adithya/gz_ws/install/testbed_description/share/testbed_description/package.zsh'
[0.642s] Level 1:colcon.colcon_core.environment:create_file_with_runtime_dependencies(/home/adithya/gz_ws/install/testbed_description/share/colcon-core/packages/testbed_description)
[0.642s] INFO:colcon.colcon_ros.task.ament_cmake.build:Building ROS package in '/home/adithya/gz_ws/src/level01_ros_assignment/testbed_gazebo' with build type 'ament_cmake'
[0.643s] INFO:colcon.colcon_cmake.task.cmake.build:Building CMake package in '/home/adithya/gz_ws/src/level01_ros_assignment/testbed_gazebo'
[0.643s] INFO:colcon.colcon_core.shell:Skip shell extension 'powershell' for command environment: Not usable outside of PowerShell
[0.643s] DEBUG:colcon.colcon_core.shell:Skip shell extension 'dsv' for command environment
[0.648s] DEBUG:colcon.colcon_core.event_handler.log_command:Invoked command in '/home/adithya/gz_ws/build/testbed_navigation' returned '0': CMAKE_PREFIX_PATH=${CMAKE_PREFIX_PATH}:/opt/ros/humble /usr/bin/cmake /home/adithya/gz_ws/src/testbed_navigation -DAMENT_CMAKE_SYMLINK_INSTALL=1 -DCMAKE_INSTALL_PREFIX=/home/adithya/gz_ws/install/testbed_navigation
[0.649s] DEBUG:colcon.colcon_core.event_handler.log_command:Invoking command in '/home/adithya/gz_ws/build/testbed_navigation': CMAKE_PREFIX_PATH=${CMAKE_PREFIX_PATH}:/opt/ros/humble /usr/bin/cmake --build /home/adithya/gz_ws/build/testbed_navigation -- -j16 -l16
[0.652s] DEBUG:colcon.colcon_core.event_handler.log_command:Invoking command in '/home/adithya/gz_ws/build/testbed_gazebo': CMAKE_PREFIX_PATH=/home/adithya/gz_ws/install/testbed_description:/home/adithya/gz_ws/install/testbed_navigation:/home/adithya/gz_ws/install/testbed_gazebo:/home/adithya/gz_ws/install/testbed_bringup:/home/adithya/gz_ws/install/teleop_collision:/home/adithya/gz_ws/install/leg_assembly_moveit_config:/home/adithya/gz_ws/install/leg_assembly:/opt/openrobots:/opt/ros/humble /usr/bin/cmake /home/adithya/gz_ws/src/level01_ros_assignment/testbed_gazebo -DAMENT_CMAKE_SYMLINK_INSTALL=1 -DCMAKE_INSTALL_PREFIX=/home/adithya/gz_ws/install/testbed_gazebo
[0.691s] DEBUG:colcon.colcon_core.event_handler.log_command:Invoked command in '/home/adithya/gz_ws/build/testbed_navigation' returned '0': CMAKE_PREFIX_PATH=${CMAKE_PREFIX_PATH}:/opt/ros/humble /usr/bin/cmake --build /home/adithya/gz_ws/build/testbed_navigation -- -j16 -l16
[0.693s] DEBUG:colcon.colcon_core.event_handler.log_command:Invoking command in '/home/adithya/gz_ws/build/testbed_navigation': CMAKE_PREFIX_PATH=${CMAKE_PREFIX_PATH}:/opt/ros/humble /usr/bin/cmake --install /home/adithya/gz_ws/build/testbed_navigation
[0.821s] DEBUG:colcon.colcon_core.event_handler.log_command:Invoked command in '/home/adithya/gz_ws/build/testbed_gazebo' returned '0': CMAKE_PREFIX_PATH=/home/adithya/gz_ws/install/testbed_description:/home/adithya/gz_ws/install/testbed_navigation:/home/adithya/gz_ws/install/testbed_gazebo:/home/adithya/gz_ws/install/testbed_bringup:/home/adithya/gz_ws/install/teleop_collision:/home/adithya/gz_ws/install/leg_assembly_moveit_config:/home/adithya/gz_ws/install/leg_assembly:/opt/openrobots:/opt/ros/humble /usr/bin/cmake /home/adithya/gz_ws/src/level01_ros_assignment/testbed_gazebo -DAMENT_CMAKE_SYMLINK_INSTALL=1 -DCMAKE_INSTALL_PREFIX=/home/adithya/gz_ws/install/testbed_gazebo
[0.823s] DEBUG:colcon.colcon_core.event_handler.log_command:Invoking command in '/home/adithya/gz_ws/build/testbed_gazebo': CMAKE_PREFIX_PATH=/home/adithya/gz_ws/install/testbed_description:/home/adithya/gz_ws/install/testbed_navigation:/home/adithya/gz_ws/install/testbed_gazebo:/home/adithya/gz_ws/install/testbed_bringup:/home/adithya/gz_ws/install/teleop_collision:/home/adithya/gz_ws/install/leg_assembly_moveit_config:/home/adithya/gz_ws/install/leg_assembly:/opt/openrobots:/opt/ros/humble /usr/bin/cmake --build /home/adithya/gz_ws/build/testbed_gazebo -- -j16 -l16
[0.858s] DEBUG:colcon.colcon_core.event_handler.log_command:Invoked command in '/home/adithya/gz_ws/build/testbed_gazebo' returned '0': CMAKE_PREFIX_PATH=/home/adithya/gz_ws/install/testbed_description:/home/adithya/gz_ws/install/testbed_navigation:/home/adithya/gz_ws/install/testbed_gazebo:/home/adithya/gz_ws/install/testbed_bringup:/home/adithya/gz_ws/install/teleop_collision:/home/adithya/gz_ws/install/leg_assembly_moveit_config:/home/adithya/gz_ws/install/leg_assembly:/opt/openrobots:/opt/ros/humble /usr/bin/cmake --build /home/adithya/gz_ws/build/testbed_gazebo -- -j16 -l16
[0.859s] DEBUG:colcon.colcon_core.event_handler.log_command:Invoking command in '/home/adithya/gz_ws/build/testbed_gazebo': CMAKE_PREFIX_PATH=/home/adithya/gz_ws/install/testbed_description:/home/adithya/gz_ws/install/testbed_navigation:/home/adithya/gz_ws/install/testbed_gazebo:/home/adithya/gz_ws/install/testbed_bringup:/home/adithya/gz_ws/install/teleop_collision:/home/adithya/gz_ws/install/leg_assembly_moveit_config:/home/adithya/gz_ws/install/leg_assembly:/opt/openrobots:/opt/ros/humble /usr/bin/cmake --install /home/adithya/gz_ws/build/testbed_gazebo
[0.936s] Level 1:colcon.colcon_core.environment:create_environment_scripts_only(testbed_navigation)
[0.937s] Level 1:colcon.colcon_core.environment:checking '/home/adithya/gz_ws/install/testbed_navigation' for CMake module files
[0.938s] DEBUG:colcon.colcon_core.event_handler.log_command:Invoked command in '/home/adithya/gz_ws/build/testbed_navigation' returned '0': CMAKE_PREFIX_PATH=${CMAKE_PREFIX_PATH}:/opt/ros/humble /usr/bin/cmake --install /home/adithya/gz_ws/build/testbed_navigation
[0.939s] Level 1:colcon.colcon_core.environment:checking '/home/adithya/gz_ws/install/testbed_navigation' for CMake config files
[0.939s] Level 1:colcon.colcon_core.shell:create_environment_hook('testbed_navigation', 'cmake_prefix_path')
[0.940s] INFO:colcon.colcon_core.shell:Creating environment hook '/home/adithya/gz_ws/install/testbed_navigation/share/testbed_navigation/hook/cmake_prefix_path.ps1'
[0.941s] INFO:colcon.colcon_core.shell:Creating environment descriptor '/home/adithya/gz_ws/install/testbed_navigation/share/testbed_navigation/hook/cmake_prefix_path.dsv'
[0.941s] INFO:colcon.colcon_core.shell:Creating environment hook '/home/adithya/gz_ws/install/testbed_navigation/share/testbed_navigation/hook/cmake_prefix_path.sh'
[0.942s] Level 1:colcon.colcon_core.environment:checking '/home/adithya/gz_ws/install/testbed_navigation/bin'
[0.942s] Level 1:colcon.colcon_core.environment:checking '/home/adithya/gz_ws/install/testbed_navigation/lib/pkgconfig/testbed_navigation.pc'
[0.943s] Level 1:colcon.colcon_core.environment:checking '/home/adithya/gz_ws/install/testbed_navigation/lib/python3.10/site-packages'
[0.944s] Level 1:colcon.colcon_core.environment:checking '/home/adithya/gz_ws/install/testbed_navigation/bin'
[0.944s] INFO:colcon.colcon_core.shell:Creating package script '/home/adithya/gz_ws/install/testbed_navigation/share/testbed_navigation/package.ps1'
[0.945s] INFO:colcon.colcon_core.shell:Creating package descriptor '/home/adithya/gz_ws/install/testbed_navigation/share/testbed_navigation/package.dsv'
[0.946s] INFO:colcon.colcon_core.shell:Creating package script '/home/adithya/gz_ws/install/testbed_navigation/share/testbed_navigation/package.sh'
[0.947s] INFO:colcon.colcon_core.shell:Creating package script '/home/adithya/gz_ws/install/testbed_navigation/share/testbed_navigation/package.bash'
[0.947s] INFO:colcon.colcon_core.shell:Creating package script '/home/adithya/gz_ws/install/testbed_navigation/share/testbed_navigation/package.zsh'
[0.948s] Level 1:colcon.colcon_core.environment:create_file_with_runtime_dependencies(/home/adithya/gz_ws/install/testbed_navigation/share/colcon-core/packages/testbed_navigation)
[0.948s] Level 1:colcon.colcon_core.environment:create_environment_scripts_only(testbed_navigation)
[0.948s] Level 1:colcon.colcon_core.environment:checking '/home/adithya/gz_ws/install/testbed_navigation' for CMake module files
[0.949s] Level 1:colcon.colcon_core.environment:checking '/home/adithya/gz_ws/install/testbed_navigation' for CMake config files
[0.949s] Level 1:colcon.colcon_core.shell:create_environment_hook('testbed_navigation', 'cmake_prefix_path')
[0.950s] INFO:colcon.colcon_core.shell:Creating environment hook '/home/adithya/gz_ws/install/testbed_navigation/share/testbed_navigation/hook/cmake_prefix_path.ps1'
[0.951s] INFO:colcon.colcon_core.shell:Creating environment descriptor '/home/adithya/gz_ws/install/testbed_navigation/share/testbed_navigation/hook/cmake_prefix_path.dsv'
[0.951s] INFO:colcon.colcon_core.shell:Creating environment hook '/home/adithya/gz_ws/install/testbed_navigation/share/testbed_navigation/hook/cmake_prefix_path.sh'
[0.952s] Level 1:colcon.colcon_core.environment:checking '/home/adithya/gz_ws/install/testbed_navigation/bin'
[0.952s] Level 1:colcon.colcon_core.environment:checking '/home/adithya/gz_ws/install/testbed_navigation/lib/pkgconfig/testbed_navigation.pc'
[0.952s] Level 1:colcon.colcon_core.environment:checking '/home/adithya/gz_ws/install/testbed_navigation/lib/python3.10/site-packages'
[0.952s] Level 1:colcon.colcon_core.environment:checking '/home/adithya/gz_ws/install/testbed_navigation/bin'
[0.953s] INFO:colcon.colcon_core.shell:Creating package script '/home/adithya/gz_ws/install/testbed_navigation/share/testbed_navigation/package.ps1'
[0.954s] INFO:colcon.colcon_core.shell:Creating package descriptor '/home/adithya/gz_ws/install/testbed_navigation/share/testbed_navigation/package.dsv'
[0.954s] INFO:colcon.colcon_core.shell:Creating package script '/home/adithya/gz_ws/install/testbed_navigation/share/testbed_navigation/package.sh'
[0.955s] INFO:colcon.colcon_core.shell:Creating package script '/home/adithya/gz_ws/install/testbed_navigation/share/testbed_navigation/package.bash'
[0.955s] INFO:colcon.colcon_core.shell:Creating package script '/home/adithya/gz_ws/install/testbed_navigation/share/testbed_navigation/package.zsh'
[0.956s] Level 1:colcon.colcon_core.environment:create_file_with_runtime_dependencies(/home/adithya/gz_ws/install/testbed_navigation/share/colcon-core/packages/testbed_navigation)
[1.031s] Level 1:colcon.colcon_core.environment:create_environment_scripts_only(testbed_gazebo)
[1.032s] Level 1:colcon.colcon_core.environment:checking '/home/adithya/gz_ws/install/testbed_gazebo' for CMake module files
[1.032s] DEBUG:colcon.colcon_core.event_handler.log_command:Invoked command in '/home/adithya/gz_ws/build/testbed_gazebo' returned '0': CMAKE_PREFIX_PATH=/home/adithya/gz_ws/install/testbed_description:/home/adithya/gz_ws/install/testbed_navigation:/home/adithya/gz_ws/install/testbed_gazebo:/home/adithya/gz_ws/install/testbed_bringup:/home/adithya/gz_ws/install/teleop_collision:/home/adithya/gz_ws/install/leg_assembly_moveit_config:/home/adithya/gz_ws/install/leg_assembly:/opt/openrobots:/opt/ros/humble /usr/bin/cmake --install /home/adithya/gz_ws/build/testbed_gazebo
[1.033s] Level 1:colcon.colcon_core.environment:checking '/home/adithya/gz_ws/install/testbed_gazebo' for CMake config files
[1.033s] Level 1:colcon.colcon_core.shell:create_environment_hook('testbed_gazebo', 'cmake_prefix_path')
[1.034s] INFO:colcon.colcon_core.shell:Creating environment hook '/home/adithya/gz_ws/install/testbed_gazebo/share/testbed_gazebo/hook/cmake_prefix_path.ps1'
[1.034s] INFO:colcon.colcon_core.shell:Creating environment descriptor '/home/adithya/gz_ws/install/testbed_gazebo/share/testbed_gazebo/hook/cmake_prefix_path.dsv'
[1.035s] INFO:colcon.colcon_core.shell:Creating environment hook '/home/adithya/gz_ws/install/testbed_gazebo/share/testbed_gazebo/hook/cmake_prefix_path.sh'
[1.035s] Level 1:colcon.colcon_core.environment:checking '/home/adithya/gz_ws/install/testbed_gazebo/bin'
[1.035s] Level 1:colcon.colcon_core.environment:checking '/home/adithya/gz_ws/install/testbed_gazebo/lib/pkgconfig/testbed_gazebo.pc'
[1.036s] Level 1:colcon.colcon_core.environment:checking '/home/adithya/gz_ws/install/testbed_gazebo/lib/python3.10/site-packages'
[1.036s] Level 1:colcon.colcon_core.environment:checking '/home/adithya/gz_ws/install/testbed_gazebo/bin'
[1.036s] INFO:colcon.colcon_core.shell:Creating package script '/home/adithya/gz_ws/install/testbed_gazebo/share/testbed_gazebo/package.ps1'
[1.037s] INFO:colcon.colcon_core.shell:Creating package descriptor '/home/adithya/gz_ws/install/testbed_gazebo/share/testbed_gazebo/package.dsv'
[1.037s] INFO:colcon.colcon_core.shell:Creating package script '/home/adithya/gz_ws/install/testbed_gazebo/share/testbed_gazebo/package.sh'
[1.038s] INFO:colcon.colcon_core.shell:Creating package script '/home/adithya/gz_ws/install/testbed_gazebo/share/testbed_gazebo/package.bash'
[1.038s] INFO:colcon.colcon_core.shell:Creating package script '/home/adithya/gz_ws/install/testbed_gazebo/share/testbed_gazebo/package.zsh'
[1.038s] Level 1:colcon.colcon_core.environment:create_file_with_runtime_dependencies(/home/adithya/gz_ws/install/testbed_gazebo/share/colcon-core/packages/testbed_gazebo)
[1.039s] Level 1:colcon.colcon_core.environment:create_environment_scripts_only(testbed_gazebo)
[1.039s] Level 1:colcon.colcon_core.environment:checking '/home/adithya/gz_ws/install/testbed_gazebo' for CMake module files
[1.040s] Level 1:colcon.colcon_core.environment:checking '/home/adithya/gz_ws/install/testbed_gazebo' for CMake config files
[1.040s] Level 1:colcon.colcon_core.shell:create_environment_hook('testbed_gazebo', 'cmake_prefix_path')
[1.040s] INFO:colcon.colcon_core.shell:Creating environment hook '/home/adithya/gz_ws/install/testbed_gazebo/share/testbed_gazebo/hook/cmake_prefix_path.ps1'
[1.041s] INFO:colcon.colcon_core.shell:Creating environment descriptor '/home/adithya/gz_ws/install/testbed_gazebo/share/testbed_gazebo/hook/cmake_prefix_path.dsv'
[1.041s] INFO:colcon.colcon_core.shell:Creating environment hook '/home/adithya/gz_ws/install/testbed_gazebo/share/testbed_gazebo/hook/cmake_prefix_path.sh'
[1.041s] Level 1:colcon.colcon_core.environment:checking '/home/adithya/gz_ws/install/testbed_gazebo/bin'
[1.042s] Level 1:colcon.colcon_core.environment:checking '/home/adithya/gz_ws/install/testbed_gazebo/lib/pkgconfig/testbed_gazebo.pc'
[1.042s] Level 1:colcon.colcon_core.environment:checking '/home/adithya/gz_ws/install/testbed_gazebo/lib/python3.10/site-packages'
[1.042s] Level 1:colcon.colcon_core.environment:checking '/home/adithya/gz_ws/install/testbed_gazebo/bin'
[1.042s] INFO:colcon.colcon_core.shell:Creating package script '/home/adithya/gz_ws/install/testbed_gazebo/share/testbed_gazebo/package.ps1'
[1.043s] INFO:colcon.colcon_core.shell:Creating package descriptor '/home/adithya/gz_ws/install/testbed_gazebo/share/testbed_gazebo/package.dsv'
[1.044s] INFO:colcon.colcon_core.shell:Creating package script '/home/adithya/gz_ws/install/testbed_gazebo/share/testbed_gazebo/package.sh'
[1.044s] INFO:colcon.colcon_core.shell:Creating package script '/home/adithya/gz_ws/install/testbed_gazebo/share/testbed_gazebo/package.bash'
[1.044s] INFO:colcon.colcon_core.shell:Creating package script '/home/adithya/gz_ws/install/testbed_gazebo/share/testbed_gazebo/package.zsh'
[1.045s] Level 1:colcon.colcon_core.environment:create_file_with_runtime_dependencies(/home/adithya/gz_ws/install/testbed_gazebo/share/colcon-core/packages/testbed_gazebo)
[1.045s] DEBUG:colcon.colcon_parallel_executor.executor.parallel:closing loop
[1.045s] DEBUG:colcon.colcon_parallel_executor.executor.parallel:loop closed
[1.045s] DEBUG:colcon.colcon_parallel_executor.executor.parallel:run_until_complete finished with '0'
[1.045s] DEBUG:colcon.colcon_core.event_reactor:joining thread
[1.051s] INFO:colcon.colcon_core.plugin_system:Skipping extension 'colcon_notification.desktop_notification.terminal_notifier': Not used on non-Darwin systems
[1.052s] INFO:colcon.colcon_core.plugin_system:Skipping extension 'colcon_notification.desktop_notification.win32': Not used on non-Windows systems
[1.052s] INFO:colcon.colcon_notification.desktop_notification:Sending desktop notification using 'notify2'
[1.062s] DEBUG:colcon.colcon_core.event_reactor:joined thread
[1.063s] INFO:colcon.colcon_core.shell:Creating prefix script '/home/adithya/gz_ws/install/local_setup.ps1'
[1.064s] INFO:colcon.colcon_core.shell:Creating prefix util module '/home/adithya/gz_ws/install/_local_setup_util_ps1.py'
[1.066s] INFO:colcon.colcon_core.shell:Creating prefix chain script '/home/adithya/gz_ws/install/setup.ps1'
[1.067s] INFO:colcon.colcon_core.shell:Creating prefix script '/home/adithya/gz_ws/install/local_setup.sh'
[1.068s] INFO:colcon.colcon_core.shell:Creating prefix util module '/home/adithya/gz_ws/install/_local_setup_util_sh.py'
[1.069s] INFO:colcon.colcon_core.shell:Creating prefix chain script '/home/adithya/gz_ws/install/setup.sh'
[1.070s] INFO:colcon.colcon_core.shell:Creating prefix script '/home/adithya/gz_ws/install/local_setup.bash'
[1.070s] INFO:colcon.colcon_core.shell:Creating prefix chain script '/home/adithya/gz_ws/install/setup.bash'
[1.072s] INFO:colcon.colcon_core.shell:Creating prefix script '/home/adithya/gz_ws/install/local_setup.zsh'
[1.072s] INFO:colcon.colcon_core.shell:Creating prefix chain script '/home/adithya/gz_ws/install/setup.zsh'
