-- Install configuration: ""
-- Up-to-date: /home/adithya/gz_ws/install/leg_assembly/share/leg_assembly/config
-- Up-to-date: /home/adithya/gz_ws/install/leg_assembly/share/leg_assembly/config/joint_names_leg_assembly.yaml
-- Up-to-date: /home/adithya/gz_ws/install/leg_assembly/share/leg_assembly/launch
-- Up-to-date: /home/adithya/gz_ws/install/leg_assembly/share/leg_assembly/launch/gazebo.launch.py
-- Up-to-date: /home/adithya/gz_ws/install/leg_assembly/share/leg_assembly/launch/display.launch.py
-- Up-to-date: /home/adithya/gz_ws/install/leg_assembly/share/leg_assembly/launch/gazebo.launch
-- Up-to-date: /home/adithya/gz_ws/install/leg_assembly/share/leg_assembly/meshes
-- Up-to-date: /home/adithya/gz_ws/install/leg_assembly/share/leg_assembly/meshes/finger_link_right.STL
-- Up-to-date: /home/adithya/gz_ws/install/leg_assembly/share/leg_assembly/meshes/finger_tip_right.STL
-- Up-to-date: /home/adithya/gz_ws/install/leg_assembly/share/leg_assembly/meshes/finger_link_left.STL
-- Up-to-date: /home/adithya/gz_ws/install/leg_assembly/share/leg_assembly/meshes/finger_tip_left.STL
-- Up-to-date: /home/adithya/gz_ws/install/leg_assembly/share/leg_assembly/meshes/link_3.STL
-- Up-to-date: /home/adithya/gz_ws/install/leg_assembly/share/leg_assembly/meshes/link_1.STL
-- Up-to-date: /home/adithya/gz_ws/install/leg_assembly/share/leg_assembly/meshes/base_link.STL
-- Up-to-date: /home/adithya/gz_ws/install/leg_assembly/share/leg_assembly/meshes/end_effector.STL
-- Up-to-date: /home/adithya/gz_ws/install/leg_assembly/share/leg_assembly/meshes/link_4.STL
-- Up-to-date: /home/adithya/gz_ws/install/leg_assembly/share/leg_assembly/meshes/link_2.STL
-- Up-to-date: /home/adithya/gz_ws/install/leg_assembly/share/leg_assembly/urdf
-- Up-to-date: /home/adithya/gz_ws/install/leg_assembly/share/leg_assembly/urdf/leg_assembly.csv
-- Up-to-date: /home/adithya/gz_ws/install/leg_assembly/share/leg_assembly/urdf/leg_assembly_gpt.urdf
-- Up-to-date: /home/adithya/gz_ws/install/leg_assembly/share/leg_assembly/urdf/leg_assembly.urdf
-- Up-to-date: /home/adithya/gz_ws/install/leg_assembly/share/leg_assembly/worlds
-- Up-to-date: /home/adithya/gz_ws/install/leg_assembly/share/leg_assembly/worlds/empty_world.world
-- Up-to-date: /home/adithya/gz_ws/install/leg_assembly/share/leg_assembly/worlds/empty.world
-- Up-to-date: /home/adithya/gz_ws/install/leg_assembly/share/ament_index/resource_index/package_run_dependencies/leg_assembly
-- Up-to-date: /home/adithya/gz_ws/install/leg_assembly/share/ament_index/resource_index/parent_prefix_path/leg_assembly
-- Up-to-date: /home/adithya/gz_ws/install/leg_assembly/share/leg_assembly/environment/ament_prefix_path.sh
-- Up-to-date: /home/adithya/gz_ws/install/leg_assembly/share/leg_assembly/environment/ament_prefix_path.dsv
-- Up-to-date: /home/adithya/gz_ws/install/leg_assembly/share/leg_assembly/environment/path.sh
-- Up-to-date: /home/adithya/gz_ws/install/leg_assembly/share/leg_assembly/environment/path.dsv
-- Up-to-date: /home/adithya/gz_ws/install/leg_assembly/share/leg_assembly/local_setup.bash
-- Up-to-date: /home/adithya/gz_ws/install/leg_assembly/share/leg_assembly/local_setup.sh
-- Up-to-date: /home/adithya/gz_ws/install/leg_assembly/share/leg_assembly/local_setup.zsh
-- Up-to-date: /home/adithya/gz_ws/install/leg_assembly/share/leg_assembly/local_setup.dsv
-- Installing: /home/adithya/gz_ws/install/leg_assembly/share/leg_assembly/package.dsv
-- Up-to-date: /home/adithya/gz_ws/install/leg_assembly/share/ament_index/resource_index/packages/leg_assembly
-- Up-to-date: /home/adithya/gz_ws/install/leg_assembly/share/leg_assembly/cmake/leg_assemblyConfig.cmake
-- Up-to-date: /home/adithya/gz_ws/install/leg_assembly/share/leg_assembly/cmake/leg_assemblyConfig-version.cmake
-- Up-to-date: /home/adithya/gz_ws/install/leg_assembly/share/leg_assembly/package.xml
