[0.012s] Invoking command in '/home/adithya/gz_ws/build/pointcloud_to_laserscan': CMAKE_PREFIX_PATH=${CMAKE_PREFIX_PATH}:/opt/ros/humble /usr/bin/cmake --build /home/adithya/gz_ws/build/pointcloud_to_laserscan -- -j16 -l16
[0.053s] [35m[1mConsolidate compiler generated dependencies of target pointcloud_to_laserscan_node[0m
[0.056s] [35m[1mConsolidate compiler generated dependencies of target laserscan_to_pointcloud_node[0m
[0.058s] [35m[1mConsolidate compiler generated dependencies of target laserscan_to_pointcloud[0m
[0.070s] [ 20%] Built target pointcloud_to_laserscan_node
[0.072s] [ 40%] Built target laserscan_to_pointcloud
[0.073s] [ 60%] Built target laserscan_to_pointcloud_node
[0.082s] [35m[1mConsolidate compiler generated dependencies of target pointcloud_to_laserscan[0m
[0.098s] [ 80%] Built target pointcloud_to_laserscan
[0.107s] [35m[1mConsolidate compiler generated dependencies of target dummy_pointcloud_publisher[0m
[0.118s] [100%] Built target dummy_pointcloud_publisher
[0.128s] Invoked command in '/home/adithya/gz_ws/build/pointcloud_to_laserscan' returned '0': CMAKE_PREFIX_PATH=${CMAKE_PREFIX_PATH}:/opt/ros/humble /usr/bin/cmake --build /home/adithya/gz_ws/build/pointcloud_to_laserscan -- -j16 -l16
[0.130s] Invoking command in '/home/adithya/gz_ws/build/pointcloud_to_laserscan': CMAKE_PREFIX_PATH=${CMAKE_PREFIX_PATH}:/opt/ros/humble /usr/bin/cmake --install /home/adithya/gz_ws/build/pointcloud_to_laserscan
[0.141s] -- Install configuration: ""
[0.141s] -- Up-to-date: /home/adithya/gz_ws/install/pointcloud_to_laserscan/lib/pointcloud_to_laserscan/laserscan_to_pointcloud_node
[0.141s] -- Up-to-date: /home/adithya/gz_ws/install/pointcloud_to_laserscan/lib/pointcloud_to_laserscan/pointcloud_to_laserscan_node
[0.141s] -- Up-to-date: /home/adithya/gz_ws/install/pointcloud_to_laserscan/include
[0.142s] -- Up-to-date: /home/adithya/gz_ws/install/pointcloud_to_laserscan/include/pointcloud_to_laserscan
[0.142s] -- Up-to-date: /home/adithya/gz_ws/install/pointcloud_to_laserscan/include/pointcloud_to_laserscan/pointcloud_to_laserscan_node.hpp
[0.142s] -- Up-to-date: /home/adithya/gz_ws/install/pointcloud_to_laserscan/include/pointcloud_to_laserscan/visibility_control.h
[0.142s] -- Up-to-date: /home/adithya/gz_ws/install/pointcloud_to_laserscan/include/pointcloud_to_laserscan/laserscan_to_pointcloud_node.hpp
[0.142s] -- Up-to-date: /home/adithya/gz_ws/install/pointcloud_to_laserscan/share/pointcloud_to_laserscan/environment/library_path.sh
[0.142s] -- Up-to-date: /home/adithya/gz_ws/install/pointcloud_to_laserscan/share/pointcloud_to_laserscan/environment/library_path.dsv
[0.142s] -- Up-to-date: /home/adithya/gz_ws/install/pointcloud_to_laserscan/lib/liblaserscan_to_pointcloud.so
[0.142s] -- Up-to-date: /home/adithya/gz_ws/install/pointcloud_to_laserscan/lib/libpointcloud_to_laserscan.so
[0.142s] -- Up-to-date: /home/adithya/gz_ws/install/pointcloud_to_laserscan/lib/pointcloud_to_laserscan/dummy_pointcloud_publisher
[0.142s] -- Up-to-date: /home/adithya/gz_ws/install/pointcloud_to_laserscan/share/pointcloud_to_laserscan/launch
[0.142s] -- Up-to-date: /home/adithya/gz_ws/install/pointcloud_to_laserscan/share/pointcloud_to_laserscan/launch/sample_pointcloud_to_laserscan_launch.py
[0.142s] -- Up-to-date: /home/adithya/gz_ws/install/pointcloud_to_laserscan/share/pointcloud_to_laserscan/launch/sample_laserscan_to_pointcloud_launch.py
[0.142s] -- Up-to-date: /home/adithya/gz_ws/install/pointcloud_to_laserscan/share/ament_index/resource_index/package_run_dependencies/pointcloud_to_laserscan
[0.142s] -- Up-to-date: /home/adithya/gz_ws/install/pointcloud_to_laserscan/share/ament_index/resource_index/parent_prefix_path/pointcloud_to_laserscan
[0.142s] -- Up-to-date: /home/adithya/gz_ws/install/pointcloud_to_laserscan/share/pointcloud_to_laserscan/environment/ament_prefix_path.sh
[0.142s] -- Up-to-date: /home/adithya/gz_ws/install/pointcloud_to_laserscan/share/pointcloud_to_laserscan/environment/ament_prefix_path.dsv
[0.142s] -- Up-to-date: /home/adithya/gz_ws/install/pointcloud_to_laserscan/share/pointcloud_to_laserscan/environment/path.sh
[0.143s] -- Up-to-date: /home/adithya/gz_ws/install/pointcloud_to_laserscan/share/pointcloud_to_laserscan/environment/path.dsv
[0.143s] -- Up-to-date: /home/adithya/gz_ws/install/pointcloud_to_laserscan/share/pointcloud_to_laserscan/local_setup.bash
[0.143s] -- Up-to-date: /home/adithya/gz_ws/install/pointcloud_to_laserscan/share/pointcloud_to_laserscan/local_setup.sh
[0.143s] -- Up-to-date: /home/adithya/gz_ws/install/pointcloud_to_laserscan/share/pointcloud_to_laserscan/local_setup.zsh
[0.143s] -- Up-to-date: /home/adithya/gz_ws/install/pointcloud_to_laserscan/share/pointcloud_to_laserscan/local_setup.dsv
[0.143s] -- Installing: /home/adithya/gz_ws/install/pointcloud_to_laserscan/share/pointcloud_to_laserscan/package.dsv
[0.143s] -- Up-to-date: /home/adithya/gz_ws/install/pointcloud_to_laserscan/share/ament_index/resource_index/packages/pointcloud_to_laserscan
[0.143s] -- Up-to-date: /home/adithya/gz_ws/install/pointcloud_to_laserscan/share/ament_index/resource_index/rclcpp_components/pointcloud_to_laserscan
[0.143s] -- Up-to-date: /home/adithya/gz_ws/install/pointcloud_to_laserscan/share/pointcloud_to_laserscan/cmake/ament_cmake_export_dependencies-extras.cmake
[0.143s] -- Up-to-date: /home/adithya/gz_ws/install/pointcloud_to_laserscan/share/pointcloud_to_laserscan/cmake/ament_cmake_export_include_directories-extras.cmake
[0.143s] -- Up-to-date: /home/adithya/gz_ws/install/pointcloud_to_laserscan/share/pointcloud_to_laserscan/cmake/ament_cmake_export_libraries-extras.cmake
[0.143s] -- Up-to-date: /home/adithya/gz_ws/install/pointcloud_to_laserscan/share/pointcloud_to_laserscan/cmake/pointcloud_to_laserscanConfig.cmake
[0.143s] -- Up-to-date: /home/adithya/gz_ws/install/pointcloud_to_laserscan/share/pointcloud_to_laserscan/cmake/pointcloud_to_laserscanConfig-version.cmake
[0.143s] -- Up-to-date: /home/adithya/gz_ws/install/pointcloud_to_laserscan/share/pointcloud_to_laserscan/package.xml
[0.144s] Invoked command in '/home/adithya/gz_ws/build/pointcloud_to_laserscan' returned '0': CMAKE_PREFIX_PATH=${CMAKE_PREFIX_PATH}:/opt/ros/humble /usr/bin/cmake --install /home/adithya/gz_ws/build/pointcloud_to_laserscan
