[0.075s] DEBUG:colcon:Command line arguments: ['/usr/bin/colcon', 'build']
[0.075s] DEBUG:colcon:Parsed command line arguments: Namespace(log_base=None, log_level=None, verb_name='build', build_base='build', install_base='install', merge_install=False, symlink_install=False, test_result_base=None, continue_on_error=False, executor='parallel', parallel_workers=16, event_handlers=None, ignore_user_meta=False, metas=['./colcon.meta'], base_paths=['.'], packages_ignore=None, packages_ignore_regex=None, paths=None, packages_up_to=None, packages_up_to_regex=None, packages_above=None, packages_above_and_dependencies=None, packages_above_depth=None, packages_select_by_dep=None, packages_skip_by_dep=None, packages_skip_up_to=None, packages_select_build_failed=False, packages_skip_build_finished=False, packages_select_test_failures=False, packages_skip_test_passed=False, packages_select=None, packages_skip=None, packages_select_regex=None, packages_skip_regex=None, packages_start=None, packages_end=None, allow_overriding=[], cmake_args=None, cmake_target=None, cmake_target_skip_unavailable=False, cmake_clean_cache=False, cmake_clean_first=False, cmake_force_configure=False, ament_cmake_args=None, catkin_cmake_args=None, catkin_skip_building_tests=False, mixin_files=None, mixin=None, verb_parser=<colcon_mixin.mixin.mixin_argument.MixinArgumentDecorator object at 0x7b5f00c2b670>, verb_extension=<colcon_core.verb.build.BuildVerb object at 0x7b5f00c2aa10>, main=<bound method BuildVerb.main of <colcon_core.verb.build.BuildVerb object at 0x7b5f00c2aa10>>, mixin_verb=('build',))
[0.108s] Level 1:colcon.colcon_core.package_discovery:discover_packages(colcon_meta) check parameters
[0.108s] Level 1:colcon.colcon_core.package_discovery:discover_packages(recursive) check parameters
[0.108s] Level 1:colcon.colcon_core.package_discovery:discover_packages(ignore) check parameters
[0.108s] Level 1:colcon.colcon_core.package_discovery:discover_packages(path) check parameters
[0.108s] Level 1:colcon.colcon_core.package_discovery:discover_packages(colcon_meta) discover
[0.108s] Level 1:colcon.colcon_core.package_discovery:discover_packages(recursive) discover
[0.108s] INFO:colcon.colcon_core.package_discovery:Crawling recursively for packages in '/home/adithya/gz_ws'
[0.108s] Level 1:colcon.colcon_core.package_identification:_identify(.) by extensions ['ignore', 'ignore_ament_install']
[0.108s] Level 1:colcon.colcon_core.package_identification:_identify(.) by extension 'ignore'
[0.108s] Level 1:colcon.colcon_core.package_identification:_identify(.) by extension 'ignore_ament_install'
[0.108s] Level 1:colcon.colcon_core.package_identification:_identify(.) by extensions ['colcon_pkg']
[0.108s] Level 1:colcon.colcon_core.package_identification:_identify(.) by extension 'colcon_pkg'
[0.108s] Level 1:colcon.colcon_core.package_identification:_identify(.) by extensions ['colcon_meta']
[0.108s] Level 1:colcon.colcon_core.package_identification:_identify(.) by extension 'colcon_meta'
[0.109s] Level 1:colcon.colcon_core.package_identification:_identify(.) by extensions ['ros']
[0.109s] Level 1:colcon.colcon_core.package_identification:_identify(.) by extension 'ros'
[0.111s] Level 1:colcon.colcon_core.package_identification:_identify(.) by extensions ['cmake', 'python']
[0.111s] Level 1:colcon.colcon_core.package_identification:_identify(.) by extension 'cmake'
[0.111s] Level 1:colcon.colcon_core.package_identification:_identify(.) by extension 'python'
[0.111s] Level 1:colcon.colcon_core.package_identification:_identify(.) by extensions ['python_setup_py']
[0.111s] Level 1:colcon.colcon_core.package_identification:_identify(.) by extension 'python_setup_py'
[0.111s] Level 1:colcon.colcon_core.package_identification:_identify(build) by extensions ['ignore', 'ignore_ament_install']
[0.111s] Level 1:colcon.colcon_core.package_identification:_identify(build) by extension 'ignore'
[0.111s] Level 1:colcon.colcon_core.package_identification:_identify(build) ignored
[0.111s] Level 1:colcon.colcon_core.package_identification:_identify(install) by extensions ['ignore', 'ignore_ament_install']
[0.111s] Level 1:colcon.colcon_core.package_identification:_identify(install) by extension 'ignore'
[0.111s] Level 1:colcon.colcon_core.package_identification:_identify(install) ignored
[0.111s] Level 1:colcon.colcon_core.package_identification:_identify(log) by extensions ['ignore', 'ignore_ament_install']
[0.111s] Level 1:colcon.colcon_core.package_identification:_identify(log) by extension 'ignore'
[0.111s] Level 1:colcon.colcon_core.package_identification:_identify(log) ignored
[0.111s] Level 1:colcon.colcon_core.package_identification:_identify(src) by extensions ['ignore', 'ignore_ament_install']
[0.111s] Level 1:colcon.colcon_core.package_identification:_identify(src) by extension 'ignore'
[0.111s] Level 1:colcon.colcon_core.package_identification:_identify(src) by extension 'ignore_ament_install'
[0.111s] Level 1:colcon.colcon_core.package_identification:_identify(src) by extensions ['colcon_pkg']
[0.111s] Level 1:colcon.colcon_core.package_identification:_identify(src) by extension 'colcon_pkg'
[0.111s] Level 1:colcon.colcon_core.package_identification:_identify(src) by extensions ['colcon_meta']
[0.111s] Level 1:colcon.colcon_core.package_identification:_identify(src) by extension 'colcon_meta'
[0.111s] Level 1:colcon.colcon_core.package_identification:_identify(src) by extensions ['ros']
[0.111s] Level 1:colcon.colcon_core.package_identification:_identify(src) by extension 'ros'
[0.111s] Level 1:colcon.colcon_core.package_identification:_identify(src) by extensions ['cmake', 'python']
[0.111s] Level 1:colcon.colcon_core.package_identification:_identify(src) by extension 'cmake'
[0.111s] Level 1:colcon.colcon_core.package_identification:_identify(src) by extension 'python'
[0.111s] Level 1:colcon.colcon_core.package_identification:_identify(src) by extensions ['python_setup_py']
[0.111s] Level 1:colcon.colcon_core.package_identification:_identify(src) by extension 'python_setup_py'
[0.111s] Level 1:colcon.colcon_core.package_identification:_identify(src/level01_ros_assignment) by extensions ['ignore', 'ignore_ament_install']
[0.111s] Level 1:colcon.colcon_core.package_identification:_identify(src/level01_ros_assignment) by extension 'ignore'
[0.111s] Level 1:colcon.colcon_core.package_identification:_identify(src/level01_ros_assignment) by extension 'ignore_ament_install'
[0.112s] Level 1:colcon.colcon_core.package_identification:_identify(src/level01_ros_assignment) by extensions ['colcon_pkg']
[0.112s] Level 1:colcon.colcon_core.package_identification:_identify(src/level01_ros_assignment) by extension 'colcon_pkg'
[0.112s] Level 1:colcon.colcon_core.package_identification:_identify(src/level01_ros_assignment) by extensions ['colcon_meta']
[0.112s] Level 1:colcon.colcon_core.package_identification:_identify(src/level01_ros_assignment) by extension 'colcon_meta'
[0.112s] Level 1:colcon.colcon_core.package_identification:_identify(src/level01_ros_assignment) by extensions ['ros']
[0.112s] Level 1:colcon.colcon_core.package_identification:_identify(src/level01_ros_assignment) by extension 'ros'
[0.112s] Level 1:colcon.colcon_core.package_identification:_identify(src/level01_ros_assignment) by extensions ['cmake', 'python']
[0.112s] Level 1:colcon.colcon_core.package_identification:_identify(src/level01_ros_assignment) by extension 'cmake'
[0.112s] Level 1:colcon.colcon_core.package_identification:_identify(src/level01_ros_assignment) by extension 'python'
[0.112s] Level 1:colcon.colcon_core.package_identification:_identify(src/level01_ros_assignment) by extensions ['python_setup_py']
[0.112s] Level 1:colcon.colcon_core.package_identification:_identify(src/level01_ros_assignment) by extension 'python_setup_py'
[0.112s] Level 1:colcon.colcon_core.package_identification:_identify(src/level01_ros_assignment/testbed_bringup) by extensions ['ignore', 'ignore_ament_install']
[0.112s] Level 1:colcon.colcon_core.package_identification:_identify(src/level01_ros_assignment/testbed_bringup) by extension 'ignore'
[0.112s] Level 1:colcon.colcon_core.package_identification:_identify(src/level01_ros_assignment/testbed_bringup) by extension 'ignore_ament_install'
[0.112s] Level 1:colcon.colcon_core.package_identification:_identify(src/level01_ros_assignment/testbed_bringup) by extensions ['colcon_pkg']
[0.112s] Level 1:colcon.colcon_core.package_identification:_identify(src/level01_ros_assignment/testbed_bringup) by extension 'colcon_pkg'
[0.112s] Level 1:colcon.colcon_core.package_identification:_identify(src/level01_ros_assignment/testbed_bringup) by extensions ['colcon_meta']
[0.112s] Level 1:colcon.colcon_core.package_identification:_identify(src/level01_ros_assignment/testbed_bringup) by extension 'colcon_meta'
[0.112s] Level 1:colcon.colcon_core.package_identification:_identify(src/level01_ros_assignment/testbed_bringup) by extensions ['ros']
[0.112s] Level 1:colcon.colcon_core.package_identification:_identify(src/level01_ros_assignment/testbed_bringup) by extension 'ros'
[0.113s] DEBUG:colcon.colcon_core.package_identification:Package 'src/level01_ros_assignment/testbed_bringup' with type 'ros.ament_cmake' and name 'testbed_bringup'
[0.113s] Level 1:colcon.colcon_core.package_identification:_identify(src/level01_ros_assignment/testbed_description) by extensions ['ignore', 'ignore_ament_install']
[0.114s] Level 1:colcon.colcon_core.package_identification:_identify(src/level01_ros_assignment/testbed_description) by extension 'ignore'
[0.114s] Level 1:colcon.colcon_core.package_identification:_identify(src/level01_ros_assignment/testbed_description) by extension 'ignore_ament_install'
[0.114s] Level 1:colcon.colcon_core.package_identification:_identify(src/level01_ros_assignment/testbed_description) by extensions ['colcon_pkg']
[0.114s] Level 1:colcon.colcon_core.package_identification:_identify(src/level01_ros_assignment/testbed_description) by extension 'colcon_pkg'
[0.114s] Level 1:colcon.colcon_core.package_identification:_identify(src/level01_ros_assignment/testbed_description) by extensions ['colcon_meta']
[0.114s] Level 1:colcon.colcon_core.package_identification:_identify(src/level01_ros_assignment/testbed_description) by extension 'colcon_meta'
[0.114s] Level 1:colcon.colcon_core.package_identification:_identify(src/level01_ros_assignment/testbed_description) by extensions ['ros']
[0.114s] Level 1:colcon.colcon_core.package_identification:_identify(src/level01_ros_assignment/testbed_description) by extension 'ros'
[0.114s] DEBUG:colcon.colcon_core.package_identification:Package 'src/level01_ros_assignment/testbed_description' with type 'ros.ament_cmake' and name 'testbed_description'
[0.114s] Level 1:colcon.colcon_core.package_identification:_identify(src/level01_ros_assignment/testbed_gazebo) by extensions ['ignore', 'ignore_ament_install']
[0.114s] Level 1:colcon.colcon_core.package_identification:_identify(src/level01_ros_assignment/testbed_gazebo) by extension 'ignore'
[0.114s] Level 1:colcon.colcon_core.package_identification:_identify(src/level01_ros_assignment/testbed_gazebo) by extension 'ignore_ament_install'
[0.114s] Level 1:colcon.colcon_core.package_identification:_identify(src/level01_ros_assignment/testbed_gazebo) by extensions ['colcon_pkg']
[0.114s] Level 1:colcon.colcon_core.package_identification:_identify(src/level01_ros_assignment/testbed_gazebo) by extension 'colcon_pkg'
[0.114s] Level 1:colcon.colcon_core.package_identification:_identify(src/level01_ros_assignment/testbed_gazebo) by extensions ['colcon_meta']
[0.114s] Level 1:colcon.colcon_core.package_identification:_identify(src/level01_ros_assignment/testbed_gazebo) by extension 'colcon_meta'
[0.114s] Level 1:colcon.colcon_core.package_identification:_identify(src/level01_ros_assignment/testbed_gazebo) by extensions ['ros']
[0.114s] Level 1:colcon.colcon_core.package_identification:_identify(src/level01_ros_assignment/testbed_gazebo) by extension 'ros'
[0.115s] DEBUG:colcon.colcon_core.package_identification:Package 'src/level01_ros_assignment/testbed_gazebo' with type 'ros.ament_cmake' and name 'testbed_gazebo'
[0.115s] Level 1:colcon.colcon_core.package_identification:_identify(src/testbed_navigation) by extensions ['ignore', 'ignore_ament_install']
[0.115s] Level 1:colcon.colcon_core.package_identification:_identify(src/testbed_navigation) by extension 'ignore'
[0.115s] Level 1:colcon.colcon_core.package_identification:_identify(src/testbed_navigation) by extension 'ignore_ament_install'
[0.115s] Level 1:colcon.colcon_core.package_identification:_identify(src/testbed_navigation) by extensions ['colcon_pkg']
[0.115s] Level 1:colcon.colcon_core.package_identification:_identify(src/testbed_navigation) by extension 'colcon_pkg'
[0.115s] Level 1:colcon.colcon_core.package_identification:_identify(src/testbed_navigation) by extensions ['colcon_meta']
[0.115s] Level 1:colcon.colcon_core.package_identification:_identify(src/testbed_navigation) by extension 'colcon_meta'
[0.115s] Level 1:colcon.colcon_core.package_identification:_identify(src/testbed_navigation) by extensions ['ros']
[0.115s] Level 1:colcon.colcon_core.package_identification:_identify(src/testbed_navigation) by extension 'ros'
[0.116s] DEBUG:colcon.colcon_core.package_identification:Package 'src/testbed_navigation' with type 'ros.ament_cmake' and name 'testbed_navigation'
[0.116s] Level 1:colcon.colcon_core.package_discovery:discover_packages(recursive) using defaults
[0.116s] Level 1:colcon.colcon_core.package_discovery:discover_packages(ignore) discover
[0.116s] Level 1:colcon.colcon_core.package_discovery:discover_packages(ignore) using defaults
[0.116s] Level 1:colcon.colcon_core.package_discovery:discover_packages(path) discover
[0.116s] Level 1:colcon.colcon_core.package_discovery:discover_packages(path) using defaults
[0.129s] Level 1:colcon.colcon_core.package_discovery:discover_packages(prefix_path) check parameters
[0.129s] Level 1:colcon.colcon_core.package_discovery:discover_packages(prefix_path) discover
[0.131s] DEBUG:colcon.colcon_installed_package_information.package_discovery:Found 492 installed packages in /opt/ros/humble
[0.132s] Level 1:colcon.colcon_core.package_discovery:discover_packages(prefix_path) using defaults
[0.169s] Level 5:colcon.colcon_core.verb:set package 'testbed_bringup' build argument 'cmake_args' from command line to 'None'
[0.170s] Level 5:colcon.colcon_core.verb:set package 'testbed_bringup' build argument 'cmake_target' from command line to 'None'
[0.170s] Level 5:colcon.colcon_core.verb:set package 'testbed_bringup' build argument 'cmake_target_skip_unavailable' from command line to 'False'
[0.170s] Level 5:colcon.colcon_core.verb:set package 'testbed_bringup' build argument 'cmake_clean_cache' from command line to 'False'
[0.170s] Level 5:colcon.colcon_core.verb:set package 'testbed_bringup' build argument 'cmake_clean_first' from command line to 'False'
[0.170s] Level 5:colcon.colcon_core.verb:set package 'testbed_bringup' build argument 'cmake_force_configure' from command line to 'False'
[0.170s] Level 5:colcon.colcon_core.verb:set package 'testbed_bringup' build argument 'ament_cmake_args' from command line to 'None'
[0.170s] Level 5:colcon.colcon_core.verb:set package 'testbed_bringup' build argument 'catkin_cmake_args' from command line to 'None'
[0.170s] Level 5:colcon.colcon_core.verb:set package 'testbed_bringup' build argument 'catkin_skip_building_tests' from command line to 'False'
[0.170s] DEBUG:colcon.colcon_core.verb:Building package 'testbed_bringup' with the following arguments: {'ament_cmake_args': None, 'build_base': '/home/adithya/gz_ws/build/testbed_bringup', 'catkin_cmake_args': None, 'catkin_skip_building_tests': False, 'cmake_args': None, 'cmake_clean_cache': False, 'cmake_clean_first': False, 'cmake_force_configure': False, 'cmake_target': None, 'cmake_target_skip_unavailable': False, 'install_base': '/home/adithya/gz_ws/install/testbed_bringup', 'merge_install': False, 'path': '/home/adithya/gz_ws/src/level01_ros_assignment/testbed_bringup', 'symlink_install': False, 'test_result_base': None}
[0.170s] Level 5:colcon.colcon_core.verb:set package 'testbed_description' build argument 'cmake_args' from command line to 'None'
[0.170s] Level 5:colcon.colcon_core.verb:set package 'testbed_description' build argument 'cmake_target' from command line to 'None'
[0.170s] Level 5:colcon.colcon_core.verb:set package 'testbed_description' build argument 'cmake_target_skip_unavailable' from command line to 'False'
[0.170s] Level 5:colcon.colcon_core.verb:set package 'testbed_description' build argument 'cmake_clean_cache' from command line to 'False'
[0.170s] Level 5:colcon.colcon_core.verb:set package 'testbed_description' build argument 'cmake_clean_first' from command line to 'False'
[0.170s] Level 5:colcon.colcon_core.verb:set package 'testbed_description' build argument 'cmake_force_configure' from command line to 'False'
[0.170s] Level 5:colcon.colcon_core.verb:set package 'testbed_description' build argument 'ament_cmake_args' from command line to 'None'
[0.170s] Level 5:colcon.colcon_core.verb:set package 'testbed_description' build argument 'catkin_cmake_args' from command line to 'None'
[0.170s] Level 5:colcon.colcon_core.verb:set package 'testbed_description' build argument 'catkin_skip_building_tests' from command line to 'False'
[0.170s] DEBUG:colcon.colcon_core.verb:Building package 'testbed_description' with the following arguments: {'ament_cmake_args': None, 'build_base': '/home/adithya/gz_ws/build/testbed_description', 'catkin_cmake_args': None, 'catkin_skip_building_tests': False, 'cmake_args': None, 'cmake_clean_cache': False, 'cmake_clean_first': False, 'cmake_force_configure': False, 'cmake_target': None, 'cmake_target_skip_unavailable': False, 'install_base': '/home/adithya/gz_ws/install/testbed_description', 'merge_install': False, 'path': '/home/adithya/gz_ws/src/level01_ros_assignment/testbed_description', 'symlink_install': False, 'test_result_base': None}
[0.170s] Level 5:colcon.colcon_core.verb:set package 'testbed_navigation' build argument 'cmake_args' from command line to 'None'
[0.170s] Level 5:colcon.colcon_core.verb:set package 'testbed_navigation' build argument 'cmake_target' from command line to 'None'
[0.170s] Level 5:colcon.colcon_core.verb:set package 'testbed_navigation' build argument 'cmake_target_skip_unavailable' from command line to 'False'
[0.170s] Level 5:colcon.colcon_core.verb:set package 'testbed_navigation' build argument 'cmake_clean_cache' from command line to 'False'
[0.170s] Level 5:colcon.colcon_core.verb:set package 'testbed_navigation' build argument 'cmake_clean_first' from command line to 'False'
[0.170s] Level 5:colcon.colcon_core.verb:set package 'testbed_navigation' build argument 'cmake_force_configure' from command line to 'False'
[0.170s] Level 5:colcon.colcon_core.verb:set package 'testbed_navigation' build argument 'ament_cmake_args' from command line to 'None'
[0.170s] Level 5:colcon.colcon_core.verb:set package 'testbed_navigation' build argument 'catkin_cmake_args' from command line to 'None'
[0.170s] Level 5:colcon.colcon_core.verb:set package 'testbed_navigation' build argument 'catkin_skip_building_tests' from command line to 'False'
[0.170s] DEBUG:colcon.colcon_core.verb:Building package 'testbed_navigation' with the following arguments: {'ament_cmake_args': None, 'build_base': '/home/adithya/gz_ws/build/testbed_navigation', 'catkin_cmake_args': None, 'catkin_skip_building_tests': False, 'cmake_args': None, 'cmake_clean_cache': False, 'cmake_clean_first': False, 'cmake_force_configure': False, 'cmake_target': None, 'cmake_target_skip_unavailable': False, 'install_base': '/home/adithya/gz_ws/install/testbed_navigation', 'merge_install': False, 'path': '/home/adithya/gz_ws/src/testbed_navigation', 'symlink_install': False, 'test_result_base': None}
[0.170s] Level 5:colcon.colcon_core.verb:set package 'testbed_gazebo' build argument 'cmake_args' from command line to 'None'
[0.170s] Level 5:colcon.colcon_core.verb:set package 'testbed_gazebo' build argument 'cmake_target' from command line to 'None'
[0.170s] Level 5:colcon.colcon_core.verb:set package 'testbed_gazebo' build argument 'cmake_target_skip_unavailable' from command line to 'False'
[0.170s] Level 5:colcon.colcon_core.verb:set package 'testbed_gazebo' build argument 'cmake_clean_cache' from command line to 'False'
[0.170s] Level 5:colcon.colcon_core.verb:set package 'testbed_gazebo' build argument 'cmake_clean_first' from command line to 'False'
[0.171s] Level 5:colcon.colcon_core.verb:set package 'testbed_gazebo' build argument 'cmake_force_configure' from command line to 'False'
[0.171s] Level 5:colcon.colcon_core.verb:set package 'testbed_gazebo' build argument 'ament_cmake_args' from command line to 'None'
[0.171s] Level 5:colcon.colcon_core.verb:set package 'testbed_gazebo' build argument 'catkin_cmake_args' from command line to 'None'
[0.171s] Level 5:colcon.colcon_core.verb:set package 'testbed_gazebo' build argument 'catkin_skip_building_tests' from command line to 'False'
[0.171s] DEBUG:colcon.colcon_core.verb:Building package 'testbed_gazebo' with the following arguments: {'ament_cmake_args': None, 'build_base': '/home/adithya/gz_ws/build/testbed_gazebo', 'catkin_cmake_args': None, 'catkin_skip_building_tests': False, 'cmake_args': None, 'cmake_clean_cache': False, 'cmake_clean_first': False, 'cmake_force_configure': False, 'cmake_target': None, 'cmake_target_skip_unavailable': False, 'install_base': '/home/adithya/gz_ws/install/testbed_gazebo', 'merge_install': False, 'path': '/home/adithya/gz_ws/src/level01_ros_assignment/testbed_gazebo', 'symlink_install': False, 'test_result_base': None}
[0.171s] INFO:colcon.colcon_core.executor:Executing jobs using 'parallel' executor
[0.171s] DEBUG:colcon.colcon_parallel_executor.executor.parallel:run_until_complete
[0.172s] INFO:colcon.colcon_ros.task.ament_cmake.build:Building ROS package in '/home/adithya/gz_ws/src/level01_ros_assignment/testbed_description' with build type 'ament_cmake'
[0.172s] INFO:colcon.colcon_cmake.task.cmake.build:Building CMake package in '/home/adithya/gz_ws/src/level01_ros_assignment/testbed_description'
[0.173s] INFO:colcon.colcon_core.plugin_system:Skipping extension 'colcon_core.shell.bat': Not used on non-Windows systems
[0.173s] INFO:colcon.colcon_core.shell:Skip shell extension 'powershell' for command environment: Not usable outside of PowerShell
[0.173s] DEBUG:colcon.colcon_core.shell:Skip shell extension 'dsv' for command environment
[0.175s] INFO:colcon.colcon_ros.task.ament_cmake.build:Building ROS package in '/home/adithya/gz_ws/src/level01_ros_assignment/testbed_bringup' with build type 'ament_cmake'
[0.175s] INFO:colcon.colcon_cmake.task.cmake.build:Building CMake package in '/home/adithya/gz_ws/src/level01_ros_assignment/testbed_bringup'
[0.175s] INFO:colcon.colcon_core.shell:Skip shell extension 'powershell' for command environment: Not usable outside of PowerShell
[0.175s] DEBUG:colcon.colcon_core.shell:Skip shell extension 'dsv' for command environment
[0.177s] INFO:colcon.colcon_ros.task.ament_cmake.build:Building ROS package in '/home/adithya/gz_ws/src/testbed_navigation' with build type 'ament_cmake'
[0.177s] INFO:colcon.colcon_cmake.task.cmake.build:Building CMake package in '/home/adithya/gz_ws/src/testbed_navigation'
[0.177s] INFO:colcon.colcon_core.shell:Skip shell extension 'powershell' for command environment: Not usable outside of PowerShell
[0.177s] DEBUG:colcon.colcon_core.shell:Skip shell extension 'dsv' for command environment
[0.182s] DEBUG:colcon.colcon_core.event_handler.log_command:Invoking command in '/home/adithya/gz_ws/build/testbed_description': CMAKE_PREFIX_PATH=${CMAKE_PREFIX_PATH}:/opt/ros/humble /usr/bin/cmake --build /home/adithya/gz_ws/build/testbed_description -- -j16 -l16
[0.184s] DEBUG:colcon.colcon_core.event_handler.log_command:Invoking command in '/home/adithya/gz_ws/build/testbed_bringup': CMAKE_PREFIX_PATH=${CMAKE_PREFIX_PATH}:/opt/ros/humble /usr/bin/cmake --build /home/adithya/gz_ws/build/testbed_bringup -- -j16 -l16
[0.187s] DEBUG:colcon.colcon_core.event_handler.log_command:Invoking command in '/home/adithya/gz_ws/build/testbed_navigation': CMAKE_PREFIX_PATH=${CMAKE_PREFIX_PATH}:/opt/ros/humble /usr/bin/cmake /home/adithya/gz_ws/src/testbed_navigation -DCMAKE_INSTALL_PREFIX=/home/adithya/gz_ws/install/testbed_navigation
[0.214s] DEBUG:colcon.colcon_core.event_handler.log_command:Invoked command in '/home/adithya/gz_ws/build/testbed_description' returned '0': CMAKE_PREFIX_PATH=${CMAKE_PREFIX_PATH}:/opt/ros/humble /usr/bin/cmake --build /home/adithya/gz_ws/build/testbed_description -- -j16 -l16
[0.222s] DEBUG:colcon.colcon_core.event_handler.log_command:Invoking command in '/home/adithya/gz_ws/build/testbed_description': CMAKE_PREFIX_PATH=${CMAKE_PREFIX_PATH}:/opt/ros/humble /usr/bin/cmake --install /home/adithya/gz_ws/build/testbed_description
[0.223s] DEBUG:colcon.colcon_core.event_handler.log_command:Invoked command in '/home/adithya/gz_ws/build/testbed_bringup' returned '0': CMAKE_PREFIX_PATH=${CMAKE_PREFIX_PATH}:/opt/ros/humble /usr/bin/cmake --build /home/adithya/gz_ws/build/testbed_bringup -- -j16 -l16
[0.223s] DEBUG:colcon.colcon_core.event_handler.log_command:Invoking command in '/home/adithya/gz_ws/build/testbed_bringup': CMAKE_PREFIX_PATH=${CMAKE_PREFIX_PATH}:/opt/ros/humble /usr/bin/cmake --install /home/adithya/gz_ws/build/testbed_bringup
[0.231s] Level 1:colcon.colcon_core.environment:create_environment_scripts_only(testbed_description)
[0.231s] DEBUG:colcon.colcon_core.event_handler.log_command:Invoked command in '/home/adithya/gz_ws/build/testbed_description' returned '0': CMAKE_PREFIX_PATH=${CMAKE_PREFIX_PATH}:/opt/ros/humble /usr/bin/cmake --install /home/adithya/gz_ws/build/testbed_description
[0.233s] Level 1:colcon.colcon_core.environment:checking '/home/adithya/gz_ws/install/testbed_description' for CMake module files
[0.233s] Level 1:colcon.colcon_core.environment:checking '/home/adithya/gz_ws/install/testbed_description' for CMake config files
[0.233s] Level 1:colcon.colcon_core.shell:create_environment_hook('testbed_description', 'cmake_prefix_path')
[0.233s] INFO:colcon.colcon_core.shell:Creating environment hook '/home/adithya/gz_ws/install/testbed_description/share/testbed_description/hook/cmake_prefix_path.ps1'
[0.234s] INFO:colcon.colcon_core.shell:Creating environment descriptor '/home/adithya/gz_ws/install/testbed_description/share/testbed_description/hook/cmake_prefix_path.dsv'
[0.234s] INFO:colcon.colcon_core.shell:Creating environment hook '/home/adithya/gz_ws/install/testbed_description/share/testbed_description/hook/cmake_prefix_path.sh'
[0.234s] Level 1:colcon.colcon_core.environment:checking '/home/adithya/gz_ws/install/testbed_description/bin'
[0.235s] Level 1:colcon.colcon_core.environment:checking '/home/adithya/gz_ws/install/testbed_description/lib/pkgconfig/testbed_description.pc'
[0.235s] Level 1:colcon.colcon_core.environment:checking '/home/adithya/gz_ws/install/testbed_description/lib/python3.10/site-packages'
[0.235s] Level 1:colcon.colcon_core.environment:checking '/home/adithya/gz_ws/install/testbed_description/bin'
[0.235s] INFO:colcon.colcon_core.shell:Creating package script '/home/adithya/gz_ws/install/testbed_description/share/testbed_description/package.ps1'
[0.236s] INFO:colcon.colcon_core.shell:Creating package descriptor '/home/adithya/gz_ws/install/testbed_description/share/testbed_description/package.dsv'
[0.236s] INFO:colcon.colcon_core.shell:Creating package script '/home/adithya/gz_ws/install/testbed_description/share/testbed_description/package.sh'
[0.236s] INFO:colcon.colcon_core.shell:Creating package script '/home/adithya/gz_ws/install/testbed_description/share/testbed_description/package.bash'
[0.237s] INFO:colcon.colcon_core.shell:Creating package script '/home/adithya/gz_ws/install/testbed_description/share/testbed_description/package.zsh'
[0.237s] Level 1:colcon.colcon_core.environment:create_file_with_runtime_dependencies(/home/adithya/gz_ws/install/testbed_description/share/colcon-core/packages/testbed_description)
[0.238s] Level 1:colcon.colcon_core.environment:create_environment_scripts_only(testbed_description)
[0.238s] Level 1:colcon.colcon_core.environment:checking '/home/adithya/gz_ws/install/testbed_description' for CMake module files
[0.238s] Level 1:colcon.colcon_core.environment:checking '/home/adithya/gz_ws/install/testbed_description' for CMake config files
[0.238s] Level 1:colcon.colcon_core.shell:create_environment_hook('testbed_description', 'cmake_prefix_path')
[0.239s] INFO:colcon.colcon_core.shell:Creating environment hook '/home/adithya/gz_ws/install/testbed_description/share/testbed_description/hook/cmake_prefix_path.ps1'
[0.239s] INFO:colcon.colcon_core.shell:Creating environment descriptor '/home/adithya/gz_ws/install/testbed_description/share/testbed_description/hook/cmake_prefix_path.dsv'
[0.239s] INFO:colcon.colcon_core.shell:Creating environment hook '/home/adithya/gz_ws/install/testbed_description/share/testbed_description/hook/cmake_prefix_path.sh'
[0.239s] Level 1:colcon.colcon_core.environment:checking '/home/adithya/gz_ws/install/testbed_description/bin'
[0.239s] Level 1:colcon.colcon_core.environment:checking '/home/adithya/gz_ws/install/testbed_description/lib/pkgconfig/testbed_description.pc'
[0.239s] Level 1:colcon.colcon_core.environment:checking '/home/adithya/gz_ws/install/testbed_description/lib/python3.10/site-packages'
[0.240s] Level 1:colcon.colcon_core.environment:checking '/home/adithya/gz_ws/install/testbed_description/bin'
[0.240s] INFO:colcon.colcon_core.shell:Creating package script '/home/adithya/gz_ws/install/testbed_description/share/testbed_description/package.ps1'
[0.240s] INFO:colcon.colcon_core.shell:Creating package descriptor '/home/adithya/gz_ws/install/testbed_description/share/testbed_description/package.dsv'
[0.240s] INFO:colcon.colcon_core.shell:Creating package script '/home/adithya/gz_ws/install/testbed_description/share/testbed_description/package.sh'
[0.241s] INFO:colcon.colcon_core.shell:Creating package script '/home/adithya/gz_ws/install/testbed_description/share/testbed_description/package.bash'
[0.241s] INFO:colcon.colcon_core.shell:Creating package script '/home/adithya/gz_ws/install/testbed_description/share/testbed_description/package.zsh'
[0.241s] Level 1:colcon.colcon_core.environment:create_file_with_runtime_dependencies(/home/adithya/gz_ws/install/testbed_description/share/colcon-core/packages/testbed_description)
[0.241s] Level 1:colcon.colcon_core.environment:create_environment_scripts_only(testbed_bringup)
[0.241s] Level 1:colcon.colcon_core.environment:checking '/home/adithya/gz_ws/install/testbed_bringup' for CMake module files
[0.242s] Level 1:colcon.colcon_core.environment:checking '/home/adithya/gz_ws/install/testbed_bringup' for CMake config files
[0.242s] DEBUG:colcon.colcon_core.event_handler.log_command:Invoked command in '/home/adithya/gz_ws/build/testbed_bringup' returned '0': CMAKE_PREFIX_PATH=${CMAKE_PREFIX_PATH}:/opt/ros/humble /usr/bin/cmake --install /home/adithya/gz_ws/build/testbed_bringup
[0.242s] Level 1:colcon.colcon_core.shell:create_environment_hook('testbed_bringup', 'cmake_prefix_path')
[0.242s] INFO:colcon.colcon_core.shell:Creating environment hook '/home/adithya/gz_ws/install/testbed_bringup/share/testbed_bringup/hook/cmake_prefix_path.ps1'
[0.243s] INFO:colcon.colcon_core.shell:Creating environment descriptor '/home/adithya/gz_ws/install/testbed_bringup/share/testbed_bringup/hook/cmake_prefix_path.dsv'
[0.243s] INFO:colcon.colcon_core.shell:Creating environment hook '/home/adithya/gz_ws/install/testbed_bringup/share/testbed_bringup/hook/cmake_prefix_path.sh'
[0.243s] Level 1:colcon.colcon_core.environment:checking '/home/adithya/gz_ws/install/testbed_bringup/bin'
[0.243s] Level 1:colcon.colcon_core.environment:checking '/home/adithya/gz_ws/install/testbed_bringup/lib/pkgconfig/testbed_bringup.pc'
[0.244s] Level 1:colcon.colcon_core.environment:checking '/home/adithya/gz_ws/install/testbed_bringup/lib/python3.10/site-packages'
[0.244s] Level 1:colcon.colcon_core.environment:checking '/home/adithya/gz_ws/install/testbed_bringup/bin'
[0.244s] INFO:colcon.colcon_core.shell:Creating package script '/home/adithya/gz_ws/install/testbed_bringup/share/testbed_bringup/package.ps1'
[0.244s] INFO:colcon.colcon_core.shell:Creating package descriptor '/home/adithya/gz_ws/install/testbed_bringup/share/testbed_bringup/package.dsv'
[0.245s] INFO:colcon.colcon_core.shell:Creating package script '/home/adithya/gz_ws/install/testbed_bringup/share/testbed_bringup/package.sh'
[0.245s] INFO:colcon.colcon_core.shell:Creating package script '/home/adithya/gz_ws/install/testbed_bringup/share/testbed_bringup/package.bash'
[0.245s] INFO:colcon.colcon_core.shell:Creating package script '/home/adithya/gz_ws/install/testbed_bringup/share/testbed_bringup/package.zsh'
[0.245s] Level 1:colcon.colcon_core.environment:create_file_with_runtime_dependencies(/home/adithya/gz_ws/install/testbed_bringup/share/colcon-core/packages/testbed_bringup)
[0.246s] Level 1:colcon.colcon_core.environment:create_environment_scripts_only(testbed_bringup)
[0.246s] Level 1:colcon.colcon_core.environment:checking '/home/adithya/gz_ws/install/testbed_bringup' for CMake module files
[0.246s] Level 1:colcon.colcon_core.environment:checking '/home/adithya/gz_ws/install/testbed_bringup' for CMake config files
[0.246s] Level 1:colcon.colcon_core.shell:create_environment_hook('testbed_bringup', 'cmake_prefix_path')
[0.246s] INFO:colcon.colcon_core.shell:Creating environment hook '/home/adithya/gz_ws/install/testbed_bringup/share/testbed_bringup/hook/cmake_prefix_path.ps1'
[0.247s] INFO:colcon.colcon_core.shell:Creating environment descriptor '/home/adithya/gz_ws/install/testbed_bringup/share/testbed_bringup/hook/cmake_prefix_path.dsv'
[0.247s] INFO:colcon.colcon_core.shell:Creating environment hook '/home/adithya/gz_ws/install/testbed_bringup/share/testbed_bringup/hook/cmake_prefix_path.sh'
[0.247s] Level 1:colcon.colcon_core.environment:checking '/home/adithya/gz_ws/install/testbed_bringup/bin'
[0.247s] Level 1:colcon.colcon_core.environment:checking '/home/adithya/gz_ws/install/testbed_bringup/lib/pkgconfig/testbed_bringup.pc'
[0.247s] Level 1:colcon.colcon_core.environment:checking '/home/adithya/gz_ws/install/testbed_bringup/lib/python3.10/site-packages'
[0.248s] Level 1:colcon.colcon_core.environment:checking '/home/adithya/gz_ws/install/testbed_bringup/bin'
[0.248s] INFO:colcon.colcon_core.shell:Creating package script '/home/adithya/gz_ws/install/testbed_bringup/share/testbed_bringup/package.ps1'
[0.248s] INFO:colcon.colcon_core.shell:Creating package descriptor '/home/adithya/gz_ws/install/testbed_bringup/share/testbed_bringup/package.dsv'
[0.248s] INFO:colcon.colcon_core.shell:Creating package script '/home/adithya/gz_ws/install/testbed_bringup/share/testbed_bringup/package.sh'
[0.249s] INFO:colcon.colcon_core.shell:Creating package script '/home/adithya/gz_ws/install/testbed_bringup/share/testbed_bringup/package.bash'
[0.249s] INFO:colcon.colcon_core.shell:Creating package script '/home/adithya/gz_ws/install/testbed_bringup/share/testbed_bringup/package.zsh'
[0.249s] Level 1:colcon.colcon_core.environment:create_file_with_runtime_dependencies(/home/adithya/gz_ws/install/testbed_bringup/share/colcon-core/packages/testbed_bringup)
[0.249s] INFO:colcon.colcon_ros.task.ament_cmake.build:Building ROS package in '/home/adithya/gz_ws/src/level01_ros_assignment/testbed_gazebo' with build type 'ament_cmake'
[0.249s] INFO:colcon.colcon_cmake.task.cmake.build:Building CMake package in '/home/adithya/gz_ws/src/level01_ros_assignment/testbed_gazebo'
[0.249s] INFO:colcon.colcon_core.shell:Skip shell extension 'powershell' for command environment: Not usable outside of PowerShell
[0.249s] DEBUG:colcon.colcon_core.shell:Skip shell extension 'dsv' for command environment
[0.255s] DEBUG:colcon.colcon_core.event_handler.log_command:Invoking command in '/home/adithya/gz_ws/build/testbed_gazebo': AMENT_PREFIX_PATH=/home/adithya/gz_ws/install/testbed_description:${AMENT_PREFIX_PATH} CMAKE_PREFIX_PATH=/home/adithya/gz_ws/install/testbed_description:/opt/openrobots:/opt/ros/humble /usr/bin/cmake --build /home/adithya/gz_ws/build/testbed_gazebo -- -j16 -l16
[0.285s] DEBUG:colcon.colcon_core.event_handler.log_command:Invoked command in '/home/adithya/gz_ws/build/testbed_gazebo' returned '0': AMENT_PREFIX_PATH=/home/adithya/gz_ws/install/testbed_description:${AMENT_PREFIX_PATH} CMAKE_PREFIX_PATH=/home/adithya/gz_ws/install/testbed_description:/opt/openrobots:/opt/ros/humble /usr/bin/cmake --build /home/adithya/gz_ws/build/testbed_gazebo -- -j16 -l16
[0.286s] DEBUG:colcon.colcon_core.event_handler.log_command:Invoking command in '/home/adithya/gz_ws/build/testbed_gazebo': AMENT_PREFIX_PATH=/home/adithya/gz_ws/install/testbed_description:${AMENT_PREFIX_PATH} CMAKE_PREFIX_PATH=/home/adithya/gz_ws/install/testbed_description:/opt/openrobots:/opt/ros/humble /usr/bin/cmake --install /home/adithya/gz_ws/build/testbed_gazebo
[0.295s] Level 1:colcon.colcon_core.environment:create_environment_scripts_only(testbed_gazebo)
[0.295s] Level 1:colcon.colcon_core.environment:checking '/home/adithya/gz_ws/install/testbed_gazebo' for CMake module files
[0.296s] DEBUG:colcon.colcon_core.event_handler.log_command:Invoked command in '/home/adithya/gz_ws/build/testbed_gazebo' returned '0': AMENT_PREFIX_PATH=/home/adithya/gz_ws/install/testbed_description:${AMENT_PREFIX_PATH} CMAKE_PREFIX_PATH=/home/adithya/gz_ws/install/testbed_description:/opt/openrobots:/opt/ros/humble /usr/bin/cmake --install /home/adithya/gz_ws/build/testbed_gazebo
[0.296s] Level 1:colcon.colcon_core.environment:checking '/home/adithya/gz_ws/install/testbed_gazebo' for CMake config files
[0.296s] Level 1:colcon.colcon_core.shell:create_environment_hook('testbed_gazebo', 'cmake_prefix_path')
[0.297s] INFO:colcon.colcon_core.shell:Creating environment hook '/home/adithya/gz_ws/install/testbed_gazebo/share/testbed_gazebo/hook/cmake_prefix_path.ps1'
[0.297s] INFO:colcon.colcon_core.shell:Creating environment descriptor '/home/adithya/gz_ws/install/testbed_gazebo/share/testbed_gazebo/hook/cmake_prefix_path.dsv'
[0.298s] INFO:colcon.colcon_core.shell:Creating environment hook '/home/adithya/gz_ws/install/testbed_gazebo/share/testbed_gazebo/hook/cmake_prefix_path.sh'
[0.298s] Level 1:colcon.colcon_core.environment:checking '/home/adithya/gz_ws/install/testbed_gazebo/bin'
[0.298s] Level 1:colcon.colcon_core.environment:checking '/home/adithya/gz_ws/install/testbed_gazebo/lib/pkgconfig/testbed_gazebo.pc'
[0.299s] Level 1:colcon.colcon_core.environment:checking '/home/adithya/gz_ws/install/testbed_gazebo/lib/python3.10/site-packages'
[0.299s] Level 1:colcon.colcon_core.environment:checking '/home/adithya/gz_ws/install/testbed_gazebo/bin'
[0.299s] INFO:colcon.colcon_core.shell:Creating package script '/home/adithya/gz_ws/install/testbed_gazebo/share/testbed_gazebo/package.ps1'
[0.300s] INFO:colcon.colcon_core.shell:Creating package descriptor '/home/adithya/gz_ws/install/testbed_gazebo/share/testbed_gazebo/package.dsv'
[0.300s] INFO:colcon.colcon_core.shell:Creating package script '/home/adithya/gz_ws/install/testbed_gazebo/share/testbed_gazebo/package.sh'
[0.301s] INFO:colcon.colcon_core.shell:Creating package script '/home/adithya/gz_ws/install/testbed_gazebo/share/testbed_gazebo/package.bash'
[0.301s] INFO:colcon.colcon_core.shell:Creating package script '/home/adithya/gz_ws/install/testbed_gazebo/share/testbed_gazebo/package.zsh'
[0.301s] Level 1:colcon.colcon_core.environment:create_file_with_runtime_dependencies(/home/adithya/gz_ws/install/testbed_gazebo/share/colcon-core/packages/testbed_gazebo)
[0.301s] Level 1:colcon.colcon_core.environment:create_environment_scripts_only(testbed_gazebo)
[0.301s] Level 1:colcon.colcon_core.environment:checking '/home/adithya/gz_ws/install/testbed_gazebo' for CMake module files
[0.302s] Level 1:colcon.colcon_core.environment:checking '/home/adithya/gz_ws/install/testbed_gazebo' for CMake config files
[0.302s] Level 1:colcon.colcon_core.shell:create_environment_hook('testbed_gazebo', 'cmake_prefix_path')
[0.302s] INFO:colcon.colcon_core.shell:Creating environment hook '/home/adithya/gz_ws/install/testbed_gazebo/share/testbed_gazebo/hook/cmake_prefix_path.ps1'
[0.302s] INFO:colcon.colcon_core.shell:Creating environment descriptor '/home/adithya/gz_ws/install/testbed_gazebo/share/testbed_gazebo/hook/cmake_prefix_path.dsv'
[0.303s] INFO:colcon.colcon_core.shell:Creating environment hook '/home/adithya/gz_ws/install/testbed_gazebo/share/testbed_gazebo/hook/cmake_prefix_path.sh'
[0.303s] Level 1:colcon.colcon_core.environment:checking '/home/adithya/gz_ws/install/testbed_gazebo/bin'
[0.303s] Level 1:colcon.colcon_core.environment:checking '/home/adithya/gz_ws/install/testbed_gazebo/lib/pkgconfig/testbed_gazebo.pc'
[0.303s] Level 1:colcon.colcon_core.environment:checking '/home/adithya/gz_ws/install/testbed_gazebo/lib/python3.10/site-packages'
[0.304s] Level 1:colcon.colcon_core.environment:checking '/home/adithya/gz_ws/install/testbed_gazebo/bin'
[0.304s] INFO:colcon.colcon_core.shell:Creating package script '/home/adithya/gz_ws/install/testbed_gazebo/share/testbed_gazebo/package.ps1'
[0.304s] INFO:colcon.colcon_core.shell:Creating package descriptor '/home/adithya/gz_ws/install/testbed_gazebo/share/testbed_gazebo/package.dsv'
[0.305s] INFO:colcon.colcon_core.shell:Creating package script '/home/adithya/gz_ws/install/testbed_gazebo/share/testbed_gazebo/package.sh'
[0.305s] INFO:colcon.colcon_core.shell:Creating package script '/home/adithya/gz_ws/install/testbed_gazebo/share/testbed_gazebo/package.bash'
[0.305s] INFO:colcon.colcon_core.shell:Creating package script '/home/adithya/gz_ws/install/testbed_gazebo/share/testbed_gazebo/package.zsh'
[0.306s] Level 1:colcon.colcon_core.environment:create_file_with_runtime_dependencies(/home/adithya/gz_ws/install/testbed_gazebo/share/colcon-core/packages/testbed_gazebo)
[1.239s] DEBUG:colcon.colcon_core.event_handler.log_command:Invoked command in '/home/adithya/gz_ws/build/testbed_navigation' returned '1': CMAKE_PREFIX_PATH=${CMAKE_PREFIX_PATH}:/opt/ros/humble /usr/bin/cmake /home/adithya/gz_ws/src/testbed_navigation -DCMAKE_INSTALL_PREFIX=/home/adithya/gz_ws/install/testbed_navigation
[1.251s] Level 1:colcon.colcon_core.environment:create_environment_scripts_only(testbed_navigation)
[1.252s] Level 1:colcon.colcon_core.environment:checking '/home/adithya/gz_ws/install/testbed_navigation' for CMake module files
[1.252s] Level 1:colcon.colcon_core.environment:checking '/home/adithya/gz_ws/install/testbed_navigation' for CMake config files
[1.253s] Level 1:colcon.colcon_core.environment:checking '/home/adithya/gz_ws/install/testbed_navigation/bin'
[1.253s] Level 1:colcon.colcon_core.environment:checking '/home/adithya/gz_ws/install/testbed_navigation/lib/pkgconfig/testbed_navigation.pc'
[1.253s] Level 1:colcon.colcon_core.environment:checking '/home/adithya/gz_ws/install/testbed_navigation/lib/python3.10/site-packages'
[1.254s] Level 1:colcon.colcon_core.environment:checking '/home/adithya/gz_ws/install/testbed_navigation/bin'
[1.254s] INFO:colcon.colcon_core.shell:Creating package script '/home/adithya/gz_ws/install/testbed_navigation/share/testbed_navigation/package.ps1'
[1.255s] INFO:colcon.colcon_core.shell:Creating package descriptor '/home/adithya/gz_ws/install/testbed_navigation/share/testbed_navigation/package.dsv'
[1.255s] INFO:colcon.colcon_core.shell:Creating package script '/home/adithya/gz_ws/install/testbed_navigation/share/testbed_navigation/package.sh'
[1.256s] INFO:colcon.colcon_core.shell:Creating package script '/home/adithya/gz_ws/install/testbed_navigation/share/testbed_navigation/package.bash'
[1.256s] INFO:colcon.colcon_core.shell:Creating package script '/home/adithya/gz_ws/install/testbed_navigation/share/testbed_navigation/package.zsh'
[1.257s] Level 1:colcon.colcon_core.environment:create_file_with_runtime_dependencies(/home/adithya/gz_ws/install/testbed_navigation/share/colcon-core/packages/testbed_navigation)
[1.267s] DEBUG:colcon.colcon_parallel_executor.executor.parallel:closing loop
[1.267s] DEBUG:colcon.colcon_parallel_executor.executor.parallel:loop closed
[1.267s] DEBUG:colcon.colcon_parallel_executor.executor.parallel:run_until_complete finished with '1'
[1.267s] DEBUG:colcon.colcon_core.event_reactor:joining thread
[1.274s] INFO:colcon.colcon_core.plugin_system:Skipping extension 'colcon_notification.desktop_notification.terminal_notifier': Not used on non-Darwin systems
[1.274s] INFO:colcon.colcon_core.plugin_system:Skipping extension 'colcon_notification.desktop_notification.win32': Not used on non-Windows systems
[1.274s] INFO:colcon.colcon_notification.desktop_notification:Sending desktop notification using 'notify2'
[1.287s] DEBUG:colcon.colcon_core.event_reactor:joined thread
[1.287s] INFO:colcon.colcon_core.shell:Creating prefix script '/home/adithya/gz_ws/install/local_setup.ps1'
[1.288s] INFO:colcon.colcon_core.shell:Creating prefix util module '/home/adithya/gz_ws/install/_local_setup_util_ps1.py'
[1.290s] INFO:colcon.colcon_core.shell:Creating prefix chain script '/home/adithya/gz_ws/install/setup.ps1'
[1.291s] INFO:colcon.colcon_core.shell:Creating prefix script '/home/adithya/gz_ws/install/local_setup.sh'
[1.292s] INFO:colcon.colcon_core.shell:Creating prefix util module '/home/adithya/gz_ws/install/_local_setup_util_sh.py'
[1.293s] INFO:colcon.colcon_core.shell:Creating prefix chain script '/home/adithya/gz_ws/install/setup.sh'
[1.294s] INFO:colcon.colcon_core.shell:Creating prefix script '/home/adithya/gz_ws/install/local_setup.bash'
[1.295s] INFO:colcon.colcon_core.shell:Creating prefix chain script '/home/adithya/gz_ws/install/setup.bash'
[1.296s] INFO:colcon.colcon_core.shell:Creating prefix script '/home/adithya/gz_ws/install/local_setup.zsh'
[1.297s] INFO:colcon.colcon_core.shell:Creating prefix chain script '/home/adithya/gz_ws/install/setup.zsh'
