[0.008s] Invoking command in '/home/adithya/gz_ws/build/leg_assembly': CMAKE_PREFIX_PATH=/opt/ros/humble /usr/bin/cmake /home/adithya/gz_ws/src/leg_assembly -DCMAKE_INSTALL_PREFIX=/home/adithya/gz_ws/install/leg_assembly
[0.249s] -- The C compiler identification is GNU 11.4.0
[0.308s] -- The CXX compiler identification is GNU 11.4.0
[0.317s] -- Detecting C compiler ABI info
[0.434s] -- Detecting C compiler ABI info - done
[0.441s] -- Check for working C compiler: /usr/bin/cc - skipped
[0.442s] -- Detecting C compile features
[0.443s] -- Detecting C compile features - done
[0.446s] -- Detecting CXX compiler ABI info
[0.534s] -- Detecting CXX compiler ABI info - done
[0.539s] -- Check for working CXX compiler: /usr/bin/c++ - skipped
[0.539s] -- Detecting CXX compile features
[0.540s] -- Detecting CXX compile features - done
[0.546s] -- Found ament_cmake: 1.3.12 (/opt/ros/humble/share/ament_cmake/cmake)
[0.656s] -- Found Python3: /usr/bin/python3 (found version "3.10.12") found components: Interpreter 
[0.729s] -- Found rclcpp: 16.0.16 (/opt/ros/humble/share/rclcpp/cmake)
[0.762s] -- Found rosidl_generator_c: 3.1.7 (/opt/ros/humble/share/rosidl_generator_c/cmake)
[0.766s] -- Found rosidl_adapter: 3.1.7 (/opt/ros/humble/share/rosidl_adapter/cmake)
[0.772s] -- Found rosidl_generator_cpp: 3.1.7 (/opt/ros/humble/share/rosidl_generator_cpp/cmake)
[0.781s] -- Using all available rosidl_typesupport_c: rosidl_typesupport_fastrtps_c;rosidl_typesupport_introspection_c
[0.796s] -- Using all available rosidl_typesupport_cpp: rosidl_typesupport_fastrtps_cpp;rosidl_typesupport_introspection_cpp
[0.828s] -- Found rmw_implementation_cmake: 6.1.2 (/opt/ros/humble/share/rmw_implementation_cmake/cmake)
[0.829s] -- Found rmw_fastrtps_cpp: 6.2.9 (/opt/ros/humble/share/rmw_fastrtps_cpp/cmake)
[0.909s] -- Found OpenSSL: /usr/lib/x86_64-linux-gnu/libcrypto.so (found version "3.0.2")  
[0.938s] -- Found FastRTPS: /opt/ros/humble/include  
[0.968s] -- Using RMW implementation 'rmw_fastrtps_cpp' as default
[0.975s] -- Looking for pthread.h
[1.048s] -- Looking for pthread.h - found
[1.048s] -- Performing Test CMAKE_HAVE_LIBC_PTHREAD
[1.110s] -- Performing Test CMAKE_HAVE_LIBC_PTHREAD - Success
[1.111s] -- Found Threads: TRUE  
[1.164s] -- Found gazebo_ros: 3.9.0 (/opt/ros/humble/share/gazebo_ros/cmake)
[1.174s] -- Found PkgConfig: /usr/bin/pkg-config (found version "0.29.2") 
[1.176s] -- Checking for module 'bullet>=2.82'
[1.188s] --   Found bullet, version 3.05
[1.291s] -- Found fcl: /usr/include (found suitable version "0.7.0", minimum required is "0.5.0") 
[1.335s] -- Found assimp: /usr/include (found version "5.2.0") 
[1.349s] -- Found DART: /usr/include (Required is at least version "6.6") found components: dart 
[1.372s] -- Found Boost: /usr/lib/x86_64-linux-gnu/cmake/Boost-1.74.0/BoostConfig.cmake (found suitable version "1.74.0", minimum required is "1.40.0") found components: thread system filesystem program_options regex iostreams date_time 
[1.382s] -- Found Protobuf: /usr/lib/x86_64-linux-gnu/libprotobuf.so (found version "3.12.4") 
[1.386s] -- Looking for ignition-math6 -- found version 6.15.1
[1.390s] -- Searching for dependencies of ignition-math6
[1.391s] -- Looking for OGRE...
[1.391s] -- OGRE_PREFIX_WATCH changed.
[1.395s] -- Checking for module 'OGRE'
[1.406s] --   Found OGRE, version 1.9.0
[1.435s] -- Found Ogre Ghadamon (1.9.0)
[1.442s] -- Found OGRE: optimized;/usr/lib/x86_64-linux-gnu/libOgreMain.so;debug;/usr/lib/x86_64-linux-gnu/libOgreMain.so
[1.451s] -- Looking for OGRE_Paging...
[1.455s] -- Found OGRE_Paging: optimized;/usr/lib/x86_64-linux-gnu/libOgrePaging.so;debug;/usr/lib/x86_64-linux-gnu/libOgrePaging.so
[1.455s] -- Looking for OGRE_Terrain...
[1.459s] -- Found OGRE_Terrain: optimized;/usr/lib/x86_64-linux-gnu/libOgreTerrain.so;debug;/usr/lib/x86_64-linux-gnu/libOgreTerrain.so
[1.459s] -- Looking for OGRE_Property...
[1.462s] -- Found OGRE_Property: optimized;/usr/lib/x86_64-linux-gnu/libOgreProperty.so;debug;/usr/lib/x86_64-linux-gnu/libOgreProperty.so
[1.462s] -- Looking for OGRE_RTShaderSystem...
[1.466s] -- Found OGRE_RTShaderSystem: optimized;/usr/lib/x86_64-linux-gnu/libOgreRTShaderSystem.so;debug;/usr/lib/x86_64-linux-gnu/libOgreRTShaderSystem.so
[1.466s] -- Looking for OGRE_Volume...
[1.469s] -- Found OGRE_Volume: optimized;/usr/lib/x86_64-linux-gnu/libOgreVolume.so;debug;/usr/lib/x86_64-linux-gnu/libOgreVolume.so
[1.469s] -- Looking for OGRE_Overlay...
[1.474s] -- Found OGRE_Overlay: optimized;/usr/lib/x86_64-linux-gnu/libOgreOverlay.so;debug;/usr/lib/x86_64-linux-gnu/libOgreOverlay.so
[1.545s] -- Looking for ignition-math6 -- found version 6.15.1
[1.550s] -- Looking for ignition-transport8 -- found version 8.2.1
[1.550s] -- Searching for dependencies of ignition-transport8
[1.564s] -- Found Protobuf: /usr/lib/x86_64-linux-gnu/libprotobuf.so (found suitable version "3.12.4", minimum required is "3") 
[1.574s] -- Config-file not installed for ZeroMQ -- checking for pkg-config
[1.579s] -- Checking for module 'libzmq >= 4'
[1.592s] --   Found libzmq , version 4.3.4
[1.631s] -- Found ZeroMQ: TRUE (Required is at least version "4") 
[1.641s] -- Checking for module 'uuid'
[1.659s] --   Found uuid, version 2.37.2
[1.691s] -- Found UUID: TRUE  
[1.692s] -- Looking for ignition-msgs5 -- found version 5.8.1
[1.693s] -- Searching for dependencies of ignition-msgs5
[1.706s] -- Looking for ignition-math6 -- found version 6.15.1
[1.710s] -- Checking for module 'tinyxml2'
[1.726s] --   Found tinyxml2, version 9.0.0
[1.755s] -- Looking for ignition-msgs5 -- found version 5.8.1
[1.758s] -- Looking for ignition-common3 -- found version 3.14.0
[1.758s] -- Searching for dependencies of ignition-common3
[1.758s] -- Looking for dlfcn.h - found
[1.759s] -- Looking for libdl - found
[1.760s] -- Found DL: TRUE  
[1.772s] -- Found tinyobjloader: /usr/lib/x86_64-linux-gnu/cmake/tinyobjloader/tinyobjloader-config.cmake (found version "2.0.0") 
[1.772s] -- Searching for <ignition-common3> component [graphics]
[1.774s] -- Looking for ignition-common3-graphics -- found version 3.14.0
[1.774s] -- Searching for dependencies of ignition-common3-graphics
[1.774s] -- Looking for ignition-math6 -- found version 6.15.1
[1.776s] -- Looking for ignition-fuel_tools4 -- found version 4.4.0
[1.777s] -- Searching for dependencies of ignition-fuel_tools4
[1.843s] -- Found CURL: /usr/lib/x86_64-linux-gnu/libcurl.so (found version "7.81.0")  
[1.850s] -- Checking for module 'jsoncpp'
[1.863s] --   Found jsoncpp, version 1.9.5
[1.894s] -- Found JSONCPP: TRUE  
[1.899s] -- Checking for module 'libzip'
[1.910s] --   Found libzip, version 1.7.3
[1.939s] -- Found ZIP: TRUE  
[1.939s] -- Looking for ignition-common3 -- found version 3.14.0
[1.940s] -- Looking for ignition-math6 -- found version 6.15.1
[1.940s] -- Looking for ignition-msgs5 -- found version 5.8.1
[1.943s] -- Gazebo version: 11.10
[1.943s] -- Checking for module 'tbb'
[1.956s] --   Found tbb, version 2021.5.0
[2.049s] -- Configuring done
[2.052s] -- Generating done
[2.054s] -- Build files have been written to: /home/adithya/gz_ws/build/leg_assembly
[2.063s] Invoked command in '/home/adithya/gz_ws/build/leg_assembly' returned '0': CMAKE_PREFIX_PATH=/opt/ros/humble /usr/bin/cmake /home/adithya/gz_ws/src/leg_assembly -DCMAKE_INSTALL_PREFIX=/home/adithya/gz_ws/install/leg_assembly
[2.065s] Invoking command in '/home/adithya/gz_ws/build/leg_assembly': CMAKE_PREFIX_PATH=/opt/ros/humble /usr/bin/cmake --build /home/adithya/gz_ws/build/leg_assembly -- -j16 -l16
[2.101s] Invoked command in '/home/adithya/gz_ws/build/leg_assembly' returned '0': CMAKE_PREFIX_PATH=/opt/ros/humble /usr/bin/cmake --build /home/adithya/gz_ws/build/leg_assembly -- -j16 -l16
[2.109s] Invoking command in '/home/adithya/gz_ws/build/leg_assembly': CMAKE_PREFIX_PATH=/opt/ros/humble /usr/bin/cmake --install /home/adithya/gz_ws/build/leg_assembly
[2.116s] -- Install configuration: ""
[2.116s] -- Installing: /home/adithya/gz_ws/install/leg_assembly/share/leg_assembly/config
[2.116s] -- Installing: /home/adithya/gz_ws/install/leg_assembly/share/leg_assembly/config/joint_names_leg_assembly.yaml
[2.116s] -- Installing: /home/adithya/gz_ws/install/leg_assembly/share/leg_assembly/launch
[2.116s] -- Installing: /home/adithya/gz_ws/install/leg_assembly/share/leg_assembly/launch/gazebo.launch.py
[2.116s] -- Installing: /home/adithya/gz_ws/install/leg_assembly/share/leg_assembly/launch/display.launch.py
[2.117s] -- Installing: /home/adithya/gz_ws/install/leg_assembly/share/leg_assembly/launch/gazebo.launch
[2.117s] -- Installing: /home/adithya/gz_ws/install/leg_assembly/share/leg_assembly/meshes
[2.117s] -- Installing: /home/adithya/gz_ws/install/leg_assembly/share/leg_assembly/meshes/finger_link_right.STL
[2.117s] -- Installing: /home/adithya/gz_ws/install/leg_assembly/share/leg_assembly/meshes/finger_tip_right.STL
[2.117s] -- Installing: /home/adithya/gz_ws/install/leg_assembly/share/leg_assembly/meshes/finger_link_left.STL
[2.117s] -- Installing: /home/adithya/gz_ws/install/leg_assembly/share/leg_assembly/meshes/finger_tip_left.STL
[2.117s] -- Installing: /home/adithya/gz_ws/install/leg_assembly/share/leg_assembly/meshes/link_3.STL
[2.117s] -- Installing: /home/adithya/gz_ws/install/leg_assembly/share/leg_assembly/meshes/link_1.STL
[2.117s] -- Installing: /home/adithya/gz_ws/install/leg_assembly/share/leg_assembly/meshes/base_link.STL
[2.118s] -- Installing: /home/adithya/gz_ws/install/leg_assembly/share/leg_assembly/meshes/end_effector.STL
[2.118s] -- Installing: /home/adithya/gz_ws/install/leg_assembly/share/leg_assembly/meshes/link_4.STL
[2.118s] -- Installing: /home/adithya/gz_ws/install/leg_assembly/share/leg_assembly/meshes/link_2.STL
[2.119s] -- Installing: /home/adithya/gz_ws/install/leg_assembly/share/leg_assembly/urdf
[2.119s] -- Installing: /home/adithya/gz_ws/install/leg_assembly/share/leg_assembly/urdf/leg_assembly.csv
[2.119s] -- Installing: /home/adithya/gz_ws/install/leg_assembly/share/leg_assembly/urdf/leg_assembly_gpt.urdf
[2.119s] -- Installing: /home/adithya/gz_ws/install/leg_assembly/share/leg_assembly/urdf/leg_assembly.urdf
[2.119s] -- Installing: /home/adithya/gz_ws/install/leg_assembly/share/leg_assembly/worlds
[2.119s] -- Installing: /home/adithya/gz_ws/install/leg_assembly/share/leg_assembly/worlds/empty_world.world
[2.120s] -- Installing: /home/adithya/gz_ws/install/leg_assembly/share/leg_assembly/worlds/empty.world
[2.120s] -- Installing: /home/adithya/gz_ws/install/leg_assembly/share/ament_index/resource_index/package_run_dependencies/leg_assembly
[2.120s] -- Installing: /home/adithya/gz_ws/install/leg_assembly/share/ament_index/resource_index/parent_prefix_path/leg_assembly
[2.120s] -- Installing: /home/adithya/gz_ws/install/leg_assembly/share/leg_assembly/environment/ament_prefix_path.sh
[2.120s] -- Installing: /home/adithya/gz_ws/install/leg_assembly/share/leg_assembly/environment/ament_prefix_path.dsv
[2.120s] -- Installing: /home/adithya/gz_ws/install/leg_assembly/share/leg_assembly/environment/path.sh
[2.120s] -- Installing: /home/adithya/gz_ws/install/leg_assembly/share/leg_assembly/environment/path.dsv
[2.120s] -- Installing: /home/adithya/gz_ws/install/leg_assembly/share/leg_assembly/local_setup.bash
[2.120s] -- Installing: /home/adithya/gz_ws/install/leg_assembly/share/leg_assembly/local_setup.sh
[2.120s] -- Installing: /home/adithya/gz_ws/install/leg_assembly/share/leg_assembly/local_setup.zsh
[2.120s] -- Installing: /home/adithya/gz_ws/install/leg_assembly/share/leg_assembly/local_setup.dsv
[2.121s] -- Installing: /home/adithya/gz_ws/install/leg_assembly/share/leg_assembly/package.dsv
[2.121s] -- Installing: /home/adithya/gz_ws/install/leg_assembly/share/ament_index/resource_index/packages/leg_assembly
[2.121s] -- Installing: /home/adithya/gz_ws/install/leg_assembly/share/leg_assembly/cmake/leg_assemblyConfig.cmake
[2.121s] -- Installing: /home/adithya/gz_ws/install/leg_assembly/share/leg_assembly/cmake/leg_assemblyConfig-version.cmake
[2.121s] -- Installing: /home/adithya/gz_ws/install/leg_assembly/share/leg_assembly/package.xml
[2.122s] Invoked command in '/home/adithya/gz_ws/build/leg_assembly' returned '0': CMAKE_PREFIX_PATH=/opt/ros/humble /usr/bin/cmake --install /home/adithya/gz_ws/build/leg_assembly
