[0.013s] Invoking command in '/home/adithya/gz_ws/build/pointcloud_to_laserscan': CMAKE_PREFIX_PATH=${CMAKE_PREFIX_PATH}:/opt/ros/humble /usr/bin/cmake /home/adithya/gz_ws/src/pointcloud_to_laserscan -DCMAKE_INSTALL_PREFIX=/home/adithya/gz_ws/install/pointcloud_to_laserscan
[0.273s] -- The C compiler identification is GNU 11.4.0
[0.429s] -- The CXX compiler identification is GNU 11.4.0
[0.442s] -- Detecting C compiler ABI info
[0.525s] -- Detecting C compiler ABI info - done
[0.535s] -- Check for working C compiler: /usr/bin/cc - skipped
[0.536s] -- Detecting C compile features
[0.537s] -- Detecting C compile features - done
[0.541s] -- Detecting CXX compiler ABI info
[0.631s] -- Detecting CXX compiler ABI info - done
[0.640s] -- Check for working CXX compiler: /usr/bin/c++ - skipped
[0.640s] -- Detecting CXX compile features
[0.641s] -- Detecting CXX compile features - done
[0.649s] -- Found ament_cmake: 1.3.14 (/opt/ros/humble/share/ament_cmake/cmake)
[0.941s] -- Found Python3: /usr/bin/python3 (found version "3.10.12") found components: Interpreter 
[1.053s] -- Found laser_geometry: 2.4.1 (/opt/ros/humble/share/laser_geometry/cmake)
[1.131s] -- Found rosidl_generator_c: 3.1.8 (/opt/ros/humble/share/rosidl_generator_c/cmake)
[1.137s] -- Found rosidl_adapter: 3.1.8 (/opt/ros/humble/share/rosidl_adapter/cmake)
[1.149s] -- Found rosidl_generator_cpp: 3.1.8 (/opt/ros/humble/share/rosidl_generator_cpp/cmake)
[1.164s] -- Using all available rosidl_typesupport_c: rosidl_typesupport_fastrtps_c;rosidl_typesupport_introspection_c
[1.183s] -- Using all available rosidl_typesupport_cpp: rosidl_typesupport_fastrtps_cpp;rosidl_typesupport_introspection_cpp
[1.237s] -- Found rmw_implementation_cmake: 6.1.2 (/opt/ros/humble/share/rmw_implementation_cmake/cmake)
[1.241s] -- Found rmw_fastrtps_cpp: 6.2.10 (/opt/ros/humble/share/rmw_fastrtps_cpp/cmake)
[1.355s] -- Found OpenSSL: /usr/lib/x86_64-linux-gnu/libcrypto.so (found version "3.0.2")  
[1.389s] -- Found FastRTPS: /opt/ros/humble/include  
[1.426s] -- Using RMW implementation 'rmw_fastrtps_cpp' as default
[1.437s] -- Looking for pthread.h
[1.533s] -- Looking for pthread.h - found
[1.533s] -- Performing Test CMAKE_HAVE_LIBC_PTHREAD
[1.617s] -- Performing Test CMAKE_HAVE_LIBC_PTHREAD - Success
[1.619s] -- Found Threads: TRUE  
[1.753s] -- Found message_filters: 4.3.16 (/opt/ros/humble/share/message_filters/cmake)
[1.758s] -- Found rclcpp_components: 16.0.19 (/opt/ros/humble/share/rclcpp_components/cmake)
[1.785s] -- Found tf2_ros: 0.25.20 (/opt/ros/humble/share/tf2_ros/cmake)
[1.857s] -- Found tf2_sensor_msgs: 0.25.20 (/opt/ros/humble/share/tf2_sensor_msgs/cmake)
[1.863s] -- Found ament_lint_auto: 0.12.15 (/opt/ros/humble/share/ament_lint_auto/cmake)
[1.930s] -- Added test 'cppcheck' to perform static code analysis on C / C++ code
[1.931s] -- Configured cppcheck include dirs: $<BUILD_INTERFACE:/home/adithya/gz_ws/src/pointcloud_to_laserscan/include>
[1.931s] -- Configured cppcheck exclude dirs and/or files: 
[1.932s] -- Added test 'cpplint' to check C / C++ code against the Google style
[1.932s] -- Configured cpplint exclude dirs and/or files: 
[1.933s] -- Added test 'flake8' to check Python code syntax and style conventions
[1.934s] -- Added test 'lint_cmake' to check CMake code style
[1.934s] -- Added test 'pep257' to check Python code against some of the docstring style conventions in PEP 257
[1.936s] -- Added test 'uncrustify' to check C / C++ code style
[1.936s] -- Configured uncrustify additional arguments: 
[1.937s] -- Added test 'xmllint' to check XML markup files
[1.938s] -- Configuring done
[1.942s] [31mCMake Error at CMakeLists.txt:15 (add_library):
[1.942s]   Target "laserscan_to_pointcloud" links to target
[1.942s]   "tf2_sensor_msgs::tf2_sensor_msgs" but the target was not found.  Perhaps a
[1.942s]   find_package() call is missing for an IMPORTED target, or an ALIAS target
[1.942s]   is missing?
[1.942s] 
[1.942s] [0m
[1.942s] [31mCMake Error at CMakeLists.txt:36 (add_library):
[1.942s]   Target "pointcloud_to_laserscan" links to target
[1.942s]   "tf2_sensor_msgs::tf2_sensor_msgs" but the target was not found.  Perhaps a
[1.942s]   find_package() call is missing for an IMPORTED target, or an ALIAS target
[1.942s]   is missing?
[1.942s] 
[1.942s] [0m
[1.954s] -- Generating done
[1.955s] [0mCMake Generate step failed.  Build files cannot be regenerated correctly.[0m
[1.962s] Invoked command in '/home/adithya/gz_ws/build/pointcloud_to_laserscan' returned '1': CMAKE_PREFIX_PATH=${CMAKE_PREFIX_PATH}:/opt/ros/humble /usr/bin/cmake /home/adithya/gz_ws/src/pointcloud_to_laserscan -DCMAKE_INSTALL_PREFIX=/home/adithya/gz_ws/install/pointcloud_to_laserscan
