[0.007s] Invoking command in '/home/adithya/gz_ws/build/teleop_collision': CMAKE_PREFIX_PATH=${CMAKE_PREFIX_PATH}:/opt/ros/humble /usr/bin/cmake --build /home/adithya/gz_ws/build/teleop_collision -- -j16 -l16
[0.079s] [100%] Built target teleop_collision
[0.085s] Invoked command in '/home/adithya/gz_ws/build/teleop_collision' returned '0': CMAKE_PREFIX_PATH=${CMAKE_PREFIX_PATH}:/opt/ros/humble /usr/bin/cmake --build /home/adithya/gz_ws/build/teleop_collision -- -j16 -l16
[0.087s] Invoking command in '/home/adithya/gz_ws/build/teleop_collision': CMAKE_PREFIX_PATH=${CMAKE_PREFIX_PATH}:/opt/ros/humble /usr/bin/cmake --install /home/adithya/gz_ws/build/teleop_collision
[0.095s] -- Install configuration: ""
[0.096s] -- Up-to-date: /home/adithya/gz_ws/install/teleop_collision/lib/teleop_collision/teleop_collision
[0.096s] -- Up-to-date: /home/adithya/gz_ws/install/teleop_collision/share/ament_index/resource_index/package_run_dependencies/teleop_collision
[0.096s] -- Up-to-date: /home/adithya/gz_ws/install/teleop_collision/share/ament_index/resource_index/parent_prefix_path/teleop_collision
[0.096s] -- Up-to-date: /home/adithya/gz_ws/install/teleop_collision/share/teleop_collision/environment/ament_prefix_path.sh
[0.096s] -- Up-to-date: /home/adithya/gz_ws/install/teleop_collision/share/teleop_collision/environment/ament_prefix_path.dsv
[0.096s] -- Up-to-date: /home/adithya/gz_ws/install/teleop_collision/share/teleop_collision/environment/path.sh
[0.096s] -- Up-to-date: /home/adithya/gz_ws/install/teleop_collision/share/teleop_collision/environment/path.dsv
[0.096s] -- Up-to-date: /home/adithya/gz_ws/install/teleop_collision/share/teleop_collision/local_setup.bash
[0.096s] -- Up-to-date: /home/adithya/gz_ws/install/teleop_collision/share/teleop_collision/local_setup.sh
[0.096s] -- Up-to-date: /home/adithya/gz_ws/install/teleop_collision/share/teleop_collision/local_setup.zsh
[0.097s] -- Up-to-date: /home/adithya/gz_ws/install/teleop_collision/share/teleop_collision/local_setup.dsv
[0.097s] -- Installing: /home/adithya/gz_ws/install/teleop_collision/share/teleop_collision/package.dsv
[0.097s] -- Up-to-date: /home/adithya/gz_ws/install/teleop_collision/share/ament_index/resource_index/packages/teleop_collision
[0.097s] -- Up-to-date: /home/adithya/gz_ws/install/teleop_collision/share/teleop_collision/cmake/teleop_collisionConfig.cmake
[0.097s] -- Up-to-date: /home/adithya/gz_ws/install/teleop_collision/share/teleop_collision/cmake/teleop_collisionConfig-version.cmake
[0.097s] -- Up-to-date: /home/adithya/gz_ws/install/teleop_collision/share/teleop_collision/package.xml
[0.099s] Invoked command in '/home/adithya/gz_ws/build/teleop_collision' returned '0': CMAKE_PREFIX_PATH=${CMAKE_PREFIX_PATH}:/opt/ros/humble /usr/bin/cmake --install /home/adithya/gz_ws/build/teleop_collision
