[0.080s] DEBUG:colcon:Command line arguments: ['/usr/bin/colcon', 'build']
[0.080s] DEBUG:colcon:Parsed command line arguments: Namespace(log_base=None, log_level=None, verb_name='build', build_base='build', install_base='install', merge_install=False, symlink_install=False, test_result_base=None, continue_on_error=False, executor='parallel', parallel_workers=16, event_handlers=None, ignore_user_meta=False, metas=['./colcon.meta'], base_paths=['.'], packages_ignore=None, packages_ignore_regex=None, paths=None, packages_up_to=None, packages_up_to_regex=None, packages_above=None, packages_above_and_dependencies=None, packages_above_depth=None, packages_select_by_dep=None, packages_skip_by_dep=None, packages_skip_up_to=None, packages_select_build_failed=False, packages_skip_build_finished=False, packages_select_test_failures=False, packages_skip_test_passed=False, packages_select=None, packages_skip=None, packages_select_regex=None, packages_skip_regex=None, packages_start=None, packages_end=None, allow_overriding=[], cmake_args=None, cmake_target=None, cmake_target_skip_unavailable=False, cmake_clean_cache=False, cmake_clean_first=False, cmake_force_configure=False, ament_cmake_args=None, catkin_cmake_args=None, catkin_skip_building_tests=False, mixin_files=None, mixin=None, verb_parser=<colcon_mixin.mixin.mixin_argument.MixinArgumentDecorator object at 0x7c6aeb61e380>, verb_extension=<colcon_core.verb.build.BuildVerb object at 0x7c6aeb61d720>, main=<bound method BuildVerb.main of <colcon_core.verb.build.BuildVerb object at 0x7c6aeb61d720>>, mixin_verb=('build',))
[0.191s] Level 1:colcon.colcon_core.package_discovery:discover_packages(colcon_meta) check parameters
[0.191s] Level 1:colcon.colcon_core.package_discovery:discover_packages(recursive) check parameters
[0.191s] Level 1:colcon.colcon_core.package_discovery:discover_packages(ignore) check parameters
[0.192s] Level 1:colcon.colcon_core.package_discovery:discover_packages(path) check parameters
[0.192s] Level 1:colcon.colcon_core.package_discovery:discover_packages(colcon_meta) discover
[0.192s] Level 1:colcon.colcon_core.package_discovery:discover_packages(recursive) discover
[0.192s] INFO:colcon.colcon_core.package_discovery:Crawling recursively for packages in '/home/adithya/gz_ws'
[0.192s] Level 1:colcon.colcon_core.package_identification:_identify(.) by extensions ['ignore', 'ignore_ament_install']
[0.192s] Level 1:colcon.colcon_core.package_identification:_identify(.) by extension 'ignore'
[0.192s] Level 1:colcon.colcon_core.package_identification:_identify(.) by extension 'ignore_ament_install'
[0.192s] Level 1:colcon.colcon_core.package_identification:_identify(.) by extensions ['colcon_pkg']
[0.192s] Level 1:colcon.colcon_core.package_identification:_identify(.) by extension 'colcon_pkg'
[0.192s] Level 1:colcon.colcon_core.package_identification:_identify(.) by extensions ['colcon_meta']
[0.192s] Level 1:colcon.colcon_core.package_identification:_identify(.) by extension 'colcon_meta'
[0.192s] Level 1:colcon.colcon_core.package_identification:_identify(.) by extensions ['ros']
[0.192s] Level 1:colcon.colcon_core.package_identification:_identify(.) by extension 'ros'
[0.206s] Level 1:colcon.colcon_core.package_identification:_identify(.) by extensions ['cmake', 'python']
[0.206s] Level 1:colcon.colcon_core.package_identification:_identify(.) by extension 'cmake'
[0.206s] Level 1:colcon.colcon_core.package_identification:_identify(.) by extension 'python'
[0.206s] Level 1:colcon.colcon_core.package_identification:_identify(.) by extensions ['python_setup_py']
[0.206s] Level 1:colcon.colcon_core.package_identification:_identify(.) by extension 'python_setup_py'
[0.206s] Level 1:colcon.colcon_core.package_identification:_identify(build) by extensions ['ignore', 'ignore_ament_install']
[0.207s] Level 1:colcon.colcon_core.package_identification:_identify(build) by extension 'ignore'
[0.207s] Level 1:colcon.colcon_core.package_identification:_identify(build) ignored
[0.207s] Level 1:colcon.colcon_core.package_identification:_identify(install) by extensions ['ignore', 'ignore_ament_install']
[0.207s] Level 1:colcon.colcon_core.package_identification:_identify(install) by extension 'ignore'
[0.207s] Level 1:colcon.colcon_core.package_identification:_identify(install) ignored
[0.207s] Level 1:colcon.colcon_core.package_identification:_identify(log) by extensions ['ignore', 'ignore_ament_install']
[0.207s] Level 1:colcon.colcon_core.package_identification:_identify(log) by extension 'ignore'
[0.207s] Level 1:colcon.colcon_core.package_identification:_identify(log) ignored
[0.207s] Level 1:colcon.colcon_core.package_identification:_identify(src) by extensions ['ignore', 'ignore_ament_install']
[0.207s] Level 1:colcon.colcon_core.package_identification:_identify(src) by extension 'ignore'
[0.207s] Level 1:colcon.colcon_core.package_identification:_identify(src) by extension 'ignore_ament_install'
[0.207s] Level 1:colcon.colcon_core.package_identification:_identify(src) by extensions ['colcon_pkg']
[0.207s] Level 1:colcon.colcon_core.package_identification:_identify(src) by extension 'colcon_pkg'
[0.207s] Level 1:colcon.colcon_core.package_identification:_identify(src) by extensions ['colcon_meta']
[0.207s] Level 1:colcon.colcon_core.package_identification:_identify(src) by extension 'colcon_meta'
[0.207s] Level 1:colcon.colcon_core.package_identification:_identify(src) by extensions ['ros']
[0.207s] Level 1:colcon.colcon_core.package_identification:_identify(src) by extension 'ros'
[0.207s] Level 1:colcon.colcon_core.package_identification:_identify(src) by extensions ['cmake', 'python']
[0.207s] Level 1:colcon.colcon_core.package_identification:_identify(src) by extension 'cmake'
[0.207s] Level 1:colcon.colcon_core.package_identification:_identify(src) by extension 'python'
[0.207s] Level 1:colcon.colcon_core.package_identification:_identify(src) by extensions ['python_setup_py']
[0.207s] Level 1:colcon.colcon_core.package_identification:_identify(src) by extension 'python_setup_py'
[0.207s] Level 1:colcon.colcon_core.package_identification:_identify(src/leg_assembly) by extensions ['ignore', 'ignore_ament_install']
[0.207s] Level 1:colcon.colcon_core.package_identification:_identify(src/leg_assembly) by extension 'ignore'
[0.207s] Level 1:colcon.colcon_core.package_identification:_identify(src/leg_assembly) by extension 'ignore_ament_install'
[0.207s] Level 1:colcon.colcon_core.package_identification:_identify(src/leg_assembly) by extensions ['colcon_pkg']
[0.207s] Level 1:colcon.colcon_core.package_identification:_identify(src/leg_assembly) by extension 'colcon_pkg'
[0.207s] Level 1:colcon.colcon_core.package_identification:_identify(src/leg_assembly) by extensions ['colcon_meta']
[0.207s] Level 1:colcon.colcon_core.package_identification:_identify(src/leg_assembly) by extension 'colcon_meta'
[0.207s] Level 1:colcon.colcon_core.package_identification:_identify(src/leg_assembly) by extensions ['ros']
[0.207s] Level 1:colcon.colcon_core.package_identification:_identify(src/leg_assembly) by extension 'ros'
[0.209s] DEBUG:colcon.colcon_core.package_identification:Package 'src/leg_assembly' with type 'ros.ament_cmake' and name 'leg_assembly'
[0.209s] Level 1:colcon.colcon_core.package_identification:_identify(src/leg_assembly_moveit_config) by extensions ['ignore', 'ignore_ament_install']
[0.210s] Level 1:colcon.colcon_core.package_identification:_identify(src/leg_assembly_moveit_config) by extension 'ignore'
[0.210s] Level 1:colcon.colcon_core.package_identification:_identify(src/leg_assembly_moveit_config) by extension 'ignore_ament_install'
[0.210s] Level 1:colcon.colcon_core.package_identification:_identify(src/leg_assembly_moveit_config) by extensions ['colcon_pkg']
[0.210s] Level 1:colcon.colcon_core.package_identification:_identify(src/leg_assembly_moveit_config) by extension 'colcon_pkg'
[0.210s] Level 1:colcon.colcon_core.package_identification:_identify(src/leg_assembly_moveit_config) by extensions ['colcon_meta']
[0.210s] Level 1:colcon.colcon_core.package_identification:_identify(src/leg_assembly_moveit_config) by extension 'colcon_meta'
[0.210s] Level 1:colcon.colcon_core.package_identification:_identify(src/leg_assembly_moveit_config) by extensions ['ros']
[0.210s] Level 1:colcon.colcon_core.package_identification:_identify(src/leg_assembly_moveit_config) by extension 'ros'
[0.210s] DEBUG:colcon.colcon_core.package_identification:Package 'src/leg_assembly_moveit_config' with type 'ros.ament_cmake' and name 'leg_assembly_moveit_config'
[0.210s] Level 1:colcon.colcon_core.package_identification:_identify(src/teleop_collision) by extensions ['ignore', 'ignore_ament_install']
[0.211s] Level 1:colcon.colcon_core.package_identification:_identify(src/teleop_collision) by extension 'ignore'
[0.211s] Level 1:colcon.colcon_core.package_identification:_identify(src/teleop_collision) by extension 'ignore_ament_install'
[0.211s] Level 1:colcon.colcon_core.package_identification:_identify(src/teleop_collision) by extensions ['colcon_pkg']
[0.211s] Level 1:colcon.colcon_core.package_identification:_identify(src/teleop_collision) by extension 'colcon_pkg'
[0.211s] Level 1:colcon.colcon_core.package_identification:_identify(src/teleop_collision) by extensions ['colcon_meta']
[0.211s] Level 1:colcon.colcon_core.package_identification:_identify(src/teleop_collision) by extension 'colcon_meta'
[0.211s] Level 1:colcon.colcon_core.package_identification:_identify(src/teleop_collision) by extensions ['ros']
[0.211s] Level 1:colcon.colcon_core.package_identification:_identify(src/teleop_collision) by extension 'ros'
[0.211s] DEBUG:colcon.colcon_core.package_identification:Package 'src/teleop_collision' with type 'ros.ament_cmake' and name 'teleop_collision'
[0.211s] Level 1:colcon.colcon_core.package_discovery:discover_packages(recursive) using defaults
[0.211s] Level 1:colcon.colcon_core.package_discovery:discover_packages(ignore) discover
[0.211s] Level 1:colcon.colcon_core.package_discovery:discover_packages(ignore) using defaults
[0.211s] Level 1:colcon.colcon_core.package_discovery:discover_packages(path) discover
[0.211s] Level 1:colcon.colcon_core.package_discovery:discover_packages(path) using defaults
[0.225s] Level 1:colcon.colcon_core.package_discovery:discover_packages(prefix_path) check parameters
[0.225s] Level 1:colcon.colcon_core.package_discovery:discover_packages(prefix_path) discover
[0.227s] DEBUG:colcon.colcon_installed_package_information.package_discovery:Found 490 installed packages in /opt/ros/humble
[0.229s] Level 1:colcon.colcon_core.package_discovery:discover_packages(prefix_path) using defaults
[0.262s] Level 5:colcon.colcon_core.verb:set package 'leg_assembly' build argument 'cmake_args' from command line to 'None'
[0.262s] Level 5:colcon.colcon_core.verb:set package 'leg_assembly' build argument 'cmake_target' from command line to 'None'
[0.262s] Level 5:colcon.colcon_core.verb:set package 'leg_assembly' build argument 'cmake_target_skip_unavailable' from command line to 'False'
[0.262s] Level 5:colcon.colcon_core.verb:set package 'leg_assembly' build argument 'cmake_clean_cache' from command line to 'False'
[0.262s] Level 5:colcon.colcon_core.verb:set package 'leg_assembly' build argument 'cmake_clean_first' from command line to 'False'
[0.262s] Level 5:colcon.colcon_core.verb:set package 'leg_assembly' build argument 'cmake_force_configure' from command line to 'False'
[0.262s] Level 5:colcon.colcon_core.verb:set package 'leg_assembly' build argument 'ament_cmake_args' from command line to 'None'
[0.262s] Level 5:colcon.colcon_core.verb:set package 'leg_assembly' build argument 'catkin_cmake_args' from command line to 'None'
[0.262s] Level 5:colcon.colcon_core.verb:set package 'leg_assembly' build argument 'catkin_skip_building_tests' from command line to 'False'
[0.262s] DEBUG:colcon.colcon_core.verb:Building package 'leg_assembly' with the following arguments: {'ament_cmake_args': None, 'build_base': '/home/adithya/gz_ws/build/leg_assembly', 'catkin_cmake_args': None, 'catkin_skip_building_tests': False, 'cmake_args': None, 'cmake_clean_cache': False, 'cmake_clean_first': False, 'cmake_force_configure': False, 'cmake_target': None, 'cmake_target_skip_unavailable': False, 'install_base': '/home/adithya/gz_ws/install/leg_assembly', 'merge_install': False, 'path': '/home/adithya/gz_ws/src/leg_assembly', 'symlink_install': False, 'test_result_base': None}
[0.263s] Level 5:colcon.colcon_core.verb:set package 'teleop_collision' build argument 'cmake_args' from command line to 'None'
[0.263s] Level 5:colcon.colcon_core.verb:set package 'teleop_collision' build argument 'cmake_target' from command line to 'None'
[0.263s] Level 5:colcon.colcon_core.verb:set package 'teleop_collision' build argument 'cmake_target_skip_unavailable' from command line to 'False'
[0.263s] Level 5:colcon.colcon_core.verb:set package 'teleop_collision' build argument 'cmake_clean_cache' from command line to 'False'
[0.263s] Level 5:colcon.colcon_core.verb:set package 'teleop_collision' build argument 'cmake_clean_first' from command line to 'False'
[0.263s] Level 5:colcon.colcon_core.verb:set package 'teleop_collision' build argument 'cmake_force_configure' from command line to 'False'
[0.263s] Level 5:colcon.colcon_core.verb:set package 'teleop_collision' build argument 'ament_cmake_args' from command line to 'None'
[0.263s] Level 5:colcon.colcon_core.verb:set package 'teleop_collision' build argument 'catkin_cmake_args' from command line to 'None'
[0.263s] Level 5:colcon.colcon_core.verb:set package 'teleop_collision' build argument 'catkin_skip_building_tests' from command line to 'False'
[0.263s] DEBUG:colcon.colcon_core.verb:Building package 'teleop_collision' with the following arguments: {'ament_cmake_args': None, 'build_base': '/home/adithya/gz_ws/build/teleop_collision', 'catkin_cmake_args': None, 'catkin_skip_building_tests': False, 'cmake_args': None, 'cmake_clean_cache': False, 'cmake_clean_first': False, 'cmake_force_configure': False, 'cmake_target': None, 'cmake_target_skip_unavailable': False, 'install_base': '/home/adithya/gz_ws/install/teleop_collision', 'merge_install': False, 'path': '/home/adithya/gz_ws/src/teleop_collision', 'symlink_install': False, 'test_result_base': None}
[0.263s] Level 5:colcon.colcon_core.verb:set package 'leg_assembly_moveit_config' build argument 'cmake_args' from command line to 'None'
[0.263s] Level 5:colcon.colcon_core.verb:set package 'leg_assembly_moveit_config' build argument 'cmake_target' from command line to 'None'
[0.263s] Level 5:colcon.colcon_core.verb:set package 'leg_assembly_moveit_config' build argument 'cmake_target_skip_unavailable' from command line to 'False'
[0.263s] Level 5:colcon.colcon_core.verb:set package 'leg_assembly_moveit_config' build argument 'cmake_clean_cache' from command line to 'False'
[0.263s] Level 5:colcon.colcon_core.verb:set package 'leg_assembly_moveit_config' build argument 'cmake_clean_first' from command line to 'False'
[0.263s] Level 5:colcon.colcon_core.verb:set package 'leg_assembly_moveit_config' build argument 'cmake_force_configure' from command line to 'False'
[0.263s] Level 5:colcon.colcon_core.verb:set package 'leg_assembly_moveit_config' build argument 'ament_cmake_args' from command line to 'None'
[0.263s] Level 5:colcon.colcon_core.verb:set package 'leg_assembly_moveit_config' build argument 'catkin_cmake_args' from command line to 'None'
[0.263s] Level 5:colcon.colcon_core.verb:set package 'leg_assembly_moveit_config' build argument 'catkin_skip_building_tests' from command line to 'False'
[0.263s] DEBUG:colcon.colcon_core.verb:Building package 'leg_assembly_moveit_config' with the following arguments: {'ament_cmake_args': None, 'build_base': '/home/adithya/gz_ws/build/leg_assembly_moveit_config', 'catkin_cmake_args': None, 'catkin_skip_building_tests': False, 'cmake_args': None, 'cmake_clean_cache': False, 'cmake_clean_first': False, 'cmake_force_configure': False, 'cmake_target': None, 'cmake_target_skip_unavailable': False, 'install_base': '/home/adithya/gz_ws/install/leg_assembly_moveit_config', 'merge_install': False, 'path': '/home/adithya/gz_ws/src/leg_assembly_moveit_config', 'symlink_install': False, 'test_result_base': None}
[0.263s] INFO:colcon.colcon_core.executor:Executing jobs using 'parallel' executor
[0.264s] DEBUG:colcon.colcon_parallel_executor.executor.parallel:run_until_complete
[0.264s] INFO:colcon.colcon_ros.task.ament_cmake.build:Building ROS package in '/home/adithya/gz_ws/src/leg_assembly' with build type 'ament_cmake'
[0.264s] INFO:colcon.colcon_cmake.task.cmake.build:Building CMake package in '/home/adithya/gz_ws/src/leg_assembly'
[0.266s] INFO:colcon.colcon_core.plugin_system:Skipping extension 'colcon_core.shell.bat': Not used on non-Windows systems
[0.266s] INFO:colcon.colcon_core.shell:Skip shell extension 'powershell' for command environment: Not usable outside of PowerShell
[0.266s] DEBUG:colcon.colcon_core.shell:Skip shell extension 'dsv' for command environment
[0.268s] INFO:colcon.colcon_ros.task.ament_cmake.build:Building ROS package in '/home/adithya/gz_ws/src/teleop_collision' with build type 'ament_cmake'
[0.268s] INFO:colcon.colcon_cmake.task.cmake.build:Building CMake package in '/home/adithya/gz_ws/src/teleop_collision'
[0.269s] INFO:colcon.colcon_core.shell:Skip shell extension 'powershell' for command environment: Not usable outside of PowerShell
[0.269s] DEBUG:colcon.colcon_core.shell:Skip shell extension 'dsv' for command environment
[0.273s] DEBUG:colcon.colcon_core.event_handler.log_command:Invoking command in '/home/adithya/gz_ws/build/leg_assembly': CMAKE_PREFIX_PATH=/opt/ros/humble /usr/bin/cmake --build /home/adithya/gz_ws/build/leg_assembly -- -j16 -l16
[0.277s] DEBUG:colcon.colcon_core.event_handler.log_command:Invoking command in '/home/adithya/gz_ws/build/teleop_collision': CMAKE_PREFIX_PATH=/opt/ros/humble /usr/bin/cmake --build /home/adithya/gz_ws/build/teleop_collision -- -j16 -l16
[0.310s] DEBUG:colcon.colcon_core.event_handler.log_command:Invoked command in '/home/adithya/gz_ws/build/leg_assembly' returned '0': CMAKE_PREFIX_PATH=/opt/ros/humble /usr/bin/cmake --build /home/adithya/gz_ws/build/leg_assembly -- -j16 -l16
[0.318s] DEBUG:colcon.colcon_core.event_handler.log_command:Invoking command in '/home/adithya/gz_ws/build/leg_assembly': CMAKE_PREFIX_PATH=/opt/ros/humble /usr/bin/cmake --install /home/adithya/gz_ws/build/leg_assembly
[0.326s] Level 1:colcon.colcon_core.environment:create_environment_scripts_only(leg_assembly)
[0.327s] DEBUG:colcon.colcon_core.event_handler.log_command:Invoked command in '/home/adithya/gz_ws/build/leg_assembly' returned '0': CMAKE_PREFIX_PATH=/opt/ros/humble /usr/bin/cmake --install /home/adithya/gz_ws/build/leg_assembly
[0.328s] Level 1:colcon.colcon_core.environment:checking '/home/adithya/gz_ws/install/leg_assembly' for CMake module files
[0.328s] Level 1:colcon.colcon_core.environment:checking '/home/adithya/gz_ws/install/leg_assembly' for CMake config files
[0.328s] Level 1:colcon.colcon_core.shell:create_environment_hook('leg_assembly', 'cmake_prefix_path')
[0.329s] INFO:colcon.colcon_core.shell:Creating environment hook '/home/adithya/gz_ws/install/leg_assembly/share/leg_assembly/hook/cmake_prefix_path.ps1'
[0.329s] INFO:colcon.colcon_core.shell:Creating environment descriptor '/home/adithya/gz_ws/install/leg_assembly/share/leg_assembly/hook/cmake_prefix_path.dsv'
[0.329s] INFO:colcon.colcon_core.shell:Creating environment hook '/home/adithya/gz_ws/install/leg_assembly/share/leg_assembly/hook/cmake_prefix_path.sh'
[0.330s] Level 1:colcon.colcon_core.environment:checking '/home/adithya/gz_ws/install/leg_assembly/bin'
[0.331s] Level 1:colcon.colcon_core.environment:checking '/home/adithya/gz_ws/install/leg_assembly/lib/pkgconfig/leg_assembly.pc'
[0.331s] Level 1:colcon.colcon_core.environment:checking '/home/adithya/gz_ws/install/leg_assembly/lib/python3.10/site-packages'
[0.331s] Level 1:colcon.colcon_core.environment:checking '/home/adithya/gz_ws/install/leg_assembly/bin'
[0.331s] INFO:colcon.colcon_core.shell:Creating package script '/home/adithya/gz_ws/install/leg_assembly/share/leg_assembly/package.ps1'
[0.332s] INFO:colcon.colcon_core.shell:Creating package descriptor '/home/adithya/gz_ws/install/leg_assembly/share/leg_assembly/package.dsv'
[0.332s] INFO:colcon.colcon_core.shell:Creating package script '/home/adithya/gz_ws/install/leg_assembly/share/leg_assembly/package.sh'
[0.333s] INFO:colcon.colcon_core.shell:Creating package script '/home/adithya/gz_ws/install/leg_assembly/share/leg_assembly/package.bash'
[0.333s] INFO:colcon.colcon_core.shell:Creating package script '/home/adithya/gz_ws/install/leg_assembly/share/leg_assembly/package.zsh'
[0.334s] Level 1:colcon.colcon_core.environment:create_file_with_runtime_dependencies(/home/adithya/gz_ws/install/leg_assembly/share/colcon-core/packages/leg_assembly)
[0.334s] Level 1:colcon.colcon_core.environment:create_environment_scripts_only(leg_assembly)
[0.334s] Level 1:colcon.colcon_core.environment:checking '/home/adithya/gz_ws/install/leg_assembly' for CMake module files
[0.335s] Level 1:colcon.colcon_core.environment:checking '/home/adithya/gz_ws/install/leg_assembly' for CMake config files
[0.335s] Level 1:colcon.colcon_core.shell:create_environment_hook('leg_assembly', 'cmake_prefix_path')
[0.335s] INFO:colcon.colcon_core.shell:Creating environment hook '/home/adithya/gz_ws/install/leg_assembly/share/leg_assembly/hook/cmake_prefix_path.ps1'
[0.335s] INFO:colcon.colcon_core.shell:Creating environment descriptor '/home/adithya/gz_ws/install/leg_assembly/share/leg_assembly/hook/cmake_prefix_path.dsv'
[0.336s] INFO:colcon.colcon_core.shell:Creating environment hook '/home/adithya/gz_ws/install/leg_assembly/share/leg_assembly/hook/cmake_prefix_path.sh'
[0.336s] Level 1:colcon.colcon_core.environment:checking '/home/adithya/gz_ws/install/leg_assembly/bin'
[0.336s] Level 1:colcon.colcon_core.environment:checking '/home/adithya/gz_ws/install/leg_assembly/lib/pkgconfig/leg_assembly.pc'
[0.336s] Level 1:colcon.colcon_core.environment:checking '/home/adithya/gz_ws/install/leg_assembly/lib/python3.10/site-packages'
[0.336s] Level 1:colcon.colcon_core.environment:checking '/home/adithya/gz_ws/install/leg_assembly/bin'
[0.337s] INFO:colcon.colcon_core.shell:Creating package script '/home/adithya/gz_ws/install/leg_assembly/share/leg_assembly/package.ps1'
[0.337s] INFO:colcon.colcon_core.shell:Creating package descriptor '/home/adithya/gz_ws/install/leg_assembly/share/leg_assembly/package.dsv'
[0.338s] INFO:colcon.colcon_core.shell:Creating package script '/home/adithya/gz_ws/install/leg_assembly/share/leg_assembly/package.sh'
[0.338s] INFO:colcon.colcon_core.shell:Creating package script '/home/adithya/gz_ws/install/leg_assembly/share/leg_assembly/package.bash'
[0.338s] INFO:colcon.colcon_core.shell:Creating package script '/home/adithya/gz_ws/install/leg_assembly/share/leg_assembly/package.zsh'
[0.338s] Level 1:colcon.colcon_core.environment:create_file_with_runtime_dependencies(/home/adithya/gz_ws/install/leg_assembly/share/colcon-core/packages/leg_assembly)
[0.339s] INFO:colcon.colcon_ros.task.ament_cmake.build:Building ROS package in '/home/adithya/gz_ws/src/leg_assembly_moveit_config' with build type 'ament_cmake'
[0.339s] INFO:colcon.colcon_cmake.task.cmake.build:Building CMake package in '/home/adithya/gz_ws/src/leg_assembly_moveit_config'
[0.339s] INFO:colcon.colcon_core.shell:Skip shell extension 'powershell' for command environment: Not usable outside of PowerShell
[0.339s] DEBUG:colcon.colcon_core.shell:Skip shell extension 'dsv' for command environment
[0.345s] DEBUG:colcon.colcon_core.event_handler.log_command:Invoking command in '/home/adithya/gz_ws/build/leg_assembly_moveit_config': AMENT_PREFIX_PATH=/home/adithya/gz_ws/install/leg_assembly:${AMENT_PREFIX_PATH} CMAKE_PREFIX_PATH=/home/adithya/gz_ws/install/leg_assembly:/opt/ros/humble /usr/bin/cmake --build /home/adithya/gz_ws/build/leg_assembly_moveit_config -- -j16 -l16
[0.380s] DEBUG:colcon.colcon_core.event_handler.log_command:Invoked command in '/home/adithya/gz_ws/build/leg_assembly_moveit_config' returned '0': AMENT_PREFIX_PATH=/home/adithya/gz_ws/install/leg_assembly:${AMENT_PREFIX_PATH} CMAKE_PREFIX_PATH=/home/adithya/gz_ws/install/leg_assembly:/opt/ros/humble /usr/bin/cmake --build /home/adithya/gz_ws/build/leg_assembly_moveit_config -- -j16 -l16
[0.381s] DEBUG:colcon.colcon_core.event_handler.log_command:Invoking command in '/home/adithya/gz_ws/build/leg_assembly_moveit_config': AMENT_PREFIX_PATH=/home/adithya/gz_ws/install/leg_assembly:${AMENT_PREFIX_PATH} CMAKE_PREFIX_PATH=/home/adithya/gz_ws/install/leg_assembly:/opt/ros/humble /usr/bin/cmake --install /home/adithya/gz_ws/build/leg_assembly_moveit_config
[0.390s] Level 1:colcon.colcon_core.environment:create_environment_scripts_only(leg_assembly_moveit_config)
[0.390s] Level 1:colcon.colcon_core.environment:checking '/home/adithya/gz_ws/install/leg_assembly_moveit_config' for CMake module files
[0.390s] DEBUG:colcon.colcon_core.event_handler.log_command:Invoked command in '/home/adithya/gz_ws/build/leg_assembly_moveit_config' returned '0': AMENT_PREFIX_PATH=/home/adithya/gz_ws/install/leg_assembly:${AMENT_PREFIX_PATH} CMAKE_PREFIX_PATH=/home/adithya/gz_ws/install/leg_assembly:/opt/ros/humble /usr/bin/cmake --install /home/adithya/gz_ws/build/leg_assembly_moveit_config
[0.391s] Level 1:colcon.colcon_core.environment:checking '/home/adithya/gz_ws/install/leg_assembly_moveit_config' for CMake config files
[0.391s] Level 1:colcon.colcon_core.shell:create_environment_hook('leg_assembly_moveit_config', 'cmake_prefix_path')
[0.392s] INFO:colcon.colcon_core.shell:Creating environment hook '/home/adithya/gz_ws/install/leg_assembly_moveit_config/share/leg_assembly_moveit_config/hook/cmake_prefix_path.ps1'
[0.392s] INFO:colcon.colcon_core.shell:Creating environment descriptor '/home/adithya/gz_ws/install/leg_assembly_moveit_config/share/leg_assembly_moveit_config/hook/cmake_prefix_path.dsv'
[0.392s] INFO:colcon.colcon_core.shell:Creating environment hook '/home/adithya/gz_ws/install/leg_assembly_moveit_config/share/leg_assembly_moveit_config/hook/cmake_prefix_path.sh'
[0.393s] Level 1:colcon.colcon_core.environment:checking '/home/adithya/gz_ws/install/leg_assembly_moveit_config/bin'
[0.393s] Level 1:colcon.colcon_core.environment:checking '/home/adithya/gz_ws/install/leg_assembly_moveit_config/lib/pkgconfig/leg_assembly_moveit_config.pc'
[0.393s] Level 1:colcon.colcon_core.environment:checking '/home/adithya/gz_ws/install/leg_assembly_moveit_config/lib/python3.10/site-packages'
[0.393s] Level 1:colcon.colcon_core.environment:checking '/home/adithya/gz_ws/install/leg_assembly_moveit_config/bin'
[0.394s] INFO:colcon.colcon_core.shell:Creating package script '/home/adithya/gz_ws/install/leg_assembly_moveit_config/share/leg_assembly_moveit_config/package.ps1'
[0.394s] INFO:colcon.colcon_core.shell:Creating package descriptor '/home/adithya/gz_ws/install/leg_assembly_moveit_config/share/leg_assembly_moveit_config/package.dsv'
[0.394s] INFO:colcon.colcon_core.shell:Creating package script '/home/adithya/gz_ws/install/leg_assembly_moveit_config/share/leg_assembly_moveit_config/package.sh'
[0.394s] INFO:colcon.colcon_core.shell:Creating package script '/home/adithya/gz_ws/install/leg_assembly_moveit_config/share/leg_assembly_moveit_config/package.bash'
[0.395s] INFO:colcon.colcon_core.shell:Creating package script '/home/adithya/gz_ws/install/leg_assembly_moveit_config/share/leg_assembly_moveit_config/package.zsh'
[0.395s] Level 1:colcon.colcon_core.environment:create_file_with_runtime_dependencies(/home/adithya/gz_ws/install/leg_assembly_moveit_config/share/colcon-core/packages/leg_assembly_moveit_config)
[0.395s] Level 1:colcon.colcon_core.environment:create_environment_scripts_only(leg_assembly_moveit_config)
[0.395s] Level 1:colcon.colcon_core.environment:checking '/home/adithya/gz_ws/install/leg_assembly_moveit_config' for CMake module files
[0.396s] Level 1:colcon.colcon_core.environment:checking '/home/adithya/gz_ws/install/leg_assembly_moveit_config' for CMake config files
[0.396s] Level 1:colcon.colcon_core.shell:create_environment_hook('leg_assembly_moveit_config', 'cmake_prefix_path')
[0.396s] INFO:colcon.colcon_core.shell:Creating environment hook '/home/adithya/gz_ws/install/leg_assembly_moveit_config/share/leg_assembly_moveit_config/hook/cmake_prefix_path.ps1'
[0.396s] INFO:colcon.colcon_core.shell:Creating environment descriptor '/home/adithya/gz_ws/install/leg_assembly_moveit_config/share/leg_assembly_moveit_config/hook/cmake_prefix_path.dsv'
[0.396s] INFO:colcon.colcon_core.shell:Creating environment hook '/home/adithya/gz_ws/install/leg_assembly_moveit_config/share/leg_assembly_moveit_config/hook/cmake_prefix_path.sh'
[0.397s] Level 1:colcon.colcon_core.environment:checking '/home/adithya/gz_ws/install/leg_assembly_moveit_config/bin'
[0.397s] Level 1:colcon.colcon_core.environment:checking '/home/adithya/gz_ws/install/leg_assembly_moveit_config/lib/pkgconfig/leg_assembly_moveit_config.pc'
[0.397s] Level 1:colcon.colcon_core.environment:checking '/home/adithya/gz_ws/install/leg_assembly_moveit_config/lib/python3.10/site-packages'
[0.397s] Level 1:colcon.colcon_core.environment:checking '/home/adithya/gz_ws/install/leg_assembly_moveit_config/bin'
[0.397s] INFO:colcon.colcon_core.shell:Creating package script '/home/adithya/gz_ws/install/leg_assembly_moveit_config/share/leg_assembly_moveit_config/package.ps1'
[0.397s] INFO:colcon.colcon_core.shell:Creating package descriptor '/home/adithya/gz_ws/install/leg_assembly_moveit_config/share/leg_assembly_moveit_config/package.dsv'
[0.398s] INFO:colcon.colcon_core.shell:Creating package script '/home/adithya/gz_ws/install/leg_assembly_moveit_config/share/leg_assembly_moveit_config/package.sh'
[0.398s] INFO:colcon.colcon_core.shell:Creating package script '/home/adithya/gz_ws/install/leg_assembly_moveit_config/share/leg_assembly_moveit_config/package.bash'
[0.398s] INFO:colcon.colcon_core.shell:Creating package script '/home/adithya/gz_ws/install/leg_assembly_moveit_config/share/leg_assembly_moveit_config/package.zsh'
[0.399s] Level 1:colcon.colcon_core.environment:create_file_with_runtime_dependencies(/home/adithya/gz_ws/install/leg_assembly_moveit_config/share/colcon-core/packages/leg_assembly_moveit_config)
[13.313s] DEBUG:colcon.colcon_core.event_handler.log_command:Invoked command in '/home/adithya/gz_ws/build/teleop_collision' returned '0': CMAKE_PREFIX_PATH=/opt/ros/humble /usr/bin/cmake --build /home/adithya/gz_ws/build/teleop_collision -- -j16 -l16
[13.316s] DEBUG:colcon.colcon_core.event_handler.log_command:Invoking command in '/home/adithya/gz_ws/build/teleop_collision': CMAKE_PREFIX_PATH=/opt/ros/humble /usr/bin/cmake --install /home/adithya/gz_ws/build/teleop_collision
[13.345s] Level 1:colcon.colcon_core.environment:create_environment_scripts_only(teleop_collision)
[13.346s] DEBUG:colcon.colcon_core.event_handler.log_command:Invoked command in '/home/adithya/gz_ws/build/teleop_collision' returned '0': CMAKE_PREFIX_PATH=/opt/ros/humble /usr/bin/cmake --install /home/adithya/gz_ws/build/teleop_collision
[13.346s] Level 1:colcon.colcon_core.environment:checking '/home/adithya/gz_ws/install/teleop_collision' for CMake module files
[13.348s] Level 1:colcon.colcon_core.environment:checking '/home/adithya/gz_ws/install/teleop_collision' for CMake config files
[13.348s] Level 1:colcon.colcon_core.shell:create_environment_hook('teleop_collision', 'cmake_prefix_path')
[13.349s] INFO:colcon.colcon_core.shell:Creating environment hook '/home/adithya/gz_ws/install/teleop_collision/share/teleop_collision/hook/cmake_prefix_path.ps1'
[13.350s] INFO:colcon.colcon_core.shell:Creating environment descriptor '/home/adithya/gz_ws/install/teleop_collision/share/teleop_collision/hook/cmake_prefix_path.dsv'
[13.351s] INFO:colcon.colcon_core.shell:Creating environment hook '/home/adithya/gz_ws/install/teleop_collision/share/teleop_collision/hook/cmake_prefix_path.sh'
[13.353s] Level 1:colcon.colcon_core.environment:checking '/home/adithya/gz_ws/install/teleop_collision/lib'
[13.353s] Level 1:colcon.colcon_core.environment:checking '/home/adithya/gz_ws/install/teleop_collision/bin'
[13.353s] Level 1:colcon.colcon_core.environment:checking '/home/adithya/gz_ws/install/teleop_collision/lib/pkgconfig/teleop_collision.pc'
[13.354s] Level 1:colcon.colcon_core.environment:checking '/home/adithya/gz_ws/install/teleop_collision/lib/python3.10/site-packages'
[13.355s] Level 1:colcon.colcon_core.environment:checking '/home/adithya/gz_ws/install/teleop_collision/bin'
[13.355s] INFO:colcon.colcon_core.shell:Creating package script '/home/adithya/gz_ws/install/teleop_collision/share/teleop_collision/package.ps1'
[13.356s] INFO:colcon.colcon_core.shell:Creating package descriptor '/home/adithya/gz_ws/install/teleop_collision/share/teleop_collision/package.dsv'
[13.357s] INFO:colcon.colcon_core.shell:Creating package script '/home/adithya/gz_ws/install/teleop_collision/share/teleop_collision/package.sh'
[13.358s] INFO:colcon.colcon_core.shell:Creating package script '/home/adithya/gz_ws/install/teleop_collision/share/teleop_collision/package.bash'
[13.358s] INFO:colcon.colcon_core.shell:Creating package script '/home/adithya/gz_ws/install/teleop_collision/share/teleop_collision/package.zsh'
[13.359s] Level 1:colcon.colcon_core.environment:create_file_with_runtime_dependencies(/home/adithya/gz_ws/install/teleop_collision/share/colcon-core/packages/teleop_collision)
[13.360s] Level 1:colcon.colcon_core.environment:create_environment_scripts_only(teleop_collision)
[13.360s] Level 1:colcon.colcon_core.environment:checking '/home/adithya/gz_ws/install/teleop_collision' for CMake module files
[13.361s] Level 1:colcon.colcon_core.environment:checking '/home/adithya/gz_ws/install/teleop_collision' for CMake config files
[13.361s] Level 1:colcon.colcon_core.shell:create_environment_hook('teleop_collision', 'cmake_prefix_path')
[13.361s] INFO:colcon.colcon_core.shell:Creating environment hook '/home/adithya/gz_ws/install/teleop_collision/share/teleop_collision/hook/cmake_prefix_path.ps1'
[13.362s] INFO:colcon.colcon_core.shell:Creating environment descriptor '/home/adithya/gz_ws/install/teleop_collision/share/teleop_collision/hook/cmake_prefix_path.dsv'
[13.362s] INFO:colcon.colcon_core.shell:Creating environment hook '/home/adithya/gz_ws/install/teleop_collision/share/teleop_collision/hook/cmake_prefix_path.sh'
[13.363s] Level 1:colcon.colcon_core.environment:checking '/home/adithya/gz_ws/install/teleop_collision/lib'
[13.363s] Level 1:colcon.colcon_core.environment:checking '/home/adithya/gz_ws/install/teleop_collision/bin'
[13.363s] Level 1:colcon.colcon_core.environment:checking '/home/adithya/gz_ws/install/teleop_collision/lib/pkgconfig/teleop_collision.pc'
[13.363s] Level 1:colcon.colcon_core.environment:checking '/home/adithya/gz_ws/install/teleop_collision/lib/python3.10/site-packages'
[13.363s] Level 1:colcon.colcon_core.environment:checking '/home/adithya/gz_ws/install/teleop_collision/bin'
[13.364s] INFO:colcon.colcon_core.shell:Creating package script '/home/adithya/gz_ws/install/teleop_collision/share/teleop_collision/package.ps1'
[13.364s] INFO:colcon.colcon_core.shell:Creating package descriptor '/home/adithya/gz_ws/install/teleop_collision/share/teleop_collision/package.dsv'
[13.365s] INFO:colcon.colcon_core.shell:Creating package script '/home/adithya/gz_ws/install/teleop_collision/share/teleop_collision/package.sh'
[13.365s] INFO:colcon.colcon_core.shell:Creating package script '/home/adithya/gz_ws/install/teleop_collision/share/teleop_collision/package.bash'
[13.365s] INFO:colcon.colcon_core.shell:Creating package script '/home/adithya/gz_ws/install/teleop_collision/share/teleop_collision/package.zsh'
[13.365s] Level 1:colcon.colcon_core.environment:create_file_with_runtime_dependencies(/home/adithya/gz_ws/install/teleop_collision/share/colcon-core/packages/teleop_collision)
[13.366s] DEBUG:colcon.colcon_parallel_executor.executor.parallel:closing loop
[13.366s] DEBUG:colcon.colcon_parallel_executor.executor.parallel:loop closed
[13.366s] DEBUG:colcon.colcon_parallel_executor.executor.parallel:run_until_complete finished with '0'
[13.366s] DEBUG:colcon.colcon_core.event_reactor:joining thread
[13.370s] INFO:colcon.colcon_core.plugin_system:Skipping extension 'colcon_notification.desktop_notification.terminal_notifier': Not used on non-Darwin systems
[13.370s] INFO:colcon.colcon_core.plugin_system:Skipping extension 'colcon_notification.desktop_notification.win32': Not used on non-Windows systems
[13.370s] INFO:colcon.colcon_notification.desktop_notification:Sending desktop notification using 'notify2'
[13.387s] DEBUG:colcon.colcon_core.event_reactor:joined thread
[13.388s] INFO:colcon.colcon_core.shell:Creating prefix script '/home/adithya/gz_ws/install/local_setup.ps1'
[13.389s] INFO:colcon.colcon_core.shell:Creating prefix util module '/home/adithya/gz_ws/install/_local_setup_util_ps1.py'
[13.391s] INFO:colcon.colcon_core.shell:Creating prefix chain script '/home/adithya/gz_ws/install/setup.ps1'
[13.393s] INFO:colcon.colcon_core.shell:Creating prefix script '/home/adithya/gz_ws/install/local_setup.sh'
[13.394s] INFO:colcon.colcon_core.shell:Creating prefix util module '/home/adithya/gz_ws/install/_local_setup_util_sh.py'
[13.394s] INFO:colcon.colcon_core.shell:Creating prefix chain script '/home/adithya/gz_ws/install/setup.sh'
[13.396s] INFO:colcon.colcon_core.shell:Creating prefix script '/home/adithya/gz_ws/install/local_setup.bash'
[13.396s] INFO:colcon.colcon_core.shell:Creating prefix chain script '/home/adithya/gz_ws/install/setup.bash'
[13.397s] INFO:colcon.colcon_core.shell:Creating prefix script '/home/adithya/gz_ws/install/local_setup.zsh'
[13.398s] INFO:colcon.colcon_core.shell:Creating prefix chain script '/home/adithya/gz_ws/install/setup.zsh'
