[0.007s] Invoking command in '/home/adithya/gz_ws/build/teleop_collision': CMAKE_PREFIX_PATH=/opt/ros/humble /usr/bin/cmake --build /home/adithya/gz_ws/build/teleop_collision -- -j16 -l16
[0.080s] [ 50%] [32mBuilding CXX object CMakeFiles/teleop_collision.dir/src/teleop_collision.cpp.o[0m
[4.555s] [01m[K/home/adithya/gz_ws/src/teleop_collision/src/teleop_collision.cpp:237:27:[m[K [01;31m[Kerror: [m[K‘[01m[Kcontrol_msgs[m[K’ was not declared in this scope
[4.555s]   237 |     rclcpp_action::Client<[01;31m[Kcontrol_msgs[m[K::action::GripperCommand>::SharedPtr gripper_client_;
[4.555s]       |                           [01;31m[K^~~~~~~~~~~~[m[K
[4.555s] [01m[K/home/adithya/gz_ws/src/teleop_collision/src/teleop_collision.cpp:237:63:[m[K [01;31m[Kerror: [m[Ktemplate argument 1 is invalid
[4.555s]   237 |   rclcpp_action::Client<control_msgs::action::GripperCommand[01;31m[K>[m[K::SharedPtr gripper_client_;
[4.555s]       |                                                             [01;31m[K^[m[K
[4.555s] 
[4.555s] [01m[K/home/adithya/gz_ws/src/teleop_collision/src/teleop_collision.cpp:237:66:[m[K [01;31m[Kerror: [m[Kexpected ‘[01m[K;[m[K’ at end of member declaration
[4.555s]   237 | clcpp_action::Client<control_msgs::action::GripperCommand>::[01;31m[KSharedPtr[m[K gripper_client_;
[4.555s]       |                                                             [01;31m[K^~~~~~~~~[m[K
[4.555s]       |                                                                      [32m[K;[m[K
[4.560s] [01m[K/home/adithya/gz_ws/src/teleop_collision/src/teleop_collision.cpp:237:76:[m[K [01;31m[Kerror: [m[K‘[01m[Kgripper_client_[m[K’ does not name a type
[4.560s]   237 | on::Client<control_msgs::action::GripperCommand>::SharedPtr [01;31m[Kgripper_client_[m[K;
[4.560s]       |                                                             [01;31m[K^~~~~~~~~~~~~~~[m[K
[4.560s] 
[4.595s] [01m[K/home/adithya/gz_ws/src/teleop_collision/src/teleop_collision.cpp:[m[K In constructor ‘[01m[KTeleopWithCollision::TeleopWithCollision()[m[K’:
[4.595s] [01m[K/home/adithya/gz_ws/src/teleop_collision/src/teleop_collision.cpp:53:7:[m[K [01;31m[Kerror: [m[K‘[01m[Kgripper_client_[m[K’ was not declared in this scope
[4.595s]    53 |       [01;31m[Kgripper_client_[m[K =
[4.595s]       |       [01;31m[K^~~~~~~~~~~~~~~[m[K
[4.604s] [01m[K/home/adithya/gz_ws/src/teleop_collision/src/teleop_collision.cpp:54:50:[m[K [01;31m[Kerror: [m[K‘[01m[Kcontrol_msgs[m[K’ was not declared in this scope
[4.604s]    54 |                     rclcpp_action::create_client<[01;31m[Kcontrol_msgs[m[K::action::GripperCommand>(
[4.604s]       |                                                  [01;31m[K^~~~~~~~~~~~[m[K
[4.604s] [01m[K/home/adithya/gz_ws/src/teleop_collision/src/teleop_collision.cpp:54:36:[m[K [01;31m[Kerror: [m[Kparse error in template argument list
[4.604s]    54 |                     rclcpp_action::[01;31m[Kcreate_client<control_msgs::action::GripperCommand>[m[K(
[4.604s]       |                                    [01;31m[K^~~~~~~~~~~~~~~~~~~~~~~~~~~~~~~~~~~~~~~~~~~~~~~~~~~[m[K
[4.604s] [01m[K/home/adithya/gz_ws/src/teleop_collision/src/teleop_collision.cpp:54:87:[m[K [01;31m[Kerror: [m[Kno matching function for call to ‘[01m[Kcreate_client<<expression error> >(TeleopWithCollision*, const char [29])[m[K’
[4.604s]    54 |     [01;31m[Krclcpp_action::create_client<control_msgs::action::GripperCommand>([m[K
[4.604s]       |     [01;31m[K~~~~~~~~~~~~~~~~~~~~~~~~~~~~~~~~~~~~~~~~~~~~~~~~~~~~~~~~~~~~~~~~~~^[m[K
[4.604s] 
[4.604s]    55 | [01;31m[K      this,[m[K
[4.604s]       |       [01;31m[K~~~~~[m[K                                                            
[4.604s] 
[4.604s]    56 | [01;31m[K      "/hand_controller/gripper_cmd"[m[K
[4.605s]       |       [01;31m[K~~~~~~~~~~~~~~~~~~~~~~~~~~~~~~[m[K                                   
[4.605s] 
[4.605s]    57 | 
[4.605s]       |                                                                        
[4.605s] 
[4.605s] In file included from [01m[K/opt/ros/humble/include/rclcpp_action/rclcpp_action/rclcpp_action.hpp:38[m[K,
[4.605s]                  from [01m[K/home/adithya/gz_ws/src/teleop_collision/src/teleop_collision.cpp:7[m[K:
[4.605s] [01m[K/opt/ros/humble/include/rclcpp_action/rclcpp_action/create_client.hpp:44:1:[m[K [01;36m[Knote: [m[Kcandidate: ‘[01m[Ktemplate<class ActionT> typename rclcpp_action::Client<ActionT>::SharedPtr rclcpp_action::create_client(rclcpp::node_interfaces::NodeBaseInterface::SharedPtr, rclcpp::node_interfaces::NodeGraphInterface::SharedPtr, rclcpp::node_interfaces::NodeLoggingInterface::SharedPtr, rclcpp::node_interfaces::NodeWaitablesInterface::SharedPtr, const string&, rclcpp::CallbackGroup::SharedPtr, const rcl_action_client_options_t&)[m[K’
[4.605s]    44 | [01;36m[Kcreate_client[m[K(
[4.605s]       | [01;36m[K^~~~~~~~~~~~~[m[K
[4.605s] [01m[K/opt/ros/humble/include/rclcpp_action/rclcpp_action/create_client.hpp:44:1:[m[K [01;36m[Knote: [m[K  template argument deduction/substitution failed:
[4.605s] [01m[K/home/adithya/gz_ws/src/teleop_collision/src/teleop_collision.cpp:54:87:[m[K [01;31m[Kerror: [m[Ktemplate argument 1 is invalid
[4.605s]    54 |     [01;31m[Krclcpp_action::create_client<control_msgs::action::GripperCommand>([m[K
[4.605s]       |     [01;31m[K~~~~~~~~~~~~~~~~~~~~~~~~~~~~~~~~~~~~~~~~~~~~~~~~~~~~~~~~~~~~~~~~~~^[m[K
[4.605s] 
[4.605s]    55 | [01;31m[K      this,[m[K
[4.605s]       |       [01;31m[K~~~~~[m[K                                                            
[4.605s] 
[4.605s]    56 | [01;31m[K      "/hand_controller/gripper_cmd"[m[K
[4.605s]       |       [01;31m[K~~~~~~~~~~~~~~~~~~~~~~~~~~~~~~[m[K                                   
[4.605s] 
[4.605s]    57 | 
[4.605s]       |                                                                        
[4.605s] 
[4.605s] In file included from [01m[K/opt/ros/humble/include/rclcpp_action/rclcpp_action/rclcpp_action.hpp:38[m[K,
[4.605s]                  from [01m[K/home/adithya/gz_ws/src/teleop_collision/src/teleop_collision.cpp:7[m[K:
[4.605s] [01m[K/opt/ros/humble/include/rclcpp_action/rclcpp_action/create_client.hpp:105:1:[m[K [01;36m[Knote: [m[Kcandidate: ‘[01m[Ktemplate<class ActionT, class NodeT> typename rclcpp_action::Client<ActionT>::SharedPtr rclcpp_action::create_client(NodeT, const string&, rclcpp::CallbackGroup::SharedPtr, const rcl_action_client_options_t&)[m[K’
[4.605s]   105 | [01;36m[Kcreate_client[m[K(
[4.605s]       | [01;36m[K^~~~~~~~~~~~~[m[K
[4.605s] [01m[K/opt/ros/humble/include/rclcpp_action/rclcpp_action/create_client.hpp:105:1:[m[K [01;36m[Knote: [m[K  template argument deduction/substitution failed:
[4.606s] [01m[K/home/adithya/gz_ws/src/teleop_collision/src/teleop_collision.cpp:54:87:[m[K [01;31m[Kerror: [m[Ktemplate argument 1 is invalid
[4.606s]    54 |     [01;31m[Krclcpp_action::create_client<control_msgs::action::GripperCommand>([m[K
[4.606s]       |     [01;31m[K~~~~~~~~~~~~~~~~~~~~~~~~~~~~~~~~~~~~~~~~~~~~~~~~~~~~~~~~~~~~~~~~~~^[m[K
[4.606s] 
[4.606s]    55 | [01;31m[K      this,[m[K
[4.606s]       |       [01;31m[K~~~~~[m[K                                                            
[4.606s] 
[4.606s]    56 | [01;31m[K      "/hand_controller/gripper_cmd"[m[K
[4.606s]       |       [01;31m[K~~~~~~~~~~~~~~~~~~~~~~~~~~~~~~[m[K                                   
[4.606s] 
[4.606s]    57 | 
[4.606s]       |                                                                        
[4.606s] 
[5.050s] [01m[K/home/adithya/gz_ws/src/teleop_collision/src/teleop_collision.cpp:[m[K In member function ‘[01m[Kvoid TeleopWithCollision::closeGripper()[m[K’:
[5.050s] [01m[K/home/adithya/gz_ws/src/teleop_collision/src/teleop_collision.cpp:176:30:[m[K [01;31m[Kerror: [m[K‘[01m[Kgripper_client_[m[K’ was not declared in this scope
[5.050s]   176 |                         if (![01;31m[Kgripper_client_[m[K->wait_for_action_server(std::chrono::seconds(1))) {
[5.050s]       |                              [01;31m[K^~~~~~~~~~~~~~~[m[K
[5.050s] [01m[K/home/adithya/gz_ws/src/teleop_collision/src/teleop_collision.cpp:181:25:[m[K [01;31m[Kerror: [m[K‘[01m[Kcontrol_msgs[m[K’ has not been declared
[5.050s]   181 |                         [01;31m[Kcontrol_msgs[m[K::action::GripperCommand::Goal goal;
[5.050s]       |                         [01;31m[K^~~~~~~~~~~~[m[K
[5.055s] [01m[K/home/adithya/gz_ws/src/teleop_collision/src/teleop_collision.cpp:184:25:[m[K [01;31m[Kerror: [m[K‘[01m[Kgoal[m[K’ was not declared in this scope
[5.055s]   184 |                         [01;31m[Kgoal[m[K.command.position=rad;
[5.055s]       |                         [01;31m[K^~~~[m[K
[5.065s] [01m[K/home/adithya/gz_ws/src/teleop_collision/src/teleop_collision.cpp:188:25:[m[K [01;31m[Kerror: [m[K‘[01m[Kgripper_client_[m[K’ was not declared in this scope
[5.065s]   188 |                         [01;31m[Kgripper_client_[m[K->async_send_goal(goal);
[5.065s]       |                         [01;31m[K^~~~~~~~~~~~~~~[m[K
[5.077s] [01m[K/home/adithya/gz_ws/src/teleop_collision/src/teleop_collision.cpp:[m[K In member function ‘[01m[Kvoid TeleopWithCollision::openGripper()[m[K’:
[5.077s] [01m[K/home/adithya/gz_ws/src/teleop_collision/src/teleop_collision.cpp:208:29:[m[K [01;31m[Kerror: [m[K‘[01m[Kgripper_client_[m[K’ was not declared in this scope
[5.077s]   208 |                         if(![01;31m[Kgripper_client_[m[K->wait_for_action_server(std::chrono::seconds(1))){
[5.077s]       |                             [01;31m[K^~~~~~~~~~~~~~~[m[K
[5.077s] [01m[K/home/adithya/gz_ws/src/teleop_collision/src/teleop_collision.cpp:212:25:[m[K [01;31m[Kerror: [m[K‘[01m[Kcontrol_msgs[m[K’ has not been declared
[5.077s]   212 |                         [01;31m[Kcontrol_msgs[m[K::action::GripperCommand::Goal goal;
[5.077s]       |                         [01;31m[K^~~~~~~~~~~~[m[K
[5.082s] [01m[K/home/adithya/gz_ws/src/teleop_collision/src/teleop_collision.cpp:215:25:[m[K [01;31m[Kerror: [m[K‘[01m[Kgoal[m[K’ was not declared in this scope
[5.082s]   215 |                         [01;31m[Kgoal[m[K.command.position=rad;
[5.082s]       |                         [01;31m[K^~~~[m[K
[5.092s] [01m[K/home/adithya/gz_ws/src/teleop_collision/src/teleop_collision.cpp:219:25:[m[K [01;31m[Kerror: [m[K‘[01m[Kgripper_client_[m[K’ was not declared in this scope
[5.092s]   219 |                         [01;31m[Kgripper_client_[m[K->async_send_goal(goal);
[5.092s]       |                         [01;31m[K^~~~~~~~~~~~~~~[m[K
[8.635s] gmake[2]: *** [CMakeFiles/teleop_collision.dir/build.make:76: CMakeFiles/teleop_collision.dir/src/teleop_collision.cpp.o] Error 1
[8.635s] gmake[1]: *** [CMakeFiles/Makefile2:137: CMakeFiles/teleop_collision.dir/all] Error 2
[8.635s] gmake: *** [Makefile:146: all] Error 2
[8.638s] Invoked command in '/home/adithya/gz_ws/build/teleop_collision' returned '2': CMAKE_PREFIX_PATH=/opt/ros/humble /usr/bin/cmake --build /home/adithya/gz_ws/build/teleop_collision -- -j16 -l16
