[0.009s] Invoking command in '/home/adithya/gz_ws/build/leg_assembly': CMAKE_PREFIX_PATH=/opt/ros/humble /usr/bin/cmake --build /home/adithya/gz_ws/build/leg_assembly -- -j16 -l16
[0.044s] Invoked command in '/home/adithya/gz_ws/build/leg_assembly' returned '0': CMAKE_PREFIX_PATH=/opt/ros/humble /usr/bin/cmake --build /home/adithya/gz_ws/build/leg_assembly -- -j16 -l16
[0.052s] Invoking command in '/home/adithya/gz_ws/build/leg_assembly': CMAKE_PREFIX_PATH=/opt/ros/humble /usr/bin/cmake --install /home/adithya/gz_ws/build/leg_assembly
[0.057s] -- Install configuration: ""
[0.057s] -- Up-to-date: /home/adithya/gz_ws/install/leg_assembly/share/leg_assembly/config
[0.058s] -- Up-to-date: /home/adithya/gz_ws/install/leg_assembly/share/leg_assembly/config/joint_names_leg_assembly.yaml
[0.058s] -- Up-to-date: /home/adithya/gz_ws/install/leg_assembly/share/leg_assembly/launch
[0.058s] -- Up-to-date: /home/adithya/gz_ws/install/leg_assembly/share/leg_assembly/launch/gazebo.launch.py
[0.058s] -- Up-to-date: /home/adithya/gz_ws/install/leg_assembly/share/leg_assembly/launch/display.launch.py
[0.058s] -- Up-to-date: /home/adithya/gz_ws/install/leg_assembly/share/leg_assembly/launch/gazebo.launch
[0.058s] -- Up-to-date: /home/adithya/gz_ws/install/leg_assembly/share/leg_assembly/meshes
[0.058s] -- Up-to-date: /home/adithya/gz_ws/install/leg_assembly/share/leg_assembly/meshes/finger_link_right.STL
[0.059s] -- Up-to-date: /home/adithya/gz_ws/install/leg_assembly/share/leg_assembly/meshes/finger_tip_right.STL
[0.059s] -- Up-to-date: /home/adithya/gz_ws/install/leg_assembly/share/leg_assembly/meshes/finger_link_left.STL
[0.059s] -- Up-to-date: /home/adithya/gz_ws/install/leg_assembly/share/leg_assembly/meshes/finger_tip_left.STL
[0.059s] -- Up-to-date: /home/adithya/gz_ws/install/leg_assembly/share/leg_assembly/meshes/link_3.STL
[0.059s] -- Up-to-date: /home/adithya/gz_ws/install/leg_assembly/share/leg_assembly/meshes/link_1.STL
[0.059s] -- Up-to-date: /home/adithya/gz_ws/install/leg_assembly/share/leg_assembly/meshes/base_link.STL
[0.059s] -- Up-to-date: /home/adithya/gz_ws/install/leg_assembly/share/leg_assembly/meshes/end_effector.STL
[0.059s] -- Up-to-date: /home/adithya/gz_ws/install/leg_assembly/share/leg_assembly/meshes/link_4.STL
[0.060s] -- Up-to-date: /home/adithya/gz_ws/install/leg_assembly/share/leg_assembly/meshes/link_2.STL
[0.060s] -- Up-to-date: /home/adithya/gz_ws/install/leg_assembly/share/leg_assembly/urdf
[0.060s] -- Up-to-date: /home/adithya/gz_ws/install/leg_assembly/share/leg_assembly/urdf/leg_assembly.csv
[0.061s] -- Up-to-date: /home/adithya/gz_ws/install/leg_assembly/share/leg_assembly/urdf/leg_assembly_gpt.urdf
[0.061s] -- Up-to-date: /home/adithya/gz_ws/install/leg_assembly/share/leg_assembly/urdf/leg_assembly.urdf
[0.061s] -- Up-to-date: /home/adithya/gz_ws/install/leg_assembly/share/leg_assembly/worlds
[0.062s] -- Up-to-date: /home/adithya/gz_ws/install/leg_assembly/share/leg_assembly/worlds/empty_world.world
[0.062s] -- Up-to-date: /home/adithya/gz_ws/install/leg_assembly/share/leg_assembly/worlds/empty.world
[0.062s] -- Up-to-date: /home/adithya/gz_ws/install/leg_assembly/share/ament_index/resource_index/package_run_dependencies/leg_assembly
[0.062s] -- Up-to-date: /home/adithya/gz_ws/install/leg_assembly/share/ament_index/resource_index/parent_prefix_path/leg_assembly
[0.062s] -- Up-to-date: /home/adithya/gz_ws/install/leg_assembly/share/leg_assembly/environment/ament_prefix_path.sh
[0.062s] -- Up-to-date: /home/adithya/gz_ws/install/leg_assembly/share/leg_assembly/environment/ament_prefix_path.dsv
[0.062s] -- Up-to-date: /home/adithya/gz_ws/install/leg_assembly/share/leg_assembly/environment/path.sh
[0.062s] -- Up-to-date: /home/adithya/gz_ws/install/leg_assembly/share/leg_assembly/environment/path.dsv
[0.063s] -- Up-to-date: /home/adithya/gz_ws/install/leg_assembly/share/leg_assembly/local_setup.bash
[0.063s] -- Up-to-date: /home/adithya/gz_ws/install/leg_assembly/share/leg_assembly/local_setup.sh
[0.063s] -- Up-to-date: /home/adithya/gz_ws/install/leg_assembly/share/leg_assembly/local_setup.zsh
[0.063s] -- Up-to-date: /home/adithya/gz_ws/install/leg_assembly/share/leg_assembly/local_setup.dsv
[0.063s] -- Up-to-date: /home/adithya/gz_ws/install/leg_assembly/share/leg_assembly/package.dsv
[0.063s] -- Up-to-date: /home/adithya/gz_ws/install/leg_assembly/share/ament_index/resource_index/packages/leg_assembly
[0.064s] -- Up-to-date: /home/adithya/gz_ws/install/leg_assembly/share/leg_assembly/cmake/leg_assemblyConfig.cmake
[0.064s] -- Up-to-date: /home/adithya/gz_ws/install/leg_assembly/share/leg_assembly/cmake/leg_assemblyConfig-version.cmake
[0.064s] -- Up-to-date: /home/adithya/gz_ws/install/leg_assembly/share/leg_assembly/package.xml
[0.065s] Invoked command in '/home/adithya/gz_ws/build/leg_assembly' returned '0': CMAKE_PREFIX_PATH=/opt/ros/humble /usr/bin/cmake --install /home/adithya/gz_ws/build/leg_assembly
